Archive member included to satisfy reference by file (symbol)

/usr/lib/gcc/arm-none-eabi/10.3.1/../../../arm-none-eabi/lib/thumb/v7e-m+fp/hard/libc_nano.a(lib_a-atexit.o)
                              /usr/lib/gcc/arm-none-eabi/10.3.1/../../../arm-none-eabi/lib/thumb/v7e-m+fp/hard/crt0.o (atexit)
/usr/lib/gcc/arm-none-eabi/10.3.1/../../../arm-none-eabi/lib/thumb/v7e-m+fp/hard/libc_nano.a(lib_a-exit.o)
                              /usr/lib/gcc/arm-none-eabi/10.3.1/../../../arm-none-eabi/lib/thumb/v7e-m+fp/hard/crt0.o (exit)
/usr/lib/gcc/arm-none-eabi/10.3.1/../../../arm-none-eabi/lib/thumb/v7e-m+fp/hard/libc_nano.a(lib_a-fini.o)
                              /usr/lib/gcc/arm-none-eabi/10.3.1/../../../arm-none-eabi/lib/thumb/v7e-m+fp/hard/crt0.o (__libc_fini_array)
/usr/lib/gcc/arm-none-eabi/10.3.1/../../../arm-none-eabi/lib/thumb/v7e-m+fp/hard/libc_nano.a(lib_a-impure.o)
                              /usr/lib/gcc/arm-none-eabi/10.3.1/../../../arm-none-eabi/lib/thumb/v7e-m+fp/hard/libc_nano.a(lib_a-exit.o) (_global_impure_ptr)
/usr/lib/gcc/arm-none-eabi/10.3.1/../../../arm-none-eabi/lib/thumb/v7e-m+fp/hard/libc_nano.a(lib_a-init.o)
                              /usr/lib/gcc/arm-none-eabi/10.3.1/../../../arm-none-eabi/lib/thumb/v7e-m+fp/hard/crt0.o (__libc_init_array)
/usr/lib/gcc/arm-none-eabi/10.3.1/../../../arm-none-eabi/lib/thumb/v7e-m+fp/hard/libc_nano.a(lib_a-memcpy.o)
                              build/main.o (memcpy)
/usr/lib/gcc/arm-none-eabi/10.3.1/../../../arm-none-eabi/lib/thumb/v7e-m+fp/hard/libc_nano.a(lib_a-memset.o)
                              /usr/lib/gcc/arm-none-eabi/10.3.1/../../../arm-none-eabi/lib/thumb/v7e-m+fp/hard/crt0.o (memset)
/usr/lib/gcc/arm-none-eabi/10.3.1/../../../arm-none-eabi/lib/thumb/v7e-m+fp/hard/libc_nano.a(lib_a-__atexit.o)
                              /usr/lib/gcc/arm-none-eabi/10.3.1/../../../arm-none-eabi/lib/thumb/v7e-m+fp/hard/libc_nano.a(lib_a-atexit.o) (__register_exitproc)
/usr/lib/gcc/arm-none-eabi/10.3.1/../../../arm-none-eabi/lib/thumb/v7e-m+fp/hard/libc_nano.a(lib_a-__call_atexit.o)
                              /usr/lib/gcc/arm-none-eabi/10.3.1/../../../arm-none-eabi/lib/thumb/v7e-m+fp/hard/libc_nano.a(lib_a-__atexit.o) (__call_exitprocs)
/usr/lib/gcc/arm-none-eabi/10.3.1/../../../arm-none-eabi/lib/thumb/v7e-m+fp/hard/libnosys.a(_exit.o)
                              /usr/lib/gcc/arm-none-eabi/10.3.1/../../../arm-none-eabi/lib/thumb/v7e-m+fp/hard/libc_nano.a(lib_a-exit.o) (_exit)
/usr/lib/gcc/arm-none-eabi/10.3.1/thumb/v7e-m+fp/hard/libgcc.a(_aeabi_uldivmod.o)
                              build/stm32f4xx_hal_rcc.o (__aeabi_uldivmod)
/usr/lib/gcc/arm-none-eabi/10.3.1/thumb/v7e-m+fp/hard/libgcc.a(_udivmoddi4.o)
                              /usr/lib/gcc/arm-none-eabi/10.3.1/thumb/v7e-m+fp/hard/libgcc.a(_aeabi_uldivmod.o) (__udivmoddi4)
/usr/lib/gcc/arm-none-eabi/10.3.1/thumb/v7e-m+fp/hard/libgcc.a(_dvmd_tls.o)
                              /usr/lib/gcc/arm-none-eabi/10.3.1/thumb/v7e-m+fp/hard/libgcc.a(_aeabi_uldivmod.o) (__aeabi_ldiv0)

Discarded input sections

 .text          0x0000000000000000        0x0 /usr/lib/gcc/arm-none-eabi/10.3.1/thumb/v7e-m+fp/hard/crti.o
 .data          0x0000000000000000        0x0 /usr/lib/gcc/arm-none-eabi/10.3.1/thumb/v7e-m+fp/hard/crti.o
 .bss           0x0000000000000000        0x0 /usr/lib/gcc/arm-none-eabi/10.3.1/thumb/v7e-m+fp/hard/crti.o
 .data          0x0000000000000000        0x4 /usr/lib/gcc/arm-none-eabi/10.3.1/thumb/v7e-m+fp/hard/crtbegin.o
 .rodata        0x0000000000000000       0x24 /usr/lib/gcc/arm-none-eabi/10.3.1/thumb/v7e-m+fp/hard/crtbegin.o
 .text          0x0000000000000000       0x70 /usr/lib/gcc/arm-none-eabi/10.3.1/../../../arm-none-eabi/lib/thumb/v7e-m+fp/hard/crt0.o
 .data          0x0000000000000000        0x0 /usr/lib/gcc/arm-none-eabi/10.3.1/../../../arm-none-eabi/lib/thumb/v7e-m+fp/hard/crt0.o
 .bss           0x0000000000000000        0x0 /usr/lib/gcc/arm-none-eabi/10.3.1/../../../arm-none-eabi/lib/thumb/v7e-m+fp/hard/crt0.o
 .ARM.extab     0x0000000000000000        0x0 /usr/lib/gcc/arm-none-eabi/10.3.1/../../../arm-none-eabi/lib/thumb/v7e-m+fp/hard/crt0.o
 .ARM.exidx     0x0000000000000000       0x10 /usr/lib/gcc/arm-none-eabi/10.3.1/../../../arm-none-eabi/lib/thumb/v7e-m+fp/hard/crt0.o
 .debug_line    0x0000000000000000       0x87 /usr/lib/gcc/arm-none-eabi/10.3.1/../../../arm-none-eabi/lib/thumb/v7e-m+fp/hard/crt0.o
 .debug_info    0x0000000000000000       0x26 /usr/lib/gcc/arm-none-eabi/10.3.1/../../../arm-none-eabi/lib/thumb/v7e-m+fp/hard/crt0.o
 .debug_abbrev  0x0000000000000000       0x14 /usr/lib/gcc/arm-none-eabi/10.3.1/../../../arm-none-eabi/lib/thumb/v7e-m+fp/hard/crt0.o
 .debug_aranges
                0x0000000000000000       0x20 /usr/lib/gcc/arm-none-eabi/10.3.1/../../../arm-none-eabi/lib/thumb/v7e-m+fp/hard/crt0.o
 .debug_str     0x0000000000000000       0x98 /usr/lib/gcc/arm-none-eabi/10.3.1/../../../arm-none-eabi/lib/thumb/v7e-m+fp/hard/crt0.o
 .ARM.attributes
[...]
Memory Configuration

Name             Origin             Length             Attributes
RAM              0x0000000020000000 0x0000000000020000 xrw
FLASH            0x0000000008000000 0x0000000000080000 xr
*default*        0x0000000000000000 0xffffffffffffffff

Linker script and memory map

LOAD /usr/lib/gcc/arm-none-eabi/10.3.1/thumb/v7e-m+fp/hard/crti.o
LOAD /usr/lib/gcc/arm-none-eabi/10.3.1/thumb/v7e-m+fp/hard/crtbegin.o
LOAD /usr/lib/gcc/arm-none-eabi/10.3.1/../../../arm-none-eabi/lib/thumb/v7e-m+fp/hard/crt0.o
LOAD build/main.o
LOAD build/stm32f4xx_hal_msp.o
LOAD build/stm32f4xx_it.o
LOAD build/system_stm32f4xx.o
LOAD build/stm32f4xx_hal.o
LOAD build/stm32f4xx_hal_adc.o
LOAD build/stm32f4xx_hal_adc_ex.o
LOAD build/stm32f4xx_hal_cortex.o
LOAD build/stm32f4xx_hal_dac.o
LOAD build/stm32f4xx_hal_dac_ex.o
LOAD build/stm32f4xx_hal_dma.o
LOAD build/stm32f4xx_hal_dma_ex.o
LOAD build/stm32f4xx_hal_exti.o
LOAD build/stm32f4xx_hal_flash.o
LOAD build/stm32f4xx_hal_flash_ex.o
LOAD build/stm32f4xx_hal_flash_ramfunc.o
LOAD build/stm32f4xx_hal_gpio.o
LOAD build/stm32f4xx_hal_pwr.o
LOAD build/stm32f4xx_hal_pwr_ex.o
LOAD build/stm32f4xx_hal_rcc.o
LOAD build/stm32f4xx_hal_rcc_ex.o
LOAD build/stm32f4xx_hal_tim.o
LOAD build/stm32f4xx_hal_tim_ex.o
LOAD build/stm32f4xx_hal_uart.o
LOAD build/stm32f4xx_ll_adc.o
LOAD build/startup_stm32f446xx.o
LOAD /usr/lib/gcc/arm-none-eabi/10.3.1/../../../arm-none-eabi/lib/thumb/v7e-m+fp/hard/libc_nano.a
LOAD /usr/lib/gcc/arm-none-eabi/10.3.1/../../../arm-none-eabi/lib/thumb/v7e-m+fp/hard/libm.a
LOAD /usr/lib/gcc/arm-none-eabi/10.3.1/../../../arm-none-eabi/lib/thumb/v7e-m+fp/hard/libnosys.a
START GROUP
LOAD /usr/lib/gcc/arm-none-eabi/10.3.1/thumb/v7e-m+fp/hard/libgcc.a
LOAD /usr/lib/gcc/arm-none-eabi/10.3.1/../../../arm-none-eabi/lib/thumb/v7e-m+fp/hard/libc_nano.a
END GROUP
START GROUP
LOAD /usr/lib/gcc/arm-none-eabi/10.3.1/thumb/v7e-m+fp/hard/libgcc.a
LOAD /usr/lib/gcc/arm-none-eabi/10.3.1/../../../arm-none-eabi/lib/thumb/v7e-m+fp/hard/libc_nano.a
END GROUP
LOAD /usr/lib/gcc/arm-none-eabi/10.3.1/thumb/v7e-m+fp/hard/crtend.o
LOAD /usr/lib/gcc/arm-none-eabi/10.3.1/thumb/v7e-m+fp/hard/crtn.o
                0x0000000020020000                _estack = (ORIGIN (RAM) + LENGTH (RAM))
                0x0000000000000200                _Min_Heap_Size = 0x200
                0x0000000000000400                _Min_Stack_Size = 0x400

.isr_vector     0x0000000008000000      0x1c4
                0x0000000008000000                . = ALIGN (0x4)
 *(.isr_vector)
 .isr_vector    0x0000000008000000      0x1c4 build/startup_stm32f446xx.o
                0x0000000008000000                g_pfnVectors
                0x00000000080001c4                . = ALIGN (0x4)

.text           0x00000000080001c4     0x2fc0
                0x00000000080001c4                . = ALIGN (0x4)
 *(.text)
 .text          0x00000000080001c4       0x88 /usr/lib/gcc/arm-none-eabi/10.3.1/thumb/v7e-m+fp/hard/crtbegin.o
 .text          0x000000000800024c       0x48 /usr/lib/gcc/arm-none-eabi/10.3.1/../../../arm-none-eabi/lib/thumb/v7e-m+fp/hard/libc_nano.a(lib_a-init.o)
                0x000000000800024c                __libc_init_array
 .text          0x0000000008000294      0x134 /usr/lib/gcc/arm-none-eabi/10.3.1/../../../arm-none-eabi/lib/thumb/v7e-m+fp/hard/libc_nano.a(lib_a-memcpy.o)
                0x0000000008000294                memcpy
 .text          0x00000000080003c8       0xa4 /usr/lib/gcc/arm-none-eabi/10.3.1/../../../arm-none-eabi/lib/thumb/v7e-m+fp/hard/libc_nano.a(lib_a-memset.o)
                0x00000000080003c8                memset
 .text          0x000000000800046c       0x30 /usr/lib/gcc/arm-none-eabi/10.3.1/thumb/v7e-m+fp/hard/libgcc.a(_aeabi_uldivmod.o)
                0x000000000800046c                __aeabi_uldivmod
 .text          0x000000000800049c      0x2d0 /usr/lib/gcc/arm-none-eabi/10.3.1/thumb/v7e-m+fp/hard/libgcc.a(_udivmoddi4.o)
                0x000000000800049c                __udivmoddi4
 .text          0x000000000800076c        0x4 /usr/lib/gcc/arm-none-eabi/10.3.1/thumb/v7e-m+fp/hard/libgcc.a(_dvmd_tls.o)
                0x000000000800076c                __aeabi_ldiv0
                0x000000000800076c                __aeabi_idiv0
 *(.text*)
 .text.MX_GPIO_Init
                0x0000000008000770       0xa8 build/main.o
 .text.MX_DMA_Init
                0x0000000008000818       0x58 build/main.o
 .text.buildRamp
                0x0000000008000870       0x48 build/main.o
                0x0000000008000870                buildRamp
 .text.Error_Handler
                0x00000000080008b8        0x4 build/main.o
                0x00000000080008b8                Error_Handler
 .text.MX_ADC1_Init
                0x00000000080008bc       0x6c build/main.o
 .text.MX_USART2_UART_Init
                0x0000000008000928       0x34 build/main.o
 .text.MX_DAC_Init
                0x000000000800095c       0x40 build/main.o
 .text.MX_TIM2_Init
                0x000000000800099c       0xac build/main.o
 .text.SystemClock_Config
                0x0000000008000a48       0xa4 build/main.o
                0x0000000008000a48                SystemClock_Config
 .text.main     0x0000000008000aec       0xfc build/main.o
                0x0000000008000aec                main
 .text.HAL_ADC_ConvHalfCpltCallback
                0x0000000008000be8        0xc build/main.o
                0x0000000008000be8                HAL_ADC_ConvHalfCpltCallback
 .text.HAL_ADC_ConvCpltCallback
                0x0000000008000bf4        0xc build/main.o
                0x0000000008000bf4                HAL_ADC_ConvCpltCallback
 .text.HAL_MspInit
                0x0000000008000c00       0x40 build/stm32f4xx_hal_msp.o
                0x0000000008000c00                HAL_MspInit
 .text.HAL_ADC_MspInit
                0x0000000008000c40       0xbc build/stm32f4xx_hal_msp.o
                0x0000000008000c40                HAL_ADC_MspInit
 .text.HAL_DAC_MspInit
                0x0000000008000cfc       0xc0 build/stm32f4xx_hal_msp.o
                0x0000000008000cfc                HAL_DAC_MspInit
 .text.HAL_TIM_Base_MspInit
                0x0000000008000dbc       0x3c build/stm32f4xx_hal_msp.o
                0x0000000008000dbc                HAL_TIM_Base_MspInit
 .text.HAL_UART_MspInit
                0x0000000008000df8       0x70 build/stm32f4xx_hal_msp.o
                0x0000000008000df8                HAL_UART_MspInit
 .text.NMI_Handler
                0x0000000008000e68        0x2 build/stm32f4xx_it.o
                0x0000000008000e68                NMI_Handler
 .text.HardFault_Handler
                0x0000000008000e6a        0x2 build/stm32f4xx_it.o
                0x0000000008000e6a                HardFault_Handler
 .text.MemManage_Handler
                0x0000000008000e6c        0x2 build/stm32f4xx_it.o
                0x0000000008000e6c                MemManage_Handler
 .text.BusFault_Handler
                0x0000000008000e6e        0x2 build/stm32f4xx_it.o
                0x0000000008000e6e                BusFault_Handler
 .text.UsageFault_Handler
                0x0000000008000e70        0x2 build/stm32f4xx_it.o
                0x0000000008000e70                UsageFault_Handler
 .text.SVC_Handler
                0x0000000008000e72        0x2 build/stm32f4xx_it.o
                0x0000000008000e72                SVC_Handler
 .text.DebugMon_Handler
                0x0000000008000e74        0x2 build/stm32f4xx_it.o
                0x0000000008000e74                DebugMon_Handler
 .text.PendSV_Handler
                0x0000000008000e76        0x2 build/stm32f4xx_it.o
                0x0000000008000e76                PendSV_Handler
 .text.SysTick_Handler
                0x0000000008000e78        0x8 build/stm32f4xx_it.o
                0x0000000008000e78                SysTick_Handler
 .text.DMA1_Stream5_IRQHandler
                0x0000000008000e80       0x10 build/stm32f4xx_it.o
                0x0000000008000e80                DMA1_Stream5_IRQHandler
 .text.ADC_IRQHandler
                0x0000000008000e90       0x10 build/stm32f4xx_it.o
                0x0000000008000e90                ADC_IRQHandler
 .text.TIM2_IRQHandler
                0x0000000008000ea0       0x10 build/stm32f4xx_it.o
                0x0000000008000ea0                TIM2_IRQHandler
 .text.TIM6_DAC_IRQHandler
                0x0000000008000eb0       0x10 build/stm32f4xx_it.o
                0x0000000008000eb0                TIM6_DAC_IRQHandler
 .text.DMA2_Stream0_IRQHandler
                0x0000000008000ec0       0x10 build/stm32f4xx_it.o
                0x0000000008000ec0                DMA2_Stream0_IRQHandler
 .text.SystemInit
                0x0000000008000ed0       0x14 build/system_stm32f4xx.o
                0x0000000008000ed0                SystemInit
 .text.HAL_InitTick
                0x0000000008000ee4       0x4c build/stm32f4xx_hal.o
                0x0000000008000ee4                HAL_InitTick
 .text.HAL_Init
                0x0000000008000f30       0x34 build/stm32f4xx_hal.o
                0x0000000008000f30                HAL_Init
 .text.HAL_IncTick
                0x0000000008000f64       0x18 build/stm32f4xx_hal.o
                0x0000000008000f64                HAL_IncTick
 .text.HAL_GetTick
                0x0000000008000f7c        0xc build/stm32f4xx_hal.o
                0x0000000008000f7c                HAL_GetTick
 .text.ADC_Init
                0x0000000008000f88      0x134 build/stm32f4xx_hal_adc.o
 .text.HAL_ADC_Init
                0x00000000080010bc       0x56 build/stm32f4xx_hal_adc.o
                0x00000000080010bc                HAL_ADC_Init
 *fill*         0x0000000008001112        0x2 
 .text.HAL_ADC_Start_DMA
                0x0000000008001114      0x19c build/stm32f4xx_hal_adc.o
                0x0000000008001114                HAL_ADC_Start_DMA
 .text.ADC_DMAHalfConvCplt
                0x00000000080012b0        0xa build/stm32f4xx_hal_adc.o
 .text.HAL_ADC_LevelOutOfWindowCallback
                0x00000000080012ba        0x2 build/stm32f4xx_hal_adc.o
                0x00000000080012ba                HAL_ADC_LevelOutOfWindowCallback
 .text.HAL_ADC_ErrorCallback
                0x00000000080012bc        0x2 build/stm32f4xx_hal_adc.o
                0x00000000080012bc                HAL_ADC_ErrorCallback
 .text.HAL_ADC_IRQHandler
                0x00000000080012be      0x142 build/stm32f4xx_hal_adc.o
                0x00000000080012be                HAL_ADC_IRQHandler
 .text.ADC_DMAError
                0x0000000008001400       0x16 build/stm32f4xx_hal_adc.o
 .text.ADC_DMAConvCplt
                0x0000000008001416       0x72 build/stm32f4xx_hal_adc.o
 .text.HAL_ADC_ConfigChannel
                0x0000000008001488      0x1ac build/stm32f4xx_hal_adc.o
                0x0000000008001488                HAL_ADC_ConfigChannel
 .text.HAL_ADCEx_InjectedConvCpltCallback
                0x0000000008001634        0x2 build/stm32f4xx_hal_adc_ex.o
                0x0000000008001634                HAL_ADCEx_InjectedConvCpltCallback
 *fill*         0x0000000008001636        0x2 
 .text.HAL_NVIC_SetPriorityGrouping
                0x0000000008001638       0x24 build/stm32f4xx_hal_cortex.o
                0x0000000008001638                HAL_NVIC_SetPriorityGrouping
 .text.HAL_NVIC_SetPriority
                0x000000000800165c       0x70 build/stm32f4xx_hal_cortex.o
                0x000000000800165c                HAL_NVIC_SetPriority
 .text.HAL_NVIC_EnableIRQ
                0x00000000080016cc       0x1c build/stm32f4xx_hal_cortex.o
                0x00000000080016cc                HAL_NVIC_EnableIRQ
 .text.HAL_SYSTICK_Config
                0x00000000080016e8       0x28 build/stm32f4xx_hal_cortex.o
                0x00000000080016e8                HAL_SYSTICK_Config
 .text.HAL_DAC_Init
                0x0000000008001710       0x24 build/stm32f4xx_hal_dac.o
                0x0000000008001710                HAL_DAC_Init
 .text.HAL_DAC_Start_DMA
                0x0000000008001734       0xfc build/stm32f4xx_hal_dac.o
                0x0000000008001734                HAL_DAC_Start_DMA
 .text.HAL_DAC_ConvCpltCallbackCh1
                0x0000000008001830        0x2 build/stm32f4xx_hal_dac.o
                0x0000000008001830                HAL_DAC_ConvCpltCallbackCh1
 .text.DAC_DMAConvCpltCh1
                0x0000000008001832       0x10 build/stm32f4xx_hal_dac.o
                0x0000000008001832                DAC_DMAConvCpltCh1
 .text.HAL_DAC_ConvHalfCpltCallbackCh1
                0x0000000008001842        0x2 build/stm32f4xx_hal_dac.o
                0x0000000008001842                HAL_DAC_ConvHalfCpltCallbackCh1
 .text.DAC_DMAHalfConvCpltCh1
                0x0000000008001844        0xa build/stm32f4xx_hal_dac.o
                0x0000000008001844                DAC_DMAHalfConvCpltCh1
 .text.HAL_DAC_ErrorCallbackCh1
                0x000000000800184e        0x2 build/stm32f4xx_hal_dac.o
                0x000000000800184e                HAL_DAC_ErrorCallbackCh1
 .text.DAC_DMAErrorCh1
                0x0000000008001850       0x18 build/stm32f4xx_hal_dac.o
                0x0000000008001850                DAC_DMAErrorCh1
 .text.HAL_DAC_DMAUnderrunCallbackCh1
                0x0000000008001868        0x2 build/stm32f4xx_hal_dac.o
                0x0000000008001868                HAL_DAC_DMAUnderrunCallbackCh1
 .text.HAL_DAC_IRQHandler
                0x000000000800186a       0x70 build/stm32f4xx_hal_dac.o
                0x000000000800186a                HAL_DAC_IRQHandler
 .text.HAL_DAC_ConfigChannel
                0x00000000080018da       0x56 build/stm32f4xx_hal_dac.o
                0x00000000080018da                HAL_DAC_ConfigChannel
 .text.HAL_DACEx_ConvCpltCallbackCh2
                0x0000000008001930        0x2 build/stm32f4xx_hal_dac_ex.o
                0x0000000008001930                HAL_DACEx_ConvCpltCallbackCh2
 .text.HAL_DACEx_ConvHalfCpltCallbackCh2
                0x0000000008001932        0x2 build/stm32f4xx_hal_dac_ex.o
                0x0000000008001932                HAL_DACEx_ConvHalfCpltCallbackCh2
 .text.HAL_DACEx_ErrorCallbackCh2
                0x0000000008001934        0x2 build/stm32f4xx_hal_dac_ex.o
                0x0000000008001934                HAL_DACEx_ErrorCallbackCh2
 .text.HAL_DACEx_DMAUnderrunCallbackCh2
                0x0000000008001936        0x2 build/stm32f4xx_hal_dac_ex.o
                0x0000000008001936                HAL_DACEx_DMAUnderrunCallbackCh2
 .text.DAC_DMAConvCpltCh2
                0x0000000008001938       0x10 build/stm32f4xx_hal_dac_ex.o
                0x0000000008001938                DAC_DMAConvCpltCh2
 .text.DAC_DMAHalfConvCpltCh2
                0x0000000008001948        0xa build/stm32f4xx_hal_dac_ex.o
                0x0000000008001948                DAC_DMAHalfConvCpltCh2
 .text.DAC_DMAErrorCh2
                0x0000000008001952       0x18 build/stm32f4xx_hal_dac_ex.o
                0x0000000008001952                DAC_DMAErrorCh2
 .text.DMA_SetConfig
                0x000000000800196a       0x2c build/stm32f4xx_hal_dma.o
 *fill*         0x0000000008001996        0x2 
 .text.DMA_CalcBaseAndBitshift
                0x0000000008001998       0x44 build/stm32f4xx_hal_dma.o
 .text.DMA_CheckFifoParam
                0x00000000080019dc       0x8e build/stm32f4xx_hal_dma.o
 *fill*         0x0000000008001a6a        0x2 
 .text.HAL_DMA_Init
                0x0000000008001a6c       0xcc build/stm32f4xx_hal_dma.o
                0x0000000008001a6c                HAL_DMA_Init
 .text.HAL_DMA_Start_IT
                0x0000000008001b38       0x6a build/stm32f4xx_hal_dma.o
                0x0000000008001b38                HAL_DMA_Start_IT
 *fill*         0x0000000008001ba2        0x2 
 .text.HAL_DMA_IRQHandler
                0x0000000008001ba4      0x1dc build/stm32f4xx_hal_dma.o
                0x0000000008001ba4                HAL_DMA_IRQHandler
 .text.HAL_GPIO_Init
                0x0000000008001d80      0x1d8 build/stm32f4xx_hal_gpio.o
                0x0000000008001d80                HAL_GPIO_Init
 .text.HAL_GPIO_WritePin
                0x0000000008001f58        0xc build/stm32f4xx_hal_gpio.o
                0x0000000008001f58                HAL_GPIO_WritePin
 .text.HAL_GPIO_TogglePin
                0x0000000008001f64       0x12 build/stm32f4xx_hal_gpio.o
                0x0000000008001f64                HAL_GPIO_TogglePin
 *fill*         0x0000000008001f76        0x2 
 .text.HAL_RCC_ClockConfig
                0x0000000008001f78      0x160 build/stm32f4xx_hal_rcc.o
                0x0000000008001f78                HAL_RCC_ClockConfig
 .text.HAL_RCC_GetHCLKFreq
                0x00000000080020d8        0xc build/stm32f4xx_hal_rcc.o
                0x00000000080020d8                HAL_RCC_GetHCLKFreq
 .text.HAL_RCC_GetPCLK1Freq
                0x00000000080020e4       0x20 build/stm32f4xx_hal_rcc.o
                0x00000000080020e4                HAL_RCC_GetPCLK1Freq
 .text.HAL_RCC_GetPCLK2Freq
                0x0000000008002104       0x20 build/stm32f4xx_hal_rcc.o
                0x0000000008002104                HAL_RCC_GetPCLK2Freq
 .text.HAL_RCC_GetSysClockFreq
                0x0000000008002124      0x180 build/stm32f4xx_hal_rcc_ex.o
                0x0000000008002124                HAL_RCC_GetSysClockFreq
 .text.HAL_RCC_OscConfig
                0x00000000080022a4      0x444 build/stm32f4xx_hal_rcc_ex.o
                0x00000000080022a4                HAL_RCC_OscConfig
 .text.TIM_OC1_SetConfig
                0x00000000080026e8       0x68 build/stm32f4xx_hal_tim.o
 .text.TIM_OC3_SetConfig
                0x0000000008002750       0x70 build/stm32f4xx_hal_tim.o
 .text.TIM_OC4_SetConfig
                0x00000000080027c0       0x50 build/stm32f4xx_hal_tim.o
 .text.TIM_TI1_ConfigInputStage
                0x0000000008002810       0x26 build/stm32f4xx_hal_tim.o
 .text.TIM_TI2_ConfigInputStage
                0x0000000008002836       0x28 build/stm32f4xx_hal_tim.o
 .text.TIM_ITRx_SetConfig
                0x000000000800285e       0x10 build/stm32f4xx_hal_tim.o
 *fill*         0x000000000800286e        0x2 
 .text.HAL_TIM_Base_Start
                0x0000000008002870       0x7c build/stm32f4xx_hal_tim.o
                0x0000000008002870                HAL_TIM_Base_Start
 .text.HAL_TIM_PeriodElapsedCallback
                0x00000000080028ec        0x2 build/stm32f4xx_hal_tim.o
                0x00000000080028ec                HAL_TIM_PeriodElapsedCallback
 .text.HAL_TIM_OC_DelayElapsedCallback
                0x00000000080028ee        0x2 build/stm32f4xx_hal_tim.o
                0x00000000080028ee                HAL_TIM_OC_DelayElapsedCallback
 .text.HAL_TIM_IC_CaptureCallback
                0x00000000080028f0        0x2 build/stm32f4xx_hal_tim.o
                0x00000000080028f0                HAL_TIM_IC_CaptureCallback
 .text.HAL_TIM_PWM_PulseFinishedCallback
                0x00000000080028f2        0x2 build/stm32f4xx_hal_tim.o
                0x00000000080028f2                HAL_TIM_PWM_PulseFinishedCallback
 .text.HAL_TIM_TriggerCallback
                0x00000000080028f4        0x2 build/stm32f4xx_hal_tim.o
                0x00000000080028f4                HAL_TIM_TriggerCallback
 .text.HAL_TIM_IRQHandler
                0x00000000080028f6      0x17a build/stm32f4xx_hal_tim.o
                0x00000000080028f6                HAL_TIM_IRQHandler
 .text.TIM_Base_SetConfig
                0x0000000008002a70       0xc8 build/stm32f4xx_hal_tim.o
                0x0000000008002a70                TIM_Base_SetConfig
 .text.HAL_TIM_Base_Init
                0x0000000008002b38       0x58 build/stm32f4xx_hal_tim.o
                0x0000000008002b38                HAL_TIM_Base_Init
 .text.TIM_OC2_SetConfig
                0x0000000008002b90       0x70 build/stm32f4xx_hal_tim.o
                0x0000000008002b90                TIM_OC2_SetConfig
 .text.HAL_TIM_PWM_ConfigChannel
                0x0000000008002c00       0xdc build/stm32f4xx_hal_tim.o
                0x0000000008002c00                HAL_TIM_PWM_ConfigChannel
 .text.TIM_ETR_SetConfig
                0x0000000008002cdc       0x1a build/stm32f4xx_hal_tim.o
                0x0000000008002cdc                TIM_ETR_SetConfig
 .text.HAL_TIM_ConfigClockSource
                0x0000000008002cf6       0xfe build/stm32f4xx_hal_tim.o
                0x0000000008002cf6                HAL_TIM_ConfigClockSource
 .text.TIM_CCxChannelCmd
                0x0000000008002df4       0x1e build/stm32f4xx_hal_tim.o
                0x0000000008002df4                TIM_CCxChannelCmd
 *fill*         0x0000000008002e12        0x2 
 .text.HAL_TIM_PWM_Start
                0x0000000008002e14      0x104 build/stm32f4xx_hal_tim.o
                0x0000000008002e14                HAL_TIM_PWM_Start
 .text.HAL_TIMEx_MasterConfigSynchronization
                0x0000000008002f18       0x8c build/stm32f4xx_hal_tim_ex.o
                0x0000000008002f18                HAL_TIMEx_MasterConfigSynchronization
 .text.HAL_TIMEx_CommutCallback
                0x0000000008002fa4        0x2 build/stm32f4xx_hal_tim_ex.o
                0x0000000008002fa4                HAL_TIMEx_CommutCallback
 .text.HAL_TIMEx_BreakCallback
                0x0000000008002fa6        0x2 build/stm32f4xx_hal_tim_ex.o
                0x0000000008002fa6                HAL_TIMEx_BreakCallback
 .text.UART_SetConfig
                0x0000000008002fa8      0x110 build/stm32f4xx_hal_uart.o
 .text.HAL_UART_Init
                0x00000000080030b8       0x5e build/stm32f4xx_hal_uart.o
                0x00000000080030b8                HAL_UART_Init
 *fill*         0x0000000008003116        0x2 
 .text.Reset_Handler
                0x0000000008003118       0x50 build/startup_stm32f446xx.o
                0x0000000008003118                Reset_Handler
 .text.Default_Handler
                0x0000000008003168        0x2 build/startup_stm32f446xx.o
                0x0000000008003168                RTC_Alarm_IRQHandler
                0x0000000008003168                EXTI2_IRQHandler
                0x0000000008003168                TIM8_CC_IRQHandler
                0x0000000008003168                FMPI2C1_EV_IRQHandler
                0x0000000008003168                SPI4_IRQHandler
                0x0000000008003168                TIM1_CC_IRQHandler
                0x0000000008003168                DMA2_Stream5_IRQHandler
                0x0000000008003168                PVD_IRQHandler
                0x0000000008003168                SDIO_IRQHandler
                0x0000000008003168                TAMP_STAMP_IRQHandler
                0x0000000008003168                CAN2_RX1_IRQHandler
                0x0000000008003168                EXTI3_IRQHandler
                0x0000000008003168                TIM8_TRG_COM_TIM14_IRQHandler
                0x0000000008003168                TIM1_UP_TIM10_IRQHandler
                0x0000000008003168                TIM8_UP_TIM13_IRQHandler
                0x0000000008003168                I2C3_ER_IRQHandler
                0x0000000008003168                EXTI0_IRQHandler
                0x0000000008003168                I2C2_EV_IRQHandler
                0x0000000008003168                DMA1_Stream2_IRQHandler
                0x0000000008003168                CAN1_RX0_IRQHandler
                0x0000000008003168                FPU_IRQHandler
                0x0000000008003168                OTG_HS_WKUP_IRQHandler
                0x0000000008003168                CAN2_SCE_IRQHandler
                0x0000000008003168                DMA2_Stream2_IRQHandler
                0x0000000008003168                SPI1_IRQHandler
                0x0000000008003168                TIM1_BRK_TIM9_IRQHandler
                0x0000000008003168                DCMI_IRQHandler
                0x0000000008003168                CAN2_RX0_IRQHandler
                0x0000000008003168                DMA2_Stream3_IRQHandler
                0x0000000008003168                SAI2_IRQHandler
                0x0000000008003168                USART6_IRQHandler
                0x0000000008003168                USART3_IRQHandler
                0x0000000008003168                CAN1_RX1_IRQHandler
                0x0000000008003168                UART5_IRQHandler
                0x0000000008003168                TIM4_IRQHandler
                0x0000000008003168                QUADSPI_IRQHandler
                0x0000000008003168                I2C1_EV_IRQHandler
                0x0000000008003168                DMA1_Stream6_IRQHandler
                0x0000000008003168                DMA1_Stream1_IRQHandler
                0x0000000008003168                UART4_IRQHandler
                0x0000000008003168                TIM3_IRQHandler
                0x0000000008003168                RCC_IRQHandler
                0x0000000008003168                TIM8_BRK_TIM12_IRQHandler
                0x0000000008003168                Default_Handler
                0x0000000008003168                CEC_IRQHandler
                0x0000000008003168                EXTI15_10_IRQHandler
                0x0000000008003168                DMA1_Stream7_IRQHandler
                0x0000000008003168                TIM7_IRQHandler
                0x0000000008003168                CAN2_TX_IRQHandler
                0x0000000008003168                TIM5_IRQHandler
                0x0000000008003168                DMA2_Stream7_IRQHandler
                0x0000000008003168                I2C3_EV_IRQHandler
                0x0000000008003168                EXTI9_5_IRQHandler
                0x0000000008003168                RTC_WKUP_IRQHandler
                0x0000000008003168                SPDIF_RX_IRQHandler
                0x0000000008003168                SPI2_IRQHandler
                0x0000000008003168                OTG_HS_EP1_IN_IRQHandler
                0x0000000008003168                DMA1_Stream0_IRQHandler
                0x0000000008003168                CAN1_TX_IRQHandler
                0x0000000008003168                FMPI2C1_ER_IRQHandler
                0x0000000008003168                EXTI4_IRQHandler
                0x0000000008003168                OTG_HS_EP1_OUT_IRQHandler
                0x0000000008003168                WWDG_IRQHandler
                0x0000000008003168                OTG_FS_WKUP_IRQHandler
                0x0000000008003168                TIM1_TRG_COM_TIM11_IRQHandler
                0x0000000008003168                OTG_HS_IRQHandler
                0x0000000008003168                EXTI1_IRQHandler
                0x0000000008003168                USART2_IRQHandler
                0x0000000008003168                I2C2_ER_IRQHandler
                0x0000000008003168                DMA2_Stream1_IRQHandler
                0x0000000008003168                CAN1_SCE_IRQHandler
                0x0000000008003168                FLASH_IRQHandler
                0x0000000008003168                DMA2_Stream4_IRQHandler
                0x0000000008003168                USART1_IRQHandler
                0x0000000008003168                OTG_FS_IRQHandler
                0x0000000008003168                SPI3_IRQHandler
                0x0000000008003168                DMA1_Stream4_IRQHandler
                0x0000000008003168                I2C1_ER_IRQHandler
                0x0000000008003168                FMC_IRQHandler
                0x0000000008003168                DMA2_Stream6_IRQHandler
                0x0000000008003168                SAI1_IRQHandler
                0x0000000008003168                DMA1_Stream3_IRQHandler
 *(.glue_7)
 .glue_7        0x000000000800316a        0x0 linker stubs
 *(.glue_7t)
 .glue_7t       0x000000000800316a        0x0 linker stubs
 *(.eh_frame)
 *fill*         0x000000000800316a        0x2 
 .eh_frame      0x000000000800316c        0x0 /usr/lib/gcc/arm-none-eabi/10.3.1/thumb/v7e-m+fp/hard/crtbegin.o
 *(.init)
 .init          0x000000000800316c        0x4 /usr/lib/gcc/arm-none-eabi/10.3.1/thumb/v7e-m+fp/hard/crti.o
                0x000000000800316c                _init
 .init          0x0000000008003170        0x8 /usr/lib/gcc/arm-none-eabi/10.3.1/thumb/v7e-m+fp/hard/crtn.o
 *(.fini)
 .fini          0x0000000008003178        0x4 /usr/lib/gcc/arm-none-eabi/10.3.1/thumb/v7e-m+fp/hard/crti.o
                0x0000000008003178                _fini
 .fini          0x000000000800317c        0x8 /usr/lib/gcc/arm-none-eabi/10.3.1/thumb/v7e-m+fp/hard/crtn.o
                0x0000000008003184                . = ALIGN (0x4)
                0x0000000008003184                _etext = .

.vfp11_veneer   0x0000000008003184        0x0
 .vfp11_veneer  0x0000000008003184        0x0 linker stubs

.v4_bx          0x0000000008003184        0x0
 .v4_bx         0x0000000008003184        0x0 linker stubs

.iplt           0x0000000008003184        0x0
 .iplt          0x0000000008003184        0x0 /usr/lib/gcc/arm-none-eabi/10.3.1/thumb/v7e-m+fp/hard/crtbegin.o

.rodata         0x0000000008003184       0x20
                0x0000000008003184                . = ALIGN (0x4)
 *(.rodata)
 *(.rodata*)
 .rodata.AHBPrescTable
                0x0000000008003184       0x10 build/system_stm32f4xx.o
                0x0000000008003184                AHBPrescTable
 .rodata.APBPrescTable
                0x0000000008003194        0x8 build/system_stm32f4xx.o
                0x0000000008003194                APBPrescTable
 .rodata.flagBitshiftOffset.0
                0x000000000800319c        0x8 build/stm32f4xx_hal_dma.o
                0x00000000080031a4                . = ALIGN (0x4)

.ARM.extab
 *(.ARM.extab* .gnu.linkonce.armextab.*)

.ARM            0x00000000080031a4        0x8
                0x00000000080031a4                __exidx_start = .
 *(.ARM.exidx*)
 .ARM.exidx     0x00000000080031a4        0x8 /usr/lib/gcc/arm-none-eabi/10.3.1/thumb/v7e-m+fp/hard/libgcc.a(_udivmoddi4.o)
                0x00000000080031ac                __exidx_end = .

.rel.dyn        0x00000000080031ac        0x0
 .rel.iplt      0x00000000080031ac        0x0 /usr/lib/gcc/arm-none-eabi/10.3.1/thumb/v7e-m+fp/hard/crtbegin.o

.preinit_array  0x00000000080031ac        0x0
                0x00000000080031ac                PROVIDE (__preinit_array_start = .)
 *(.preinit_array*)
                0x00000000080031ac                PROVIDE (__preinit_array_end = .)

.init_array     0x00000000080031ac        0x4
                0x00000000080031ac                PROVIDE (__init_array_start = .)
 *(SORT_BY_NAME(.init_array.*))
 *(.init_array*)
 .init_array    0x00000000080031ac        0x4 /usr/lib/gcc/arm-none-eabi/10.3.1/thumb/v7e-m+fp/hard/crtbegin.o
                0x00000000080031b0                PROVIDE (__init_array_end = .)

.fini_array     0x00000000080031b0        0x4
                0x00000000080031b0                PROVIDE (__fini_array_start = .)
 *(SORT_BY_NAME(.fini_array.*))
 *(.fini_array*)
 .fini_array    0x00000000080031b0        0x4 /usr/lib/gcc/arm-none-eabi/10.3.1/thumb/v7e-m+fp/hard/crtbegin.o
                0x00000000080031b4                PROVIDE (__fini_array_end = .)
                0x00000000080031b4                _sidata = LOADADDR (.data)

.data           0x0000000020000000       0x10 load address 0x00000000080031b4
                0x0000000020000000                . = ALIGN (0x4)
                0x0000000020000000                _sdata = .
 *(.data)
 *(.data*)
 .data.rampMax  0x0000000020000000        0x2 build/main.o
                0x0000000020000000                rampMax
 *fill*         0x0000000020000002        0x2 
 .data.SystemCoreClock
                0x0000000020000004        0x4 build/system_stm32f4xx.o
                0x0000000020000004                SystemCoreClock
 .data.uwTickFreq
                0x0000000020000008        0x1 build/stm32f4xx_hal.o
                0x0000000020000008                uwTickFreq
 *fill*         0x0000000020000009        0x3 
 .data.uwTickPrio
                0x000000002000000c        0x4 build/stm32f4xx_hal.o
                0x000000002000000c                uwTickPrio
                0x0000000020000010                . = ALIGN (0x4)
                0x0000000020000010                _edata = .

.tm_clone_table
                0x0000000020000010        0x0 load address 0x00000000080031c4
 .tm_clone_table
                0x0000000020000010        0x0 /usr/lib/gcc/arm-none-eabi/10.3.1/thumb/v7e-m+fp/hard/crtbegin.o
 .tm_clone_table
                0x0000000020000010        0x0 /usr/lib/gcc/arm-none-eabi/10.3.1/thumb/v7e-m+fp/hard/crtend.o

.igot.plt       0x0000000020000010        0x0 load address 0x00000000080031c4
 .igot.plt      0x0000000020000010        0x0 /usr/lib/gcc/arm-none-eabi/10.3.1/thumb/v7e-m+fp/hard/crtbegin.o
                0x0000000020000010                . = ALIGN (0x4)

.bss            0x0000000020000010     0x81cc load address 0x00000000080031c4
                0x0000000020000010                _sbss = .
                0x0000000020000010                __bss_start__ = _sbss
 *(.bss)
 .bss           0x0000000020000010       0x1c /usr/lib/gcc/arm-none-eabi/10.3.1/thumb/v7e-m+fp/hard/crtbegin.o
 *(.bss*)
 .bss.Wave_LUT  0x000000002000002c     0x2000 build/main.o
                0x000000002000002c                Wave_LUT
 .bss.adc_val   0x000000002000202c     0x4000 build/main.o
                0x000000002000202c                adc_val
 .bss.hadc1     0x000000002000602c       0x48 build/main.o
                0x000000002000602c                hadc1
 .bss.hdac      0x0000000020006074       0x14 build/main.o
                0x0000000020006074                hdac
 .bss.hdma_adc1
                0x0000000020006088       0x60 build/main.o
                0x0000000020006088                hdma_adc1
 .bss.hdma_dac1
                0x00000000200060e8       0x60 build/main.o
                0x00000000200060e8                hdma_dac1
 .bss.htim2     0x0000000020006148       0x48 build/main.o
                0x0000000020006148                htim2
 .bss.huart2    0x0000000020006190       0x44 build/main.o
                0x0000000020006190                huart2
 .bss.rampMin   0x00000000200061d4        0x2 build/main.o
                0x00000000200061d4                rampMin
 .bss.ready_1_half
                0x00000000200061d6        0x1 build/main.o
                0x00000000200061d6                ready_1_half
 .bss.ready_2_half
                0x00000000200061d7        0x1 build/main.o
                0x00000000200061d7                ready_2_half
 .bss.txBuff    0x00000000200061d8     0x2000 build/main.o
                0x00000000200061d8                txBuff
 .bss.uwTick    0x00000000200081d8        0x4 build/stm32f4xx_hal.o
                0x00000000200081d8                uwTick
 *(COMMON)
                0x00000000200081dc                . = ALIGN (0x4)
                0x00000000200081dc                _ebss = .
                0x00000000200081dc                __bss_end__ = _ebss

._user_heap_stack
                0x00000000200081dc      0x604 load address 0x00000000080031c4
                0x00000000200081e0                . = ALIGN (0x8)
 *fill*         0x00000000200081dc        0x4 
                [!provide]                        PROVIDE (end = .)
                [!provide]                        PROVIDE (_end = .)
                0x00000000200083e0                . = (. + _Min_Heap_Size)
 *fill*         0x00000000200081e0      0x200 
                0x00000000200087e0                . = (. + _Min_Stack_Size)
 *fill*         0x00000000200083e0      0x400 
                0x00000000200087e0                . = ALIGN (0x8)

/DISCARD/
 libc.a(*)
 libm.a(*)
 libgcc.a(*)

.ARM.attributes
                0x0000000000000000       0x30
 *(.ARM.attributes)
 .ARM.attributes
                0x0000000000000000       0x1e /usr/lib/gcc/arm-none-eabi/10.3.1/thumb/v7e-m+fp/hard/crti.o
 .ARM.attributes
                0x000000000000001e       0x34 /usr/lib/gcc/arm-none-eabi/10.3.1/thumb/v7e-m+fp/hard/crtbegin.o
 .ARM.attributes
                0x0000000000000052       0x34 build/main.o
 .ARM.attributes
                0x0000000000000086       0x34 build/stm32f4xx_hal_msp.o
 .ARM.attributes
                0x00000000000000ba       0x34 build/stm32f4xx_it.o
 .ARM.attributes
                0x00000000000000ee       0x34 build/system_stm32f4xx.o
 .ARM.attributes
                0x0000000000000122       0x34 build/stm32f4xx_hal.o
 .ARM.attributes
                0x0000000000000156       0x34 build/stm32f4xx_hal_adc.o
 .ARM.attributes
                0x000000000000018a       0x34 build/stm32f4xx_hal_adc_ex.o
 .ARM.attributes
                0x00000000000001be       0x34 build/stm32f4xx_hal_cortex.o
 .ARM.attributes
                0x00000000000001f2       0x34 build/stm32f4xx_hal_dac.o
 .ARM.attributes
                0x0000000000000226       0x34 build/stm32f4xx_hal_dac_ex.o
 .ARM.attributes
                0x000000000000025a       0x34 build/stm32f4xx_hal_dma.o
 .ARM.attributes
                0x000000000000028e       0x34 build/stm32f4xx_hal_gpio.o
 .ARM.attributes
                0x00000000000002c2       0x34 build/stm32f4xx_hal_rcc.o
 .ARM.attributes
                0x00000000000002f6       0x34 build/stm32f4xx_hal_rcc_ex.o
 .ARM.attributes
                0x000000000000032a       0x34 build/stm32f4xx_hal_tim.o
 .ARM.attributes
                0x000000000000035e       0x34 build/stm32f4xx_hal_tim_ex.o
 .ARM.attributes
                0x0000000000000392       0x34 build/stm32f4xx_hal_uart.o
 .ARM.attributes
                0x00000000000003c6       0x21 build/startup_stm32f446xx.o
 .ARM.attributes
                0x00000000000003e7       0x34 /usr/lib/gcc/arm-none-eabi/10.3.1/../../../arm-none-eabi/lib/thumb/v7e-m+fp/hard/libc_nano.a(lib_a-init.o)
 .ARM.attributes
                0x000000000000041b       0x1c /usr/lib/gcc/arm-none-eabi/10.3.1/../../../arm-none-eabi/lib/thumb/v7e-m+fp/hard/libc_nano.a(lib_a-memcpy.o)
 .ARM.attributes
                0x0000000000000437       0x34 /usr/lib/gcc/arm-none-eabi/10.3.1/../../../arm-none-eabi/lib/thumb/v7e-m+fp/hard/libc_nano.a(lib_a-memset.o)
 .ARM.attributes
                0x000000000000046b       0x1e /usr/lib/gcc/arm-none-eabi/10.3.1/thumb/v7e-m+fp/hard/libgcc.a(_aeabi_uldivmod.o)
 .ARM.attributes
                0x0000000000000489       0x34 /usr/lib/gcc/arm-none-eabi/10.3.1/thumb/v7e-m+fp/hard/libgcc.a(_udivmoddi4.o)
 .ARM.attributes
                0x00000000000004bd       0x1e /usr/lib/gcc/arm-none-eabi/10.3.1/thumb/v7e-m+fp/hard/libgcc.a(_dvmd_tls.o)
 .ARM.attributes
                0x00000000000004db       0x32 /usr/lib/gcc/arm-none-eabi/10.3.1/thumb/v7e-m+fp/hard/crtend.o
 .ARM.attributes
                0x000000000000050d       0x1e /usr/lib/gcc/arm-none-eabi/10.3.1/thumb/v7e-m+fp/hard/crtn.o
OUTPUT(build/DAC_ADC_1.elf elf32-littlearm)
LOAD linker stubs
LOAD /usr/lib/gcc/arm-none-eabi/10.3.1/../../../arm-none-eabi/lib/thumb/v7e-m+fp/hard/libc.a
LOAD /usr/lib/gcc/arm-none-eabi/10.3.1/../../../arm-none-eabi/lib/thumb/v7e-m+fp/hard/libm.a
LOAD /usr/lib/gcc/arm-none-eabi/10.3.1/thumb/v7e-m+fp/hard/libgcc.a

.comment        0x0000000000000000       0x33
 .comment       0x0000000000000000       0x33 /usr/lib/gcc/arm-none-eabi/10.3.1/thumb/v7e-m+fp/hard/crtbegin.o
                                         0x34 (size before relaxing)
 .comment       0x0000000000000033       0x34 build/main.o
 .comment       0x0000000000000033       0x34 build/stm32f4xx_hal_msp.o
 .comment       0x0000000000000033       0x34 build/stm32f4xx_it.o
 .comment       0x0000000000000033       0x34 build/system_stm32f4xx.o
 .comment       0x0000000000000033       0x34 build/stm32f4xx_hal.o
 .comment       0x0000000000000033       0x34 build/stm32f4xx_hal_adc.o
 .comment       0x0000000000000033       0x34 build/stm32f4xx_hal_adc_ex.o
 .comment       0x0000000000000033       0x34 build/stm32f4xx_hal_cortex.o
 .comment       0x0000000000000033       0x34 build/stm32f4xx_hal_dac.o
 .comment       0x0000000000000033       0x34 build/stm32f4xx_hal_dac_ex.o
 .comment       0x0000000000000033       0x34 build/stm32f4xx_hal_dma.o
 .comment       0x0000000000000033       0x34 build/stm32f4xx_hal_gpio.o
 .comment       0x0000000000000033       0x34 build/stm32f4xx_hal_rcc.o
 .comment       0x0000000000000033       0x34 build/stm32f4xx_hal_rcc_ex.o
 .comment       0x0000000000000033       0x34 build/stm32f4xx_hal_tim.o
 .comment       0x0000000000000033       0x34 build/stm32f4xx_hal_tim_ex.o
 .comment       0x0000000000000033       0x34 build/stm32f4xx_hal_uart.o
 .comment       0x0000000000000033       0x34 /usr/lib/gcc/arm-none-eabi/10.3.1/../../../arm-none-eabi/lib/thumb/v7e-m+fp/hard/libc_nano.a(lib_a-init.o)
 .comment       0x0000000000000033       0x34 /usr/lib/gcc/arm-none-eabi/10.3.1/../../../arm-none-eabi/lib/thumb/v7e-m+fp/hard/libc_nano.a(lib_a-memset.o)
 .comment       0x0000000000000033       0x34 /usr/lib/gcc/arm-none-eabi/10.3.1/thumb/v7e-m+fp/hard/libgcc.a(_udivmoddi4.o)
 .comment       0x0000000000000033       0x34 /usr/lib/gcc/arm-none-eabi/10.3.1/thumb/v7e-m+fp/hard/crtend.o

.debug_info     0x0000000000000000    0x15f94
 .debug_info    0x0000000000000000     0x1ed8 build/main.o
 .debug_info    0x0000000000001ed8     0x16f0 build/stm32f4xx_hal_msp.o
 .debug_info    0x00000000000035c8      0xbfc build/stm32f4xx_it.o
 .debug_info    0x00000000000041c4      0x558 build/system_stm32f4xx.o
 .debug_info    0x000000000000471c      0xa3a build/stm32f4xx_hal.o
 .debug_info    0x0000000000005156      0xebd build/stm32f4xx_hal_adc.o
 .debug_info    0x0000000000006013      0xc86 build/stm32f4xx_hal_adc_ex.o
 .debug_info    0x0000000000006c99     0x1092 build/stm32f4xx_hal_cortex.o
 .debug_info    0x0000000000007d2b      0xb25 build/stm32f4xx_hal_dac.o
 .debug_info    0x0000000000008850      0x843 build/stm32f4xx_hal_dac_ex.o
 .debug_info    0x0000000000009093      0xb27 build/stm32f4xx_hal_dma.o
 .debug_info    0x0000000000009bba      0x7e0 build/stm32f4xx_hal_gpio.o
 .debug_info    0x000000000000a39a      0xb18 build/stm32f4xx_hal_rcc.o
 .debug_info    0x000000000000aeb2      0xcbf build/stm32f4xx_hal_rcc_ex.o
 .debug_info    0x000000000000bb71     0x3d43 build/stm32f4xx_hal_tim.o
 .debug_info    0x000000000000f8b4     0x1ac6 build/stm32f4xx_hal_tim_ex.o
 .debug_info    0x000000000001137a     0x421e build/stm32f4xx_hal_uart.o
 .debug_info    0x0000000000015598       0x22 build/startup_stm32f446xx.o
 .debug_info    0x00000000000155ba      0x11a /usr/lib/gcc/arm-none-eabi/10.3.1/../../../arm-none-eabi/lib/thumb/v7e-m+fp/hard/libc_nano.a(lib_a-init.o)
 .debug_info    0x00000000000156d4       0x26 /usr/lib/gcc/arm-none-eabi/10.3.1/../../../arm-none-eabi/lib/thumb/v7e-m+fp/hard/libc_nano.a(lib_a-memcpy.o)
 .debug_info    0x00000000000156fa      0x137 /usr/lib/gcc/arm-none-eabi/10.3.1/../../../arm-none-eabi/lib/thumb/v7e-m+fp/hard/libc_nano.a(lib_a-memset.o)
 .debug_info    0x0000000000015831       0x26 /usr/lib/gcc/arm-none-eabi/10.3.1/thumb/v7e-m+fp/hard/libgcc.a(_aeabi_uldivmod.o)
 .debug_info    0x0000000000015857      0x717 /usr/lib/gcc/arm-none-eabi/10.3.1/thumb/v7e-m+fp/hard/libgcc.a(_udivmoddi4.o)
 .debug_info    0x0000000000015f6e       0x26 /usr/lib/gcc/arm-none-eabi/10.3.1/thumb/v7e-m+fp/hard/libgcc.a(_dvmd_tls.o)

.debug_abbrev   0x0000000000000000     0x2a19
 .debug_abbrev  0x0000000000000000      0x331 build/main.o
 .debug_abbrev  0x0000000000000331      0x228 build/stm32f4xx_hal_msp.o
 .debug_abbrev  0x0000000000000559      0x1b9 build/stm32f4xx_it.o
 .debug_abbrev  0x0000000000000712      0x119 build/system_stm32f4xx.o
 .debug_abbrev  0x000000000000082b      0x206 build/stm32f4xx_hal.o
 .debug_abbrev  0x0000000000000a31      0x23a build/stm32f4xx_hal_adc.o
 .debug_abbrev  0x0000000000000c6b      0x293 build/stm32f4xx_hal_adc_ex.o
 .debug_abbrev  0x0000000000000efe      0x36a build/stm32f4xx_hal_cortex.o
 .debug_abbrev  0x0000000000001268      0x1c6 build/stm32f4xx_hal_dac.o
 .debug_abbrev  0x000000000000142e      0x1f8 build/stm32f4xx_hal_dac_ex.o
 .debug_abbrev  0x0000000000001626      0x2c2 build/stm32f4xx_hal_dma.o
 .debug_abbrev  0x00000000000018e8      0x1ef build/stm32f4xx_hal_gpio.o
 .debug_abbrev  0x0000000000001ad7      0x28a build/stm32f4xx_hal_rcc.o
 .debug_abbrev  0x0000000000001d61      0x21e build/stm32f4xx_hal_rcc_ex.o
 .debug_abbrev  0x0000000000001f7f      0x22b build/stm32f4xx_hal_tim.o
 .debug_abbrev  0x00000000000021aa      0x241 build/stm32f4xx_hal_tim_ex.o
 .debug_abbrev  0x00000000000023eb      0x2fd build/stm32f4xx_hal_uart.o
 .debug_abbrev  0x00000000000026e8       0x12 build/startup_stm32f446xx.o
 .debug_abbrev  0x00000000000026fa       0xcc /usr/lib/gcc/arm-none-eabi/10.3.1/../../../arm-none-eabi/lib/thumb/v7e-m+fp/hard/libc_nano.a(lib_a-init.o)
 .debug_abbrev  0x00000000000027c6       0x14 /usr/lib/gcc/arm-none-eabi/10.3.1/../../../arm-none-eabi/lib/thumb/v7e-m+fp/hard/libc_nano.a(lib_a-memcpy.o)
 .debug_abbrev  0x00000000000027da       0xb4 /usr/lib/gcc/arm-none-eabi/10.3.1/../../../arm-none-eabi/lib/thumb/v7e-m+fp/hard/libc_nano.a(lib_a-memset.o)
 .debug_abbrev  0x000000000000288e       0x14 /usr/lib/gcc/arm-none-eabi/10.3.1/thumb/v7e-m+fp/hard/libgcc.a(_aeabi_uldivmod.o)
 .debug_abbrev  0x00000000000028a2      0x163 /usr/lib/gcc/arm-none-eabi/10.3.1/thumb/v7e-m+fp/hard/libgcc.a(_udivmoddi4.o)
 .debug_abbrev  0x0000000000002a05       0x14 /usr/lib/gcc/arm-none-eabi/10.3.1/thumb/v7e-m+fp/hard/libgcc.a(_dvmd_tls.o)

.debug_loc      0x0000000000000000    0x11dc9
 .debug_loc     0x0000000000000000       0xf8 build/main.o
 .debug_loc     0x00000000000000f8      0x1cd build/stm32f4xx_hal_msp.o
 .debug_loc     0x00000000000002c5      0x158 build/system_stm32f4xx.o
 .debug_loc     0x000000000000041d      0x141 build/stm32f4xx_hal.o
 .debug_loc     0x000000000000055e      0xba1 build/stm32f4xx_hal_adc.o
 .debug_loc     0x00000000000010ff      0xa82 build/stm32f4xx_hal_adc_ex.o
 .debug_loc     0x0000000000001b81      0x744 build/stm32f4xx_hal_cortex.o
 .debug_loc     0x00000000000022c5      0x78f build/stm32f4xx_hal_dac.o
 .debug_loc     0x0000000000002a54      0x442 build/stm32f4xx_hal_dac_ex.o
 .debug_loc     0x0000000000002e96      0xbf9 build/stm32f4xx_hal_dma.o
 .debug_loc     0x0000000000003a8f      0x520 build/stm32f4xx_hal_gpio.o
 .debug_loc     0x0000000000003faf      0x58c build/stm32f4xx_hal_rcc.o
 .debug_loc     0x000000000000453b      0xeab build/stm32f4xx_hal_rcc_ex.o
 .debug_loc     0x00000000000053e6     0x506c build/stm32f4xx_hal_tim.o
 .debug_loc     0x000000000000a452     0x1cd7 build/stm32f4xx_hal_tim_ex.o
 .debug_loc     0x000000000000c129     0x49ab build/stm32f4xx_hal_uart.o
 .debug_loc     0x0000000000010ad4       0xba /usr/lib/gcc/arm-none-eabi/10.3.1/../../../arm-none-eabi/lib/thumb/v7e-m+fp/hard/libc_nano.a(lib_a-init.o)
 .debug_loc     0x0000000000010b8e      0x22c /usr/lib/gcc/arm-none-eabi/10.3.1/../../../arm-none-eabi/lib/thumb/v7e-m+fp/hard/libc_nano.a(lib_a-memset.o)
 .debug_loc     0x0000000000010dba     0x100f /usr/lib/gcc/arm-none-eabi/10.3.1/thumb/v7e-m+fp/hard/libgcc.a(_udivmoddi4.o)

.debug_aranges  0x0000000000000000      0xfe0
 .debug_aranges
                0x0000000000000000       0x78 build/main.o
 .debug_aranges
                0x0000000000000078       0x60 build/stm32f4xx_hal_msp.o
 .debug_aranges
                0x00000000000000d8       0x88 build/stm32f4xx_it.o
 .debug_aranges
                0x0000000000000160       0x28 build/system_stm32f4xx.o
 .debug_aranges
                0x0000000000000188       0xf0 build/stm32f4xx_hal.o
 .debug_aranges
                0x0000000000000278       0xe8 build/stm32f4xx_hal_adc.o
 .debug_aranges
                0x0000000000000360       0x90 build/stm32f4xx_hal_adc_ex.o
 .debug_aranges
                0x00000000000003f0       0xa8 build/stm32f4xx_hal_cortex.o
 .debug_aranges
                0x0000000000000498       0xc0 build/stm32f4xx_hal_dac.o
 .debug_aranges
                0x0000000000000558       0x80 build/stm32f4xx_hal_dac_ex.o
 .debug_aranges
                0x00000000000005d8       0x90 build/stm32f4xx_hal_dma.o
 .debug_aranges
                0x0000000000000668       0x58 build/stm32f4xx_hal_gpio.o
 .debug_aranges
                0x00000000000006c0       0x88 build/stm32f4xx_hal_rcc.o
 .debug_aranges
                0x0000000000000748       0x78 build/stm32f4xx_hal_rcc_ex.o
 .debug_aranges
                0x00000000000007c0      0x3d0 build/stm32f4xx_hal_tim.o
 .debug_aranges
                0x0000000000000b90      0x168 build/stm32f4xx_hal_tim_ex.o
 .debug_aranges
                0x0000000000000cf8      0x200 build/stm32f4xx_hal_uart.o
 .debug_aranges
                0x0000000000000ef8       0x28 build/startup_stm32f446xx.o
 .debug_aranges
                0x0000000000000f20       0x20 /usr/lib/gcc/arm-none-eabi/10.3.1/../../../arm-none-eabi/lib/thumb/v7e-m+fp/hard/libc_nano.a(lib_a-init.o)
 .debug_aranges
                0x0000000000000f40       0x20 /usr/lib/gcc/arm-none-eabi/10.3.1/../../../arm-none-eabi/lib/thumb/v7e-m+fp/hard/libc_nano.a(lib_a-memcpy.o)
 .debug_aranges
                0x0000000000000f60       0x20 /usr/lib/gcc/arm-none-eabi/10.3.1/../../../arm-none-eabi/lib/thumb/v7e-m+fp/hard/libc_nano.a(lib_a-memset.o)
 .debug_aranges
                0x0000000000000f80       0x20 /usr/lib/gcc/arm-none-eabi/10.3.1/thumb/v7e-m+fp/hard/libgcc.a(_aeabi_uldivmod.o)
 .debug_aranges
                0x0000000000000fa0       0x20 /usr/lib/gcc/arm-none-eabi/10.3.1/thumb/v7e-m+fp/hard/libgcc.a(_udivmoddi4.o)
 .debug_aranges
                0x0000000000000fc0       0x20 /usr/lib/gcc/arm-none-eabi/10.3.1/thumb/v7e-m+fp/hard/libgcc.a(_dvmd_tls.o)

.debug_ranges   0x0000000000000000      0xf98
 .debug_ranges  0x0000000000000000       0x68 build/main.o
 .debug_ranges  0x0000000000000068       0x50 build/stm32f4xx_hal_msp.o
 .debug_ranges  0x00000000000000b8       0x78 build/stm32f4xx_it.o
 .debug_ranges  0x0000000000000130       0x18 build/system_stm32f4xx.o
 .debug_ranges  0x0000000000000148       0xe0 build/stm32f4xx_hal.o
 .debug_ranges  0x0000000000000228       0xd8 build/stm32f4xx_hal_adc.o
 .debug_ranges  0x0000000000000300       0x80 build/stm32f4xx_hal_adc_ex.o
 .debug_ranges  0x0000000000000380       0xf8 build/stm32f4xx_hal_cortex.o
 .debug_ranges  0x0000000000000478       0xb0 build/stm32f4xx_hal_dac.o
 .debug_ranges  0x0000000000000528       0x70 build/stm32f4xx_hal_dac_ex.o
 .debug_ranges  0x0000000000000598       0x80 build/stm32f4xx_hal_dma.o
 .debug_ranges  0x0000000000000618       0x48 build/stm32f4xx_hal_gpio.o
 .debug_ranges  0x0000000000000660       0x90 build/stm32f4xx_hal_rcc.o
 .debug_ranges  0x00000000000006f0       0x80 build/stm32f4xx_hal_rcc_ex.o
 .debug_ranges  0x0000000000000770      0x3c0 build/stm32f4xx_hal_tim.o
 .debug_ranges  0x0000000000000b30      0x158 build/stm32f4xx_hal_tim_ex.o
 .debug_ranges  0x0000000000000c88      0x208 build/stm32f4xx_hal_uart.o
 .debug_ranges  0x0000000000000e90       0x20 build/startup_stm32f446xx.o
 .debug_ranges  0x0000000000000eb0       0xe8 /usr/lib/gcc/arm-none-eabi/10.3.1/thumb/v7e-m+fp/hard/libgcc.a(_udivmoddi4.o)

.debug_line     0x0000000000000000    0x12c71
 .debug_line    0x0000000000000000      0x770 build/main.o
 .debug_line    0x0000000000000770      0x4a0 build/stm32f4xx_hal_msp.o
 .debug_line    0x0000000000000c10      0x2e7 build/stm32f4xx_it.o
 .debug_line    0x0000000000000ef7      0x1c7 build/system_stm32f4xx.o
 .debug_line    0x00000000000010be      0x4dc build/stm32f4xx_hal.o
 .debug_line    0x000000000000159a     0x1037 build/stm32f4xx_hal_adc.o
 .debug_line    0x00000000000025d1      0xbdb build/stm32f4xx_hal_adc_ex.o
 .debug_line    0x00000000000031ac      0x6ef build/stm32f4xx_hal_cortex.o
 .debug_line    0x000000000000389b      0x79a build/stm32f4xx_hal_dac.o
 .debug_line    0x0000000000004035      0x46a build/stm32f4xx_hal_dac_ex.o
 .debug_line    0x000000000000449f      0xd9c build/stm32f4xx_hal_dma.o
 .debug_line    0x000000000000523b      0x64e build/stm32f4xx_hal_gpio.o
 .debug_line    0x0000000000005889      0xa8e build/stm32f4xx_hal_rcc.o
 .debug_line    0x0000000000006317     0x1306 build/stm32f4xx_hal_rcc_ex.o
 .debug_line    0x000000000000761d     0x4a19 build/stm32f4xx_hal_tim.o
 .debug_line    0x000000000000c036     0x1c3d build/stm32f4xx_hal_tim_ex.o
 .debug_line    0x000000000000dc73     0x4565 build/stm32f4xx_hal_uart.o
 .debug_line    0x00000000000121d8       0x76 build/startup_stm32f446xx.o
 .debug_line    0x000000000001224e      0x138 /usr/lib/gcc/arm-none-eabi/10.3.1/../../../arm-none-eabi/lib/thumb/v7e-m+fp/hard/libc_nano.a(lib_a-init.o)
 .debug_line    0x0000000000012386       0xbe /usr/lib/gcc/arm-none-eabi/10.3.1/../../../arm-none-eabi/lib/thumb/v7e-m+fp/hard/libc_nano.a(lib_a-memcpy.o)
 .debug_line    0x0000000000012444      0x1bf /usr/lib/gcc/arm-none-eabi/10.3.1/../../../arm-none-eabi/lib/thumb/v7e-m+fp/hard/libc_nano.a(lib_a-memset.o)
 .debug_line    0x0000000000012603       0x60 /usr/lib/gcc/arm-none-eabi/10.3.1/thumb/v7e-m+fp/hard/libgcc.a(_aeabi_uldivmod.o)
 .debug_line    0x0000000000012663      0x5ae /usr/lib/gcc/arm-none-eabi/10.3.1/thumb/v7e-m+fp/hard/libgcc.a(_udivmoddi4.o)
 .debug_line    0x0000000000012c11       0x60 /usr/lib/gcc/arm-none-eabi/10.3.1/thumb/v7e-m+fp/hard/libgcc.a(_dvmd_tls.o)

.debug_str      0x0000000000000000     0x53f5
 .debug_str     0x0000000000000000     0x16a5 build/main.o
                                       0x17e2 (size before relaxing)
 .debug_str     0x00000000000016a5      0x12f build/stm32f4xx_hal_msp.o
                                       0x136b (size before relaxing)
 .debug_str     0x00000000000017d4      0x154 build/stm32f4xx_it.o
                                        0xa9c (size before relaxing)
 .debug_str     0x0000000000001928       0xc8 build/system_stm32f4xx.o
                                        0x367 (size before relaxing)
 .debug_str     0x00000000000019f0      0x332 build/stm32f4xx_hal.o
                                        0xb97 (size before relaxing)
 .debug_str     0x0000000000001d22      0x26d build/stm32f4xx_hal_adc.o
                                        0x924 (size before relaxing)
 .debug_str     0x0000000000001f8f      0x2dc build/stm32f4xx_hal_adc_ex.o
                                        0x978 (size before relaxing)
 .debug_str     0x000000000000226b      0x423 build/stm32f4xx_hal_cortex.o
                                        0xc30 (size before relaxing)
 .debug_str     0x000000000000268e      0x19a build/stm32f4xx_hal_dac.o
                                        0x784 (size before relaxing)
 .debug_str     0x0000000000002828      0x172 build/stm32f4xx_hal_dac_ex.o
                                        0x6a9 (size before relaxing)
 .debug_str     0x000000000000299a      0x2c3 build/stm32f4xx_hal_dma.o
                                        0x743 (size before relaxing)
 .debug_str     0x0000000000002c5d      0x112 build/stm32f4xx_hal_gpio.o
                                        0x4c7 (size before relaxing)
 .debug_str     0x0000000000002d6f      0x19f build/stm32f4xx_hal_rcc.o
                                        0x6e7 (size before relaxing)
 .debug_str     0x0000000000002f0e      0x33c build/stm32f4xx_hal_rcc_ex.o
                                        0x7d9 (size before relaxing)
 .debug_str     0x000000000000324a      0xd9c build/stm32f4xx_hal_tim.o
                                       0x1685 (size before relaxing)
 .debug_str     0x0000000000003fe6      0x521 build/stm32f4xx_hal_tim_ex.o
                                        0xe86 (size before relaxing)
 .debug_str     0x0000000000004507      0x5ee build/stm32f4xx_hal_uart.o
                                        0xd10 (size before relaxing)
 .debug_str     0x0000000000004af5       0x22 build/startup_stm32f446xx.o
                                         0x46 (size before relaxing)
 .debug_str     0x0000000000004b17      0x170 /usr/lib/gcc/arm-none-eabi/10.3.1/../../../arm-none-eabi/lib/thumb/v7e-m+fp/hard/libc_nano.a(lib_a-init.o)
                                        0x20b (size before relaxing)
 .debug_str     0x0000000000004c87       0xb6 /usr/lib/gcc/arm-none-eabi/10.3.1/../../../arm-none-eabi/lib/thumb/v7e-m+fp/hard/libc_nano.a(lib_a-memcpy.o)
 .debug_str     0x0000000000004d3d       0xaa /usr/lib/gcc/arm-none-eabi/10.3.1/../../../arm-none-eabi/lib/thumb/v7e-m+fp/hard/libc_nano.a(lib_a-memset.o)
                                        0x1c0 (size before relaxing)
 .debug_str     0x0000000000004de7       0x9a /usr/lib/gcc/arm-none-eabi/10.3.1/thumb/v7e-m+fp/hard/libgcc.a(_aeabi_uldivmod.o)
                                         0xa6 (size before relaxing)
 .debug_str     0x0000000000004e81      0x544 /usr/lib/gcc/arm-none-eabi/10.3.1/thumb/v7e-m+fp/hard/libgcc.a(_udivmoddi4.o)
                                        0x647 (size before relaxing)
 .debug_str     0x00000000000053c5       0x30 /usr/lib/gcc/arm-none-eabi/10.3.1/thumb/v7e-m+fp/hard/libgcc.a(_dvmd_tls.o)
                                         0xaa (size before relaxing)

.debug_frame    0x0000000000000000     0x2874
 .debug_frame   0x0000000000000000      0x140 build/main.o
 .debug_frame   0x0000000000000140      0x110 build/stm32f4xx_hal_msp.o
 .debug_frame   0x0000000000000250      0x120 build/stm32f4xx_it.o
 .debug_frame   0x0000000000000370       0x30 build/system_stm32f4xx.o
 .debug_frame   0x00000000000003a0      0x1ec build/stm32f4xx_hal.o
 .debug_frame   0x000000000000058c      0x268 build/stm32f4xx_hal_adc.o
 .debug_frame   0x00000000000007f4      0x18c build/stm32f4xx_hal_adc_ex.o
 .debug_frame   0x0000000000000980      0x148 build/stm32f4xx_hal_cortex.o
 .debug_frame   0x0000000000000ac8      0x1e8 build/stm32f4xx_hal_dac.o
 .debug_frame   0x0000000000000cb0      0x110 build/stm32f4xx_hal_dac_ex.o
 .debug_frame   0x0000000000000dc0      0x188 build/stm32f4xx_hal_dma.o
 .debug_frame   0x0000000000000f48       0xd8 build/stm32f4xx_hal_gpio.o
 .debug_frame   0x0000000000001020      0x16c build/stm32f4xx_hal_rcc.o
 .debug_frame   0x000000000000118c      0x14c build/stm32f4xx_hal_rcc_ex.o
 .debug_frame   0x00000000000012d8      0xb0c build/stm32f4xx_hal_tim.o
 .debug_frame   0x0000000000001de4      0x40c build/stm32f4xx_hal_tim_ex.o
 .debug_frame   0x00000000000021f0      0x5cc build/stm32f4xx_hal_uart.o
 .debug_frame   0x00000000000027bc       0x2c /usr/lib/gcc/arm-none-eabi/10.3.1/../../../arm-none-eabi/lib/thumb/v7e-m+fp/hard/libc_nano.a(lib_a-init.o)
 .debug_frame   0x00000000000027e8       0x2c /usr/lib/gcc/arm-none-eabi/10.3.1/../../../arm-none-eabi/lib/thumb/v7e-m+fp/hard/libc_nano.a(lib_a-memset.o)
 .debug_frame   0x0000000000002814       0x2c /usr/lib/gcc/arm-none-eabi/10.3.1/thumb/v7e-m+fp/hard/libgcc.a(_aeabi_uldivmod.o)
 .debug_frame   0x0000000000002840       0x34 /usr/lib/gcc/arm-none-eabi/10.3.1/thumb/v7e-m+fp/hard/libgcc.a(_udivmoddi4.o)

Cross Reference Table

Symbol                                            File
ADC_IRQHandler                                    build/stm32f4xx_it.o
AHBPrescTable                                     build/system_stm32f4xx.o
                                                  build/stm32f4xx_hal_rcc.o
APBPrescTable                                     build/system_stm32f4xx.o
                                                  build/stm32f4xx_hal_rcc.o
BusFault_Handler                                  build/stm32f4xx_it.o
CAN1_RX0_IRQHandler                               build/startup_stm32f446xx.o
CAN1_RX1_IRQHandler                               build/startup_stm32f446xx.o
CAN1_SCE_IRQHandler                               build/startup_stm32f446xx.o
CAN1_TX_IRQHandler                                build/startup_stm32f446xx.o
CAN2_RX0_IRQHandler                               build/startup_stm32f446xx.o
CAN2_RX1_IRQHandler                               build/startup_stm32f446xx.o
CAN2_SCE_IRQHandler                               build/startup_stm32f446xx.o
CAN2_TX_IRQHandler                                build/startup_stm32f446xx.o
CEC_IRQHandler                                    build/startup_stm32f446xx.o
DAC_DMAConvCpltCh1                                build/stm32f4xx_hal_dac.o
DAC_DMAConvCpltCh2                                build/stm32f4xx_hal_dac_ex.o
                                                  build/stm32f4xx_hal_dac.o
DAC_DMAErrorCh1                                   build/stm32f4xx_hal_dac.o
DAC_DMAErrorCh2                                   build/stm32f4xx_hal_dac_ex.o
                                                  build/stm32f4xx_hal_dac.o
DAC_DMAHalfConvCpltCh1                            build/stm32f4xx_hal_dac.o
DAC_DMAHalfConvCpltCh2                            build/stm32f4xx_hal_dac_ex.o
                                                  build/stm32f4xx_hal_dac.o
DCMI_IRQHandler                                   build/startup_stm32f446xx.o
DMA1_Stream0_IRQHandler                           build/startup_stm32f446xx.o
DMA1_Stream1_IRQHandler                           build/startup_stm32f446xx.o
DMA1_Stream2_IRQHandler                           build/startup_stm32f446xx.o
DMA1_Stream3_IRQHandler                           build/startup_stm32f446xx.o
DMA1_Stream4_IRQHandler                           build/startup_stm32f446xx.o
DMA1_Stream5_IRQHandler                           build/stm32f4xx_it.o
DMA1_Stream6_IRQHandler                           build/startup_stm32f446xx.o
DMA1_Stream7_IRQHandler                           build/startup_stm32f446xx.o
DMA2_Stream0_IRQHandler                           build/stm32f4xx_it.o
DMA2_Stream1_IRQHandler                           build/startup_stm32f446xx.o
DMA2_Stream2_IRQHandler                           build/startup_stm32f446xx.o
DMA2_Stream3_IRQHandler                           build/startup_stm32f446xx.o
DMA2_Stream4_IRQHandler                           build/startup_stm32f446xx.o
DMA2_Stream5_IRQHandler                           build/startup_stm32f446xx.o
DMA2_Stream6_IRQHandler                           build/startup_stm32f446xx.o
DMA2_Stream7_IRQHandler                           build/startup_stm32f446xx.o
DebugMon_Handler                                  build/stm32f4xx_it.o
Default_Handler                                   build/startup_stm32f446xx.o
EXTI0_IRQHandler                                  build/startup_stm32f446xx.o
EXTI15_10_IRQHandler                              build/startup_stm32f446xx.o
EXTI1_IRQHandler                                  build/startup_stm32f446xx.o
EXTI2_IRQHandler                                  build/startup_stm32f446xx.o
EXTI3_IRQHandler                                  build/startup_stm32f446xx.o
EXTI4_IRQHandler                                  build/startup_stm32f446xx.o
EXTI9_5_IRQHandler                                build/startup_stm32f446xx.o
Error_Handler                                     build/main.o
                                                  build/stm32f4xx_hal_msp.o
FLASH_Erase_Sector                                build/stm32f4xx_hal_flash_ex.o
                                                  build/stm32f4xx_hal_flash.o
FLASH_FlushCaches                                 build/stm32f4xx_hal_flash_ex.o
                                                  build/stm32f4xx_hal_flash.o
FLASH_IRQHandler                                  build/startup_stm32f446xx.o
FLASH_WaitForLastOperation                        build/stm32f4xx_hal_flash.o
                                                  build/stm32f4xx_hal_flash_ex.o
FMC_IRQHandler                                    build/startup_stm32f446xx.o
FMPI2C1_ER_IRQHandler                             build/startup_stm32f446xx.o
FMPI2C1_EV_IRQHandler                             build/startup_stm32f446xx.o
FPU_IRQHandler                                    build/startup_stm32f446xx.o
HAL_ADCEx_InjectedConfigChannel                   build/stm32f4xx_hal_adc_ex.o
HAL_ADCEx_InjectedConvCpltCallback                build/stm32f4xx_hal_adc_ex.o
                                                  build/stm32f4xx_hal_adc.o
HAL_ADCEx_InjectedGetValue                        build/stm32f4xx_hal_adc_ex.o
HAL_ADCEx_InjectedPollForConversion               build/stm32f4xx_hal_adc_ex.o
HAL_ADCEx_InjectedStart                           build/stm32f4xx_hal_adc_ex.o
HAL_ADCEx_InjectedStart_IT                        build/stm32f4xx_hal_adc_ex.o
HAL_ADCEx_InjectedStop                            build/stm32f4xx_hal_adc_ex.o
HAL_ADCEx_InjectedStop_IT                         build/stm32f4xx_hal_adc_ex.o
HAL_ADCEx_MultiModeConfigChannel                  build/stm32f4xx_hal_adc_ex.o
HAL_ADCEx_MultiModeGetValue                       build/stm32f4xx_hal_adc_ex.o
HAL_ADCEx_MultiModeStart_DMA                      build/stm32f4xx_hal_adc_ex.o
HAL_ADCEx_MultiModeStop_DMA                       build/stm32f4xx_hal_adc_ex.o
HAL_ADC_AnalogWDGConfig                           build/stm32f4xx_hal_adc.o
HAL_ADC_ConfigChannel                             build/stm32f4xx_hal_adc.o
                                                  build/main.o
HAL_ADC_ConvCpltCallback                          build/main.o
                                                  build/stm32f4xx_hal_adc_ex.o
HAL_ADC_ConvHalfCpltCallback                      build/main.o
                                                  build/stm32f4xx_hal_adc_ex.o
HAL_ADC_DeInit                                    build/stm32f4xx_hal_adc.o
HAL_ADC_ErrorCallback                             build/stm32f4xx_hal_adc.o
                                                  build/stm32f4xx_hal_adc_ex.o
HAL_ADC_GetError                                  build/stm32f4xx_hal_adc.o
HAL_ADC_GetState                                  build/stm32f4xx_hal_adc.o
HAL_ADC_GetValue                                  build/stm32f4xx_hal_adc.o
HAL_ADC_IRQHandler                                build/stm32f4xx_hal_adc.o
                                                  build/stm32f4xx_it.o
HAL_ADC_Init                                      build/stm32f4xx_hal_adc.o
                                                  build/main.o
HAL_ADC_LevelOutOfWindowCallback                  build/stm32f4xx_hal_adc.o
HAL_ADC_MspDeInit                                 build/stm32f4xx_hal_msp.o
HAL_ADC_MspInit                                   build/stm32f4xx_hal_msp.o
HAL_ADC_PollForConversion                         build/stm32f4xx_hal_adc.o
HAL_ADC_PollForEvent                              build/stm32f4xx_hal_adc.o
HAL_ADC_Start                                     build/stm32f4xx_hal_adc.o
HAL_ADC_Start_DMA                                 build/stm32f4xx_hal_adc.o
                                                  build/main.o
HAL_ADC_Start_IT                                  build/stm32f4xx_hal_adc.o
HAL_ADC_Stop                                      build/stm32f4xx_hal_adc.o
HAL_ADC_Stop_DMA                                  build/stm32f4xx_hal_adc.o
HAL_ADC_Stop_IT                                   build/stm32f4xx_hal_adc.o
HAL_DACEx_ConvCpltCallbackCh2                     build/stm32f4xx_hal_dac_ex.o
HAL_DACEx_ConvHalfCpltCallbackCh2                 build/stm32f4xx_hal_dac_ex.o
HAL_DACEx_DMAUnderrunCallbackCh2                  build/stm32f4xx_hal_dac_ex.o
                                                  build/stm32f4xx_hal_dac.o
HAL_DACEx_DualGetValue                            build/stm32f4xx_hal_dac_ex.o
HAL_DACEx_DualSetValue                            build/stm32f4xx_hal_dac_ex.o
HAL_DACEx_DualStart                               build/stm32f4xx_hal_dac_ex.o
HAL_DACEx_DualStop                                build/stm32f4xx_hal_dac_ex.o
HAL_DACEx_ErrorCallbackCh2                        build/stm32f4xx_hal_dac_ex.o
HAL_DACEx_NoiseWaveGenerate                       build/stm32f4xx_hal_dac_ex.o
HAL_DACEx_TriangleWaveGenerate                    build/stm32f4xx_hal_dac_ex.o
HAL_DAC_ConfigChannel                             build/stm32f4xx_hal_dac.o
                                                  build/main.o
HAL_DAC_ConvCpltCallbackCh1                       build/stm32f4xx_hal_dac.o
HAL_DAC_ConvHalfCpltCallbackCh1                   build/stm32f4xx_hal_dac.o
HAL_DAC_DMAUnderrunCallbackCh1                    build/stm32f4xx_hal_dac.o
HAL_DAC_DeInit                                    build/stm32f4xx_hal_dac.o
HAL_DAC_ErrorCallbackCh1                          build/stm32f4xx_hal_dac.o
HAL_DAC_GetError                                  build/stm32f4xx_hal_dac.o
HAL_DAC_GetState                                  build/stm32f4xx_hal_dac.o
HAL_DAC_GetValue                                  build/stm32f4xx_hal_dac.o
HAL_DAC_IRQHandler                                build/stm32f4xx_hal_dac.o
                                                  build/stm32f4xx_it.o
HAL_DAC_Init                                      build/stm32f4xx_hal_dac.o
                                                  build/main.o
HAL_DAC_MspDeInit                                 build/stm32f4xx_hal_msp.o
HAL_DAC_MspInit                                   build/stm32f4xx_hal_msp.o
HAL_DAC_SetValue                                  build/stm32f4xx_hal_dac.o
HAL_DAC_Start                                     build/stm32f4xx_hal_dac.o
HAL_DAC_Start_DMA                                 build/stm32f4xx_hal_dac.o
                                                  build/main.o
HAL_DAC_Stop                                      build/stm32f4xx_hal_dac.o
HAL_DAC_Stop_DMA                                  build/stm32f4xx_hal_dac.o
HAL_DBGMCU_DisableDBGSleepMode                    build/stm32f4xx_hal.o
HAL_DBGMCU_DisableDBGStandbyMode                  build/stm32f4xx_hal.o
HAL_DBGMCU_DisableDBGStopMode                     build/stm32f4xx_hal.o
HAL_DBGMCU_EnableDBGSleepMode                     build/stm32f4xx_hal.o
HAL_DBGMCU_EnableDBGStandbyMode                   build/stm32f4xx_hal.o
HAL_DBGMCU_EnableDBGStopMode                      build/stm32f4xx_hal.o
HAL_DMAEx_ChangeMemory                            build/stm32f4xx_hal_dma_ex.o
HAL_DMAEx_MultiBufferStart                        build/stm32f4xx_hal_dma_ex.o
HAL_DMAEx_MultiBufferStart_IT                     build/stm32f4xx_hal_dma_ex.o
HAL_DMA_Abort                                     build/stm32f4xx_hal_dma.o
                                                  build/stm32f4xx_hal_uart.o
                                                  build/stm32f4xx_hal_dac.o
                                                  build/stm32f4xx_hal_adc_ex.o
                                                  build/stm32f4xx_hal_adc.o
HAL_DMA_Abort_IT                                  build/stm32f4xx_hal_dma.o
                                                  build/stm32f4xx_hal_uart.o
                                                  build/stm32f4xx_hal_tim_ex.o
                                                  build/stm32f4xx_hal_tim.o
HAL_DMA_DeInit                                    build/stm32f4xx_hal_dma.o
                                                  build/stm32f4xx_hal_msp.o
HAL_DMA_GetError                                  build/stm32f4xx_hal_dma.o
                                                  build/stm32f4xx_hal_uart.o
HAL_DMA_GetState                                  build/stm32f4xx_hal_dma.o
HAL_DMA_IRQHandler                                build/stm32f4xx_hal_dma.o
                                                  build/stm32f4xx_it.o
HAL_DMA_Init                                      build/stm32f4xx_hal_dma.o
                                                  build/stm32f4xx_hal_msp.o
HAL_DMA_PollForTransfer                           build/stm32f4xx_hal_dma.o
HAL_DMA_RegisterCallback                          build/stm32f4xx_hal_dma.o
HAL_DMA_Start                                     build/stm32f4xx_hal_dma.o
HAL_DMA_Start_IT                                  build/stm32f4xx_hal_dma.o
                                                  build/stm32f4xx_hal_uart.o
                                                  build/stm32f4xx_hal_tim_ex.o
                                                  build/stm32f4xx_hal_tim.o
                                                  build/stm32f4xx_hal_dac.o
                                                  build/stm32f4xx_hal_adc_ex.o
                                                  build/stm32f4xx_hal_adc.o
HAL_DMA_UnRegisterCallback                        build/stm32f4xx_hal_dma.o
HAL_DeInit                                        build/stm32f4xx_hal.o
HAL_Delay                                         build/stm32f4xx_hal.o
HAL_DisableCompensationCell                       build/stm32f4xx_hal.o
HAL_EXTI_ClearConfigLine                          build/stm32f4xx_hal_exti.o
HAL_EXTI_ClearPending                             build/stm32f4xx_hal_exti.o
HAL_EXTI_GenerateSWI                              build/stm32f4xx_hal_exti.o
HAL_EXTI_GetConfigLine                            build/stm32f4xx_hal_exti.o
HAL_EXTI_GetHandle                                build/stm32f4xx_hal_exti.o
HAL_EXTI_GetPending                               build/stm32f4xx_hal_exti.o
HAL_EXTI_IRQHandler                               build/stm32f4xx_hal_exti.o
HAL_EXTI_RegisterCallback                         build/stm32f4xx_hal_exti.o
HAL_EXTI_SetConfigLine                            build/stm32f4xx_hal_exti.o
HAL_EnableCompensationCell                        build/stm32f4xx_hal.o
HAL_FLASHEx_AdvOBGetConfig                        build/stm32f4xx_hal_flash_ex.o
HAL_FLASHEx_AdvOBProgram                          build/stm32f4xx_hal_flash_ex.o
HAL_FLASHEx_DisableFlashSleepMode                 build/stm32f4xx_hal_flash_ramfunc.o
HAL_FLASHEx_EnableFlashSleepMode                  build/stm32f4xx_hal_flash_ramfunc.o
HAL_FLASHEx_Erase                                 build/stm32f4xx_hal_flash_ex.o
HAL_FLASHEx_Erase_IT                              build/stm32f4xx_hal_flash_ex.o
HAL_FLASHEx_OBGetConfig                           build/stm32f4xx_hal_flash_ex.o
HAL_FLASHEx_OBProgram                             build/stm32f4xx_hal_flash_ex.o
HAL_FLASHEx_OB_DeSelectPCROP                      build/stm32f4xx_hal_flash_ex.o
HAL_FLASHEx_OB_SelectPCROP                        build/stm32f4xx_hal_flash_ex.o
HAL_FLASHEx_StartFlashInterfaceClk                build/stm32f4xx_hal_flash_ramfunc.o
HAL_FLASHEx_StopFlashInterfaceClk                 build/stm32f4xx_hal_flash_ramfunc.o
HAL_FLASH_EndOfOperationCallback                  build/stm32f4xx_hal_flash.o
HAL_FLASH_GetError                                build/stm32f4xx_hal_flash.o
HAL_FLASH_IRQHandler                              build/stm32f4xx_hal_flash.o
HAL_FLASH_Lock                                    build/stm32f4xx_hal_flash.o
HAL_FLASH_OB_Launch                               build/stm32f4xx_hal_flash.o
HAL_FLASH_OB_Lock                                 build/stm32f4xx_hal_flash.o
HAL_FLASH_OB_Unlock                               build/stm32f4xx_hal_flash.o
HAL_FLASH_OperationErrorCallback                  build/stm32f4xx_hal_flash.o
HAL_FLASH_Program                                 build/stm32f4xx_hal_flash.o
HAL_FLASH_Program_IT                              build/stm32f4xx_hal_flash.o
HAL_FLASH_Unlock                                  build/stm32f4xx_hal_flash.o
HAL_GPIO_DeInit                                   build/stm32f4xx_hal_gpio.o
                                                  build/stm32f4xx_hal_msp.o
HAL_GPIO_EXTI_Callback                            build/stm32f4xx_hal_gpio.o
HAL_GPIO_EXTI_IRQHandler                          build/stm32f4xx_hal_gpio.o
HAL_GPIO_Init                                     build/stm32f4xx_hal_gpio.o
                                                  build/stm32f4xx_hal_rcc.o
                                                  build/stm32f4xx_hal_msp.o
                                                  build/main.o
HAL_GPIO_LockPin                                  build/stm32f4xx_hal_gpio.o
HAL_GPIO_ReadPin                                  build/stm32f4xx_hal_gpio.o
HAL_GPIO_TogglePin                                build/stm32f4xx_hal_gpio.o
                                                  build/main.o
HAL_GPIO_WritePin                                 build/stm32f4xx_hal_gpio.o
                                                  build/main.o
HAL_GetDEVID                                      build/stm32f4xx_hal.o
HAL_GetHalVersion                                 build/stm32f4xx_hal.o
HAL_GetREVID                                      build/stm32f4xx_hal.o
HAL_GetTick                                       build/stm32f4xx_hal.o
                                                  build/stm32f4xx_hal_uart.o
                                                  build/stm32f4xx_hal_rcc_ex.o
                                                  build/stm32f4xx_hal_rcc.o
                                                  build/stm32f4xx_hal_pwr_ex.o
                                                  build/stm32f4xx_hal_flash.o
                                                  build/stm32f4xx_hal_dma.o
                                                  build/stm32f4xx_hal_adc_ex.o
                                                  build/stm32f4xx_hal_adc.o
HAL_GetTickFreq                                   build/stm32f4xx_hal.o
HAL_GetTickPrio                                   build/stm32f4xx_hal.o
HAL_GetUIDw0                                      build/stm32f4xx_hal.o
HAL_GetUIDw1                                      build/stm32f4xx_hal.o
HAL_GetUIDw2                                      build/stm32f4xx_hal.o
HAL_HalfDuplex_EnableReceiver                     build/stm32f4xx_hal_uart.o
HAL_HalfDuplex_EnableTransmitter                  build/stm32f4xx_hal_uart.o
HAL_HalfDuplex_Init                               build/stm32f4xx_hal_uart.o
HAL_IncTick                                       build/stm32f4xx_hal.o
                                                  build/stm32f4xx_it.o
HAL_Init                                          build/stm32f4xx_hal.o
                                                  build/main.o
HAL_InitTick                                      build/stm32f4xx_hal.o
                                                  build/stm32f4xx_hal_rcc_ex.o
                                                  build/stm32f4xx_hal_rcc.o
HAL_LIN_Init                                      build/stm32f4xx_hal_uart.o
HAL_LIN_SendBreak                                 build/stm32f4xx_hal_uart.o
HAL_MPU_ConfigRegion                              build/stm32f4xx_hal_cortex.o
HAL_MPU_Disable                                   build/stm32f4xx_hal_cortex.o
HAL_MPU_Enable                                    build/stm32f4xx_hal_cortex.o
HAL_MspDeInit                                     build/stm32f4xx_hal.o
HAL_MspInit                                       build/stm32f4xx_hal_msp.o
HAL_MultiProcessor_EnterMuteMode                  build/stm32f4xx_hal_uart.o
HAL_MultiProcessor_ExitMuteMode                   build/stm32f4xx_hal_uart.o
HAL_MultiProcessor_Init                           build/stm32f4xx_hal_uart.o
HAL_NVIC_ClearPendingIRQ                          build/stm32f4xx_hal_cortex.o
HAL_NVIC_DisableIRQ                               build/stm32f4xx_hal_cortex.o
                                                  build/stm32f4xx_hal_msp.o
HAL_NVIC_EnableIRQ                                build/stm32f4xx_hal_cortex.o
                                                  build/stm32f4xx_hal_msp.o
                                                  build/main.o
HAL_NVIC_GetActive                                build/stm32f4xx_hal_cortex.o
HAL_NVIC_GetPendingIRQ                            build/stm32f4xx_hal_cortex.o
HAL_NVIC_GetPriority                              build/stm32f4xx_hal_cortex.o
HAL_NVIC_GetPriorityGrouping                      build/stm32f4xx_hal_cortex.o
HAL_NVIC_SetPendingIRQ                            build/stm32f4xx_hal_cortex.o
HAL_NVIC_SetPriority                              build/stm32f4xx_hal_cortex.o
                                                  build/stm32f4xx_hal.o
                                                  build/stm32f4xx_hal_msp.o
                                                  build/main.o
HAL_NVIC_SetPriorityGrouping                      build/stm32f4xx_hal_cortex.o
                                                  build/stm32f4xx_hal.o
                                                  build/stm32f4xx_hal_msp.o
HAL_NVIC_SystemReset                              build/stm32f4xx_hal_cortex.o
HAL_PWREx_ControlVoltageScaling                   build/stm32f4xx_hal_pwr_ex.o
HAL_PWREx_DisableBkUpReg                          build/stm32f4xx_hal_pwr_ex.o
HAL_PWREx_DisableFlashPowerDown                   build/stm32f4xx_hal_pwr_ex.o
HAL_PWREx_DisableOverDrive                        build/stm32f4xx_hal_pwr_ex.o
HAL_PWREx_EnableBkUpReg                           build/stm32f4xx_hal_pwr_ex.o
HAL_PWREx_EnableFlashPowerDown                    build/stm32f4xx_hal_pwr_ex.o
HAL_PWREx_EnableOverDrive                         build/stm32f4xx_hal_pwr_ex.o
HAL_PWREx_EnterUnderDriveSTOPMode                 build/stm32f4xx_hal_pwr_ex.o
HAL_PWREx_GetVoltageRange                         build/stm32f4xx_hal_pwr_ex.o
HAL_PWR_ConfigPVD                                 build/stm32f4xx_hal_pwr.o
HAL_PWR_DeInit                                    build/stm32f4xx_hal_pwr.o
HAL_PWR_DisableBkUpAccess                         build/stm32f4xx_hal_pwr.o
HAL_PWR_DisablePVD                                build/stm32f4xx_hal_pwr.o
HAL_PWR_DisableSEVOnPend                          build/stm32f4xx_hal_pwr.o
HAL_PWR_DisableSleepOnExit                        build/stm32f4xx_hal_pwr.o
HAL_PWR_DisableWakeUpPin                          build/stm32f4xx_hal_pwr.o
HAL_PWR_EnableBkUpAccess                          build/stm32f4xx_hal_pwr.o
HAL_PWR_EnablePVD                                 build/stm32f4xx_hal_pwr.o
HAL_PWR_EnableSEVOnPend                           build/stm32f4xx_hal_pwr.o
HAL_PWR_EnableSleepOnExit                         build/stm32f4xx_hal_pwr.o
HAL_PWR_EnableWakeUpPin                           build/stm32f4xx_hal_pwr.o
HAL_PWR_EnterSLEEPMode                            build/stm32f4xx_hal_pwr.o
HAL_PWR_EnterSTANDBYMode                          build/stm32f4xx_hal_pwr.o
HAL_PWR_EnterSTOPMode                             build/stm32f4xx_hal_pwr.o
HAL_PWR_PVDCallback                               build/stm32f4xx_hal_pwr.o
HAL_PWR_PVD_IRQHandler                            build/stm32f4xx_hal_pwr.o
HAL_RCCEx_DisablePLLI2S                           build/stm32f4xx_hal_rcc_ex.o
HAL_RCCEx_DisablePLLSAI                           build/stm32f4xx_hal_rcc_ex.o
HAL_RCCEx_EnablePLLI2S                            build/stm32f4xx_hal_rcc_ex.o
HAL_RCCEx_EnablePLLSAI                            build/stm32f4xx_hal_rcc_ex.o
HAL_RCCEx_GetPeriphCLKConfig                      build/stm32f4xx_hal_rcc_ex.o
HAL_RCCEx_GetPeriphCLKFreq                        build/stm32f4xx_hal_rcc_ex.o
HAL_RCCEx_PeriphCLKConfig                         build/stm32f4xx_hal_rcc_ex.o
HAL_RCCEx_SelectLSEMode                           build/stm32f4xx_hal_rcc_ex.o
HAL_RCC_CSSCallback                               build/stm32f4xx_hal_rcc.o
HAL_RCC_ClockConfig                               build/stm32f4xx_hal_rcc.o
                                                  build/main.o
HAL_RCC_DeInit                                    build/stm32f4xx_hal_rcc_ex.o
                                                  build/stm32f4xx_hal_rcc.o
HAL_RCC_DisableCSS                                build/stm32f4xx_hal_rcc.o
HAL_RCC_EnableCSS                                 build/stm32f4xx_hal_rcc.o
HAL_RCC_GetClockConfig                            build/stm32f4xx_hal_rcc.o
HAL_RCC_GetHCLKFreq                               build/stm32f4xx_hal_rcc.o
HAL_RCC_GetOscConfig                              build/stm32f4xx_hal_rcc_ex.o
                                                  build/stm32f4xx_hal_rcc.o
HAL_RCC_GetPCLK1Freq                              build/stm32f4xx_hal_rcc.o
                                                  build/stm32f4xx_hal_uart.o
HAL_RCC_GetPCLK2Freq                              build/stm32f4xx_hal_rcc.o
                                                  build/stm32f4xx_hal_uart.o
HAL_RCC_GetSysClockFreq                           build/stm32f4xx_hal_rcc_ex.o
                                                  build/stm32f4xx_hal_rcc.o
HAL_RCC_MCOConfig                                 build/stm32f4xx_hal_rcc.o
HAL_RCC_NMI_IRQHandler                            build/stm32f4xx_hal_rcc.o
HAL_RCC_OscConfig                                 build/stm32f4xx_hal_rcc_ex.o
                                                  build/stm32f4xx_hal_rcc.o
                                                  build/main.o
HAL_ResumeTick                                    build/stm32f4xx_hal.o
HAL_SYSTICK_CLKSourceConfig                       build/stm32f4xx_hal_cortex.o
HAL_SYSTICK_Callback                              build/stm32f4xx_hal_cortex.o
HAL_SYSTICK_Config                                build/stm32f4xx_hal_cortex.o
                                                  build/stm32f4xx_hal.o
HAL_SYSTICK_IRQHandler                            build/stm32f4xx_hal_cortex.o
HAL_SetTickFreq                                   build/stm32f4xx_hal.o
HAL_SuspendTick                                   build/stm32f4xx_hal.o
HAL_TIMEx_BreakCallback                           build/stm32f4xx_hal_tim_ex.o
                                                  build/stm32f4xx_hal_tim.o
HAL_TIMEx_CommutCallback                          build/stm32f4xx_hal_tim_ex.o
                                                  build/stm32f4xx_hal_tim.o
HAL_TIMEx_CommutHalfCpltCallback                  build/stm32f4xx_hal_tim_ex.o
HAL_TIMEx_ConfigBreakDeadTime                     build/stm32f4xx_hal_tim_ex.o
HAL_TIMEx_ConfigCommutEvent                       build/stm32f4xx_hal_tim_ex.o
HAL_TIMEx_ConfigCommutEvent_DMA                   build/stm32f4xx_hal_tim_ex.o
HAL_TIMEx_ConfigCommutEvent_IT                    build/stm32f4xx_hal_tim_ex.o
HAL_TIMEx_GetChannelNState                        build/stm32f4xx_hal_tim_ex.o
HAL_TIMEx_HallSensor_DeInit                       build/stm32f4xx_hal_tim_ex.o
HAL_TIMEx_HallSensor_GetState                     build/stm32f4xx_hal_tim_ex.o
HAL_TIMEx_HallSensor_Init                         build/stm32f4xx_hal_tim_ex.o
HAL_TIMEx_HallSensor_MspDeInit                    build/stm32f4xx_hal_tim_ex.o
HAL_TIMEx_HallSensor_MspInit                      build/stm32f4xx_hal_tim_ex.o
HAL_TIMEx_HallSensor_Start                        build/stm32f4xx_hal_tim_ex.o
HAL_TIMEx_HallSensor_Start_DMA                    build/stm32f4xx_hal_tim_ex.o
HAL_TIMEx_HallSensor_Start_IT                     build/stm32f4xx_hal_tim_ex.o
HAL_TIMEx_HallSensor_Stop                         build/stm32f4xx_hal_tim_ex.o
HAL_TIMEx_HallSensor_Stop_DMA                     build/stm32f4xx_hal_tim_ex.o
HAL_TIMEx_HallSensor_Stop_IT                      build/stm32f4xx_hal_tim_ex.o
HAL_TIMEx_MasterConfigSynchronization             build/stm32f4xx_hal_tim_ex.o
                                                  build/main.o
HAL_TIMEx_OCN_Start                               build/stm32f4xx_hal_tim_ex.o
HAL_TIMEx_OCN_Start_DMA                           build/stm32f4xx_hal_tim_ex.o
HAL_TIMEx_OCN_Start_IT                            build/stm32f4xx_hal_tim_ex.o
HAL_TIMEx_OCN_Stop                                build/stm32f4xx_hal_tim_ex.o
HAL_TIMEx_OCN_Stop_DMA                            build/stm32f4xx_hal_tim_ex.o
HAL_TIMEx_OCN_Stop_IT                             build/stm32f4xx_hal_tim_ex.o
HAL_TIMEx_OnePulseN_Start                         build/stm32f4xx_hal_tim_ex.o
HAL_TIMEx_OnePulseN_Start_IT                      build/stm32f4xx_hal_tim_ex.o
HAL_TIMEx_OnePulseN_Stop                          build/stm32f4xx_hal_tim_ex.o
HAL_TIMEx_OnePulseN_Stop_IT                       build/stm32f4xx_hal_tim_ex.o
HAL_TIMEx_PWMN_Start                              build/stm32f4xx_hal_tim_ex.o
HAL_TIMEx_PWMN_Start_DMA                          build/stm32f4xx_hal_tim_ex.o
HAL_TIMEx_PWMN_Start_IT                           build/stm32f4xx_hal_tim_ex.o
HAL_TIMEx_PWMN_Stop                               build/stm32f4xx_hal_tim_ex.o
HAL_TIMEx_PWMN_Stop_DMA                           build/stm32f4xx_hal_tim_ex.o
HAL_TIMEx_PWMN_Stop_IT                            build/stm32f4xx_hal_tim_ex.o
HAL_TIMEx_RemapConfig                             build/stm32f4xx_hal_tim_ex.o
HAL_TIM_Base_DeInit                               build/stm32f4xx_hal_tim.o
HAL_TIM_Base_GetState                             build/stm32f4xx_hal_tim.o
HAL_TIM_Base_Init                                 build/stm32f4xx_hal_tim.o
                                                  build/main.o
HAL_TIM_Base_MspDeInit                            build/stm32f4xx_hal_msp.o
HAL_TIM_Base_MspInit                              build/stm32f4xx_hal_msp.o
HAL_TIM_Base_Start                                build/stm32f4xx_hal_tim.o
                                                  build/main.o
HAL_TIM_Base_Start_DMA                            build/stm32f4xx_hal_tim.o
HAL_TIM_Base_Start_IT                             build/stm32f4xx_hal_tim.o
HAL_TIM_Base_Stop                                 build/stm32f4xx_hal_tim.o
HAL_TIM_Base_Stop_DMA                             build/stm32f4xx_hal_tim.o
HAL_TIM_Base_Stop_IT                              build/stm32f4xx_hal_tim.o
HAL_TIM_ConfigClockSource                         build/stm32f4xx_hal_tim.o
                                                  build/main.o
HAL_TIM_ConfigOCrefClear                          build/stm32f4xx_hal_tim.o
HAL_TIM_ConfigTI1Input                            build/stm32f4xx_hal_tim.o
HAL_TIM_DMABurstState                             build/stm32f4xx_hal_tim.o
HAL_TIM_DMABurst_MultiReadStart                   build/stm32f4xx_hal_tim.o
HAL_TIM_DMABurst_MultiWriteStart                  build/stm32f4xx_hal_tim.o
HAL_TIM_DMABurst_ReadStart                        build/stm32f4xx_hal_tim.o
HAL_TIM_DMABurst_ReadStop                         build/stm32f4xx_hal_tim.o
HAL_TIM_DMABurst_WriteStart                       build/stm32f4xx_hal_tim.o
HAL_TIM_DMABurst_WriteStop                        build/stm32f4xx_hal_tim.o
HAL_TIM_Encoder_DeInit                            build/stm32f4xx_hal_tim.o
HAL_TIM_Encoder_GetState                          build/stm32f4xx_hal_tim.o
HAL_TIM_Encoder_Init                              build/stm32f4xx_hal_tim.o
HAL_TIM_Encoder_MspDeInit                         build/stm32f4xx_hal_tim.o
HAL_TIM_Encoder_MspInit                           build/stm32f4xx_hal_tim.o
HAL_TIM_Encoder_Start                             build/stm32f4xx_hal_tim.o
HAL_TIM_Encoder_Start_DMA                         build/stm32f4xx_hal_tim.o
HAL_TIM_Encoder_Start_IT                          build/stm32f4xx_hal_tim.o
HAL_TIM_Encoder_Stop                              build/stm32f4xx_hal_tim.o
HAL_TIM_Encoder_Stop_DMA                          build/stm32f4xx_hal_tim.o
HAL_TIM_Encoder_Stop_IT                           build/stm32f4xx_hal_tim.o
HAL_TIM_ErrorCallback                             build/stm32f4xx_hal_tim.o
                                                  build/stm32f4xx_hal_tim_ex.o
HAL_TIM_GenerateEvent                             build/stm32f4xx_hal_tim.o
HAL_TIM_GetActiveChannel                          build/stm32f4xx_hal_tim.o
HAL_TIM_GetChannelState                           build/stm32f4xx_hal_tim.o
HAL_TIM_IC_CaptureCallback                        build/stm32f4xx_hal_tim.o
HAL_TIM_IC_CaptureHalfCpltCallback                build/stm32f4xx_hal_tim.o
HAL_TIM_IC_ConfigChannel                          build/stm32f4xx_hal_tim.o
HAL_TIM_IC_DeInit                                 build/stm32f4xx_hal_tim.o
HAL_TIM_IC_GetState                               build/stm32f4xx_hal_tim.o
HAL_TIM_IC_Init                                   build/stm32f4xx_hal_tim.o
HAL_TIM_IC_MspDeInit                              build/stm32f4xx_hal_tim.o
HAL_TIM_IC_MspInit                                build/stm32f4xx_hal_tim.o
HAL_TIM_IC_Start                                  build/stm32f4xx_hal_tim.o
HAL_TIM_IC_Start_DMA                              build/stm32f4xx_hal_tim.o
HAL_TIM_IC_Start_IT                               build/stm32f4xx_hal_tim.o
HAL_TIM_IC_Stop                                   build/stm32f4xx_hal_tim.o
HAL_TIM_IC_Stop_DMA                               build/stm32f4xx_hal_tim.o
HAL_TIM_IC_Stop_IT                                build/stm32f4xx_hal_tim.o
HAL_TIM_IRQHandler                                build/stm32f4xx_hal_tim.o
                                                  build/stm32f4xx_it.o
HAL_TIM_OC_ConfigChannel                          build/stm32f4xx_hal_tim.o
HAL_TIM_OC_DeInit                                 build/stm32f4xx_hal_tim.o
HAL_TIM_OC_DelayElapsedCallback                   build/stm32f4xx_hal_tim.o
HAL_TIM_OC_GetState                               build/stm32f4xx_hal_tim.o
HAL_TIM_OC_Init                                   build/stm32f4xx_hal_tim.o
HAL_TIM_OC_MspDeInit                              build/stm32f4xx_hal_tim.o
HAL_TIM_OC_MspInit                                build/stm32f4xx_hal_tim.o
HAL_TIM_OC_Start                                  build/stm32f4xx_hal_tim.o
HAL_TIM_OC_Start_DMA                              build/stm32f4xx_hal_tim.o
HAL_TIM_OC_Start_IT                               build/stm32f4xx_hal_tim.o
HAL_TIM_OC_Stop                                   build/stm32f4xx_hal_tim.o
HAL_TIM_OC_Stop_DMA                               build/stm32f4xx_hal_tim.o
HAL_TIM_OC_Stop_IT                                build/stm32f4xx_hal_tim.o
HAL_TIM_OnePulse_ConfigChannel                    build/stm32f4xx_hal_tim.o
HAL_TIM_OnePulse_DeInit                           build/stm32f4xx_hal_tim.o
HAL_TIM_OnePulse_GetState                         build/stm32f4xx_hal_tim.o
HAL_TIM_OnePulse_Init                             build/stm32f4xx_hal_tim.o
HAL_TIM_OnePulse_MspDeInit                        build/stm32f4xx_hal_tim.o
HAL_TIM_OnePulse_MspInit                          build/stm32f4xx_hal_tim.o
HAL_TIM_OnePulse_Start                            build/stm32f4xx_hal_tim.o
HAL_TIM_OnePulse_Start_IT                         build/stm32f4xx_hal_tim.o
HAL_TIM_OnePulse_Stop                             build/stm32f4xx_hal_tim.o
HAL_TIM_OnePulse_Stop_IT                          build/stm32f4xx_hal_tim.o
HAL_TIM_PWM_ConfigChannel                         build/stm32f4xx_hal_tim.o
                                                  build/main.o
HAL_TIM_PWM_DeInit                                build/stm32f4xx_hal_tim.o
HAL_TIM_PWM_GetState                              build/stm32f4xx_hal_tim.o
HAL_TIM_PWM_Init                                  build/stm32f4xx_hal_tim.o
HAL_TIM_PWM_MspDeInit                             build/stm32f4xx_hal_tim.o
HAL_TIM_PWM_MspInit                               build/stm32f4xx_hal_tim.o