Archive member included to satisfy reference by file (symbol)

/usr/lib/gcc/arm-none-eabi/10.3.1/../../../arm-none-eabi/lib/thumb/v7e-m+fp/hard/libc_nano.a(lib_a-atexit.o)
                              /usr/lib/gcc/arm-none-eabi/10.3.1/../../../arm-none-eabi/lib/thumb/v7e-m+fp/hard/crt0.o (atexit)
/usr/lib/gcc/arm-none-eabi/10.3.1/../../../arm-none-eabi/lib/thumb/v7e-m+fp/hard/libc_nano.a(lib_a-exit.o)
                              /usr/lib/gcc/arm-none-eabi/10.3.1/../../../arm-none-eabi/lib/thumb/v7e-m+fp/hard/crt0.o (exit)
/usr/lib/gcc/arm-none-eabi/10.3.1/../../../arm-none-eabi/lib/thumb/v7e-m+fp/hard/libc_nano.a(lib_a-fini.o)
                              /usr/lib/gcc/arm-none-eabi/10.3.1/../../../arm-none-eabi/lib/thumb/v7e-m+fp/hard/crt0.o (__libc_fini_array)
/usr/lib/gcc/arm-none-eabi/10.3.1/../../../arm-none-eabi/lib/thumb/v7e-m+fp/hard/libc_nano.a(lib_a-impure.o)
                              /usr/lib/gcc/arm-none-eabi/10.3.1/../../../arm-none-eabi/lib/thumb/v7e-m+fp/hard/libc_nano.a(lib_a-exit.o) (_global_impure_ptr)
/usr/lib/gcc/arm-none-eabi/10.3.1/../../../arm-none-eabi/lib/thumb/v7e-m+fp/hard/libc_nano.a(lib_a-init.o)
                              /usr/lib/gcc/arm-none-eabi/10.3.1/../../../arm-none-eabi/lib/thumb/v7e-m+fp/hard/crt0.o (__libc_init_array)
/usr/lib/gcc/arm-none-eabi/10.3.1/../../../arm-none-eabi/lib/thumb/v7e-m+fp/hard/libc_nano.a(lib_a-memset.o)
                              /usr/lib/gcc/arm-none-eabi/10.3.1/../../../arm-none-eabi/lib/thumb/v7e-m+fp/hard/crt0.o (memset)
/usr/lib/gcc/arm-none-eabi/10.3.1/../../../arm-none-eabi/lib/thumb/v7e-m+fp/hard/libc_nano.a(lib_a-__atexit.o)
                              /usr/lib/gcc/arm-none-eabi/10.3.1/../../../arm-none-eabi/lib/thumb/v7e-m+fp/hard/libc_nano.a(lib_a-atexit.o) (__register_exitproc)
/usr/lib/gcc/arm-none-eabi/10.3.1/../../../arm-none-eabi/lib/thumb/v7e-m+fp/hard/libc_nano.a(lib_a-__call_atexit.o)
                              /usr/lib/gcc/arm-none-eabi/10.3.1/../../../arm-none-eabi/lib/thumb/v7e-m+fp/hard/libc_nano.a(lib_a-__atexit.o) (__call_exitprocs)
/usr/lib/gcc/arm-none-eabi/10.3.1/../../../arm-none-eabi/lib/thumb/v7e-m+fp/hard/libnosys.a(_exit.o)
                              /usr/lib/gcc/arm-none-eabi/10.3.1/../../../arm-none-eabi/lib/thumb/v7e-m+fp/hard/libc_nano.a(lib_a-exit.o) (_exit)
/usr/lib/gcc/arm-none-eabi/10.3.1/thumb/v7e-m+fp/hard/libgcc.a(_aeabi_uldivmod.o)
                              build/stm32f4xx_hal_rcc.o (__aeabi_uldivmod)
/usr/lib/gcc/arm-none-eabi/10.3.1/thumb/v7e-m+fp/hard/libgcc.a(_udivmoddi4.o)
                              /usr/lib/gcc/arm-none-eabi/10.3.1/thumb/v7e-m+fp/hard/libgcc.a(_aeabi_uldivmod.o) (__udivmoddi4)
/usr/lib/gcc/arm-none-eabi/10.3.1/thumb/v7e-m+fp/hard/libgcc.a(_dvmd_tls.o)
                              /usr/lib/gcc/arm-none-eabi/10.3.1/thumb/v7e-m+fp/hard/libgcc.a(_aeabi_uldivmod.o) (__aeabi_ldiv0)

Discarded input sections

 .text          0x0000000000000000        0x0 /usr/lib/gcc/arm-none-eabi/10.3.1/thumb/v7e-m+fp/hard/crti.o
 .data          0x0000000000000000        0x0 /usr/lib/gcc/arm-none-eabi/10.3.1/thumb/v7e-m+fp/hard/crti.o
 .bss           0x0000000000000000        0x0 /usr/lib/gcc/arm-none-eabi/10.3.1/thumb/v7e-m+fp/hard/crti.o
 .data          0x0000000000000000        0x4 /usr/lib/gcc/arm-none-eabi/10.3.1/thumb/v7e-m+fp/hard/crtbegin.o
 .rodata        0x0000000000000000       0x24 /usr/lib/gcc/arm-none-eabi/10.3.1/thumb/v7e-m+fp/hard/crtbegin.o
 .text          0x0000000000000000       0x70 /usr/lib/gcc/arm-none-eabi/10.3.1/../../../arm-none-eabi/lib/thumb/v7e-m+fp/hard/crt0.o
 .data          0x0000000000000000        0x0 /usr/lib/gcc/arm-none-eabi/10.3.1/../../../arm-none-eabi/lib/thumb/v7e-m+fp/hard/crt0.o
 .bss           0x0000000000000000        0x0 /usr/lib/gcc/arm-none-eabi/10.3.1/../../../arm-none-eabi/lib/thumb/v7e-m+fp/hard/crt0.o
 .ARM.extab     0x0000000000000000        0x0 /usr/lib/gcc/arm-none-eabi/10.3.1/../../../arm-none-eabi/lib/thumb/v7e-m+fp/hard/crt0.o
 .ARM.exidx     0x0000000000000000       0x10 /usr/lib/gcc/arm-none-eabi/10.3.1/../../../arm-none-eabi/lib/thumb/v7e-m+fp/hard/crt0.o
 .debug_line    0x0000000000000000       0x87 /usr/lib/gcc/arm-none-eabi/10.3.1/../../../arm-none-eabi/lib/thumb/v7e-m+fp/hard/crt0.o
 .debug_info    0x0000000000000000       0x26 /usr/lib/gcc/arm-none-eabi/10.3.1/../../../arm-none-eabi/lib/thumb/v7e-m+fp/hard/crt0.o
 .debug_abbrev  0x0000000000000000       0x14 /usr/lib/gcc/arm-none-eabi/10.3.1/../../../arm-none-eabi/lib/thumb/v7e-m+fp/hard/crt0.o
 .debug_aranges
                0x0000000000000000       0x20 /usr/lib/gcc/arm-none-eabi/10.3.1/../../../arm-none-eabi/lib/thumb/v7e-m+fp/hard/crt0.o
 .debug_str     0x0000000000000000       0x98 /usr/lib/gcc/arm-none-eabi/10.3.1/../../../arm-none-eabi/lib/thumb/v7e-m+fp/hard/crt0.o
 .ARM.attributes
                0x0000000000000000       0x1c /usr/lib/gcc/arm-none-eabi/10.3.1/../../../arm-none-eabi/lib/thumb/v7e-m+fp/hard/crt0.o
[...]
Memory Configuration

Name             Origin             Length             Attributes
RAM              0x0000000020000000 0x0000000000020000 xrw
FLASH            0x0000000008000000 0x0000000000080000 xr
*default*        0x0000000000000000 0xffffffffffffffff

Linker script and memory map

LOAD /usr/lib/gcc/arm-none-eabi/10.3.1/thumb/v7e-m+fp/hard/crti.o
LOAD /usr/lib/gcc/arm-none-eabi/10.3.1/thumb/v7e-m+fp/hard/crtbegin.o
LOAD /usr/lib/gcc/arm-none-eabi/10.3.1/../../../arm-none-eabi/lib/thumb/v7e-m+fp/hard/crt0.o
LOAD build/main.o
LOAD build/stm32f4xx_hal_msp.o
LOAD build/stm32f4xx_it.o
LOAD build/system_stm32f4xx.o
LOAD build/stm32f4xx_hal.o
LOAD build/stm32f4xx_hal_adc.o
LOAD build/stm32f4xx_hal_adc_ex.o
LOAD build/stm32f4xx_hal_cortex.o
LOAD build/stm32f4xx_hal_dac.o
LOAD build/stm32f4xx_hal_dac_ex.o
LOAD build/stm32f4xx_hal_dma.o
LOAD build/stm32f4xx_hal_dma_ex.o
LOAD build/stm32f4xx_hal_exti.o
LOAD build/stm32f4xx_hal_flash.o
LOAD build/stm32f4xx_hal_flash_ex.o
LOAD build/stm32f4xx_hal_flash_ramfunc.o
LOAD build/stm32f4xx_hal_gpio.o
LOAD build/stm32f4xx_hal_pwr.o
LOAD build/stm32f4xx_hal_pwr_ex.o
LOAD build/stm32f4xx_hal_rcc.o
LOAD build/stm32f4xx_hal_rcc_ex.o
LOAD build/stm32f4xx_hal_tim.o
LOAD build/stm32f4xx_hal_tim_ex.o
LOAD build/stm32f4xx_hal_uart.o
LOAD build/stm32f4xx_ll_adc.o
LOAD build/startup_stm32f446xx.o
LOAD /usr/lib/gcc/arm-none-eabi/10.3.1/../../../arm-none-eabi/lib/thumb/v7e-m+fp/hard/libc_nano.a
LOAD /usr/lib/gcc/arm-none-eabi/10.3.1/../../../arm-none-eabi/lib/thumb/v7e-m+fp/hard/libm.a
LOAD /usr/lib/gcc/arm-none-eabi/10.3.1/../../../arm-none-eabi/lib/thumb/v7e-m+fp/hard/libnosys.a
START GROUP
LOAD /usr/lib/gcc/arm-none-eabi/10.3.1/thumb/v7e-m+fp/hard/libgcc.a
LOAD /usr/lib/gcc/arm-none-eabi/10.3.1/../../../arm-none-eabi/lib/thumb/v7e-m+fp/hard/libc_nano.a
END GROUP
START GROUP
LOAD /usr/lib/gcc/arm-none-eabi/10.3.1/thumb/v7e-m+fp/hard/libgcc.a
LOAD /usr/lib/gcc/arm-none-eabi/10.3.1/../../../arm-none-eabi/lib/thumb/v7e-m+fp/hard/libc_nano.a
END GROUP
LOAD /usr/lib/gcc/arm-none-eabi/10.3.1/thumb/v7e-m+fp/hard/crtend.o
LOAD /usr/lib/gcc/arm-none-eabi/10.3.1/thumb/v7e-m+fp/hard/crtn.o
                0x0000000020020000                _estack = (ORIGIN (RAM) + LENGTH (RAM))
                0x0000000000000200                _Min_Heap_Size = 0x200
                0x0000000000000400                _Min_Stack_Size = 0x400

.isr_vector     0x0000000008000000      0x1c4
                0x0000000008000000                . = ALIGN (0x4)
 *(.isr_vector)
 .isr_vector    0x0000000008000000      0x1c4 build/startup_stm32f446xx.o
                0x0000000008000000                g_pfnVectors
                0x00000000080001c4                . = ALIGN (0x4)

.text           0x00000000080001c4     0x312c
                0x00000000080001c4                . = ALIGN (0x4)
 *(.text)
 .text          0x00000000080001c4       0x88 /usr/lib/gcc/arm-none-eabi/10.3.1/thumb/v7e-m+fp/hard/crtbegin.o
 .text          0x000000000800024c       0x48 /usr/lib/gcc/arm-none-eabi/10.3.1/../../../arm-none-eabi/lib/thumb/v7e-m+fp/hard/libc_nano.a(lib_a-init.o)
                0x000000000800024c                __libc_init_array
 .text          0x0000000008000294       0xa4 /usr/lib/gcc/arm-none-eabi/10.3.1/../../../arm-none-eabi/lib/thumb/v7e-m+fp/hard/libc_nano.a(lib_a-memset.o)
                0x0000000008000294                memset
 .text          0x0000000008000338       0x30 /usr/lib/gcc/arm-none-eabi/10.3.1/thumb/v7e-m+fp/hard/libgcc.a(_aeabi_uldivmod.o)
                0x0000000008000338                __aeabi_uldivmod
 .text          0x0000000008000368      0x2d0 /usr/lib/gcc/arm-none-eabi/10.3.1/thumb/v7e-m+fp/hard/libgcc.a(_udivmoddi4.o)
                0x0000000008000368                __udivmoddi4
 .text          0x0000000008000638        0x4 /usr/lib/gcc/arm-none-eabi/10.3.1/thumb/v7e-m+fp/hard/libgcc.a(_dvmd_tls.o)
                0x0000000008000638                __aeabi_ldiv0
                0x0000000008000638                __aeabi_idiv0
 *(.text*)
 .text.MX_GPIO_Init
                0x000000000800063c       0xa8 build/main.o
 .text.MX_DMA_Init
                0x00000000080006e4       0x68 build/main.o
 .text.buildRamp
                0x000000000800074c       0x48 build/main.o
                0x000000000800074c                buildRamp
 .text.Error_Handler
                0x0000000008000794        0x4 build/main.o
                0x0000000008000794                Error_Handler
 .text.MX_ADC1_Init
                0x0000000008000798       0x70 build/main.o
 .text.MX_ADC2_Init
                0x0000000008000808       0x88 build/main.o
 .text.MX_USART2_UART_Init
                0x0000000008000890       0x34 build/main.o
 .text.MX_DAC_Init
                0x00000000080008c4       0x40 build/main.o
 .text.MX_TIM2_Init
                0x0000000008000904       0xa0 build/main.o
 .text.SystemClockHSE_Config
                0x00000000080009a4       0xc8 build/main.o
                0x00000000080009a4                SystemClockHSE_Config
 .text.main     0x0000000008000a6c      0x14c build/main.o
                0x0000000008000a6c                main
 .text.HAL_ADC_ConvHalfCpltCallback
                0x0000000008000bb8       0x30 build/main.o
                0x0000000008000bb8                HAL_ADC_ConvHalfCpltCallback
 .text.HAL_ADC_ConvCpltCallback
                0x0000000008000be8       0x30 build/main.o
                0x0000000008000be8                HAL_ADC_ConvCpltCallback
 .text.HAL_MspInit
                0x0000000008000c18       0x40 build/stm32f4xx_hal_msp.o
                0x0000000008000c18                HAL_MspInit
 .text.HAL_ADC_MspInit
                0x0000000008000c58      0x158 build/stm32f4xx_hal_msp.o
                0x0000000008000c58                HAL_ADC_MspInit
 .text.HAL_DAC_MspInit
                0x0000000008000db0       0xc0 build/stm32f4xx_hal_msp.o
                0x0000000008000db0                HAL_DAC_MspInit
 .text.HAL_TIM_Base_MspInit
                0x0000000008000e70       0x3c build/stm32f4xx_hal_msp.o
                0x0000000008000e70                HAL_TIM_Base_MspInit
 .text.HAL_UART_MspInit
                0x0000000008000eac       0x70 build/stm32f4xx_hal_msp.o
                0x0000000008000eac                HAL_UART_MspInit
 .text.NMI_Handler
                0x0000000008000f1c        0x2 build/stm32f4xx_it.o
                0x0000000008000f1c                NMI_Handler
 .text.HardFault_Handler
                0x0000000008000f1e        0x2 build/stm32f4xx_it.o
                0x0000000008000f1e                HardFault_Handler
 .text.MemManage_Handler
                0x0000000008000f20        0x2 build/stm32f4xx_it.o
                0x0000000008000f20                MemManage_Handler
 .text.BusFault_Handler
                0x0000000008000f22        0x2 build/stm32f4xx_it.o
                0x0000000008000f22                BusFault_Handler
 .text.UsageFault_Handler
                0x0000000008000f24        0x2 build/stm32f4xx_it.o
                0x0000000008000f24                UsageFault_Handler
 .text.SVC_Handler
                0x0000000008000f26        0x2 build/stm32f4xx_it.o
                0x0000000008000f26                SVC_Handler
 .text.DebugMon_Handler
                0x0000000008000f28        0x2 build/stm32f4xx_it.o
                0x0000000008000f28                DebugMon_Handler
 .text.PendSV_Handler
                0x0000000008000f2a        0x2 build/stm32f4xx_it.o
                0x0000000008000f2a                PendSV_Handler
 .text.SysTick_Handler
                0x0000000008000f2c        0x8 build/stm32f4xx_it.o
                0x0000000008000f2c                SysTick_Handler
 .text.DMA1_Stream5_IRQHandler
                0x0000000008000f34       0x10 build/stm32f4xx_it.o
                0x0000000008000f34                DMA1_Stream5_IRQHandler
 .text.ADC_IRQHandler
                0x0000000008000f44       0x10 build/stm32f4xx_it.o
                0x0000000008000f44                ADC_IRQHandler
 .text.TIM2_IRQHandler
                0x0000000008000f54       0x10 build/stm32f4xx_it.o
                0x0000000008000f54                TIM2_IRQHandler
 .text.TIM6_DAC_IRQHandler
                0x0000000008000f64       0x10 build/stm32f4xx_it.o
                0x0000000008000f64                TIM6_DAC_IRQHandler
 .text.DMA2_Stream0_IRQHandler
                0x0000000008000f74       0x10 build/stm32f4xx_it.o
                0x0000000008000f74                DMA2_Stream0_IRQHandler
 .text.DMA2_Stream2_IRQHandler
                0x0000000008000f84       0x10 build/stm32f4xx_it.o
                0x0000000008000f84                DMA2_Stream2_IRQHandler
 .text.SystemInit
                0x0000000008000f94       0x14 build/system_stm32f4xx.o
                0x0000000008000f94                SystemInit
 .text.HAL_InitTick
                0x0000000008000fa8       0x4c build/stm32f4xx_hal.o
                0x0000000008000fa8                HAL_InitTick
 .text.HAL_Init
                0x0000000008000ff4       0x34 build/stm32f4xx_hal.o
                0x0000000008000ff4                HAL_Init
 .text.HAL_IncTick
                0x0000000008001028       0x18 build/stm32f4xx_hal.o
                0x0000000008001028                HAL_IncTick
 .text.HAL_GetTick
                0x0000000008001040        0xc build/stm32f4xx_hal.o
                0x0000000008001040                HAL_GetTick
 .text.ADC_Init
                0x000000000800104c      0x134 build/stm32f4xx_hal_adc.o
 .text.HAL_ADC_Init
                0x0000000008001180       0x56 build/stm32f4xx_hal_adc.o
                0x0000000008001180                HAL_ADC_Init
 *fill*         0x00000000080011d6        0x2 
 .text.HAL_ADC_Start_IT
                0x00000000080011d8      0x150 build/stm32f4xx_hal_adc.o
                0x00000000080011d8                HAL_ADC_Start_IT
 .text.HAL_ADC_Start_DMA
                0x0000000008001328      0x19c build/stm32f4xx_hal_adc.o
                0x0000000008001328                HAL_ADC_Start_DMA
 .text.ADC_DMAHalfConvCplt
                0x00000000080014c4        0xa build/stm32f4xx_hal_adc.o
 .text.HAL_ADC_LevelOutOfWindowCallback
                0x00000000080014ce        0x2 build/stm32f4xx_hal_adc.o
                0x00000000080014ce                HAL_ADC_LevelOutOfWindowCallback
 .text.HAL_ADC_ErrorCallback
                0x00000000080014d0        0x2 build/stm32f4xx_hal_adc.o
                0x00000000080014d0                HAL_ADC_ErrorCallback
 .text.HAL_ADC_IRQHandler
                0x00000000080014d2      0x142 build/stm32f4xx_hal_adc.o
                0x00000000080014d2                HAL_ADC_IRQHandler
 .text.ADC_DMAError
                0x0000000008001614       0x16 build/stm32f4xx_hal_adc.o
 .text.ADC_DMAConvCplt
                0x000000000800162a       0x72 build/stm32f4xx_hal_adc.o
 .text.HAL_ADC_ConfigChannel
                0x000000000800169c      0x1ac build/stm32f4xx_hal_adc.o
                0x000000000800169c                HAL_ADC_ConfigChannel
 .text.HAL_ADCEx_InjectedConvCpltCallback
                0x0000000008001848        0x2 build/stm32f4xx_hal_adc_ex.o
                0x0000000008001848                HAL_ADCEx_InjectedConvCpltCallback
 *fill*         0x000000000800184a        0x2 
 .text.HAL_NVIC_SetPriorityGrouping
                0x000000000800184c       0x24 build/stm32f4xx_hal_cortex.o
                0x000000000800184c                HAL_NVIC_SetPriorityGrouping
 .text.HAL_NVIC_SetPriority
                0x0000000008001870       0x70 build/stm32f4xx_hal_cortex.o
                0x0000000008001870                HAL_NVIC_SetPriority
 .text.HAL_NVIC_EnableIRQ
                0x00000000080018e0       0x1c build/stm32f4xx_hal_cortex.o
                0x00000000080018e0                HAL_NVIC_EnableIRQ
 .text.HAL_SYSTICK_Config
                0x00000000080018fc       0x28 build/stm32f4xx_hal_cortex.o
                0x00000000080018fc                HAL_SYSTICK_Config
 .text.HAL_DAC_Init
                0x0000000008001924       0x24 build/stm32f4xx_hal_dac.o
                0x0000000008001924                HAL_DAC_Init
 .text.HAL_DAC_Start_DMA
                0x0000000008001948       0xfc build/stm32f4xx_hal_dac.o
                0x0000000008001948                HAL_DAC_Start_DMA
 .text.HAL_DAC_ConvCpltCallbackCh1
                0x0000000008001a44        0x2 build/stm32f4xx_hal_dac.o
                0x0000000008001a44                HAL_DAC_ConvCpltCallbackCh1
 .text.DAC_DMAConvCpltCh1
                0x0000000008001a46       0x10 build/stm32f4xx_hal_dac.o
                0x0000000008001a46                DAC_DMAConvCpltCh1
 .text.HAL_DAC_ConvHalfCpltCallbackCh1
                0x0000000008001a56        0x2 build/stm32f4xx_hal_dac.o
                0x0000000008001a56                HAL_DAC_ConvHalfCpltCallbackCh1
 .text.DAC_DMAHalfConvCpltCh1
                0x0000000008001a58        0xa build/stm32f4xx_hal_dac.o
                0x0000000008001a58                DAC_DMAHalfConvCpltCh1
 .text.HAL_DAC_ErrorCallbackCh1
                0x0000000008001a62        0x2 build/stm32f4xx_hal_dac.o
                0x0000000008001a62                HAL_DAC_ErrorCallbackCh1
 .text.DAC_DMAErrorCh1
                0x0000000008001a64       0x18 build/stm32f4xx_hal_dac.o
                0x0000000008001a64                DAC_DMAErrorCh1
 .text.HAL_DAC_DMAUnderrunCallbackCh1
                0x0000000008001a7c        0x2 build/stm32f4xx_hal_dac.o
                0x0000000008001a7c                HAL_DAC_DMAUnderrunCallbackCh1
 .text.HAL_DAC_IRQHandler
                0x0000000008001a7e       0x70 build/stm32f4xx_hal_dac.o
                0x0000000008001a7e                HAL_DAC_IRQHandler
 .text.HAL_DAC_ConfigChannel
                0x0000000008001aee       0x56 build/stm32f4xx_hal_dac.o
                0x0000000008001aee                HAL_DAC_ConfigChannel
 .text.HAL_DACEx_ConvCpltCallbackCh2
                0x0000000008001b44        0x2 build/stm32f4xx_hal_dac_ex.o
                0x0000000008001b44                HAL_DACEx_ConvCpltCallbackCh2
 .text.HAL_DACEx_ConvHalfCpltCallbackCh2
                0x0000000008001b46        0x2 build/stm32f4xx_hal_dac_ex.o
                0x0000000008001b46                HAL_DACEx_ConvHalfCpltCallbackCh2
 .text.HAL_DACEx_ErrorCallbackCh2
                0x0000000008001b48        0x2 build/stm32f4xx_hal_dac_ex.o
                0x0000000008001b48                HAL_DACEx_ErrorCallbackCh2
 .text.HAL_DACEx_DMAUnderrunCallbackCh2
                0x0000000008001b4a        0x2 build/stm32f4xx_hal_dac_ex.o
                0x0000000008001b4a                HAL_DACEx_DMAUnderrunCallbackCh2
 .text.DAC_DMAConvCpltCh2
                0x0000000008001b4c       0x10 build/stm32f4xx_hal_dac_ex.o
                0x0000000008001b4c                DAC_DMAConvCpltCh2
 .text.DAC_DMAHalfConvCpltCh2
                0x0000000008001b5c        0xa build/stm32f4xx_hal_dac_ex.o
                0x0000000008001b5c                DAC_DMAHalfConvCpltCh2
 .text.DAC_DMAErrorCh2
                0x0000000008001b66       0x18 build/stm32f4xx_hal_dac_ex.o
                0x0000000008001b66                DAC_DMAErrorCh2
 .text.DMA_SetConfig
                0x0000000008001b7e       0x2c build/stm32f4xx_hal_dma.o
 *fill*         0x0000000008001baa        0x2 
 .text.DMA_CalcBaseAndBitshift
                0x0000000008001bac       0x44 build/stm32f4xx_hal_dma.o
 .text.DMA_CheckFifoParam
                0x0000000008001bf0       0x8e build/stm32f4xx_hal_dma.o
 *fill*         0x0000000008001c7e        0x2 
 .text.HAL_DMA_Init
                0x0000000008001c80       0xcc build/stm32f4xx_hal_dma.o
                0x0000000008001c80                HAL_DMA_Init
 .text.HAL_DMA_Start_IT
                0x0000000008001d4c       0x6a build/stm32f4xx_hal_dma.o
                0x0000000008001d4c                HAL_DMA_Start_IT
 *fill*         0x0000000008001db6        0x2 
 .text.HAL_DMA_IRQHandler
                0x0000000008001db8      0x1dc build/stm32f4xx_hal_dma.o
                0x0000000008001db8                HAL_DMA_IRQHandler
 .text.HAL_GPIO_Init
                0x0000000008001f94      0x1d8 build/stm32f4xx_hal_gpio.o
                0x0000000008001f94                HAL_GPIO_Init
 .text.HAL_GPIO_WritePin
                0x000000000800216c        0xc build/stm32f4xx_hal_gpio.o
                0x000000000800216c                HAL_GPIO_WritePin
 .text.HAL_GPIO_TogglePin
                0x0000000008002178       0x12 build/stm32f4xx_hal_gpio.o
                0x0000000008002178                HAL_GPIO_TogglePin
 *fill*         0x000000000800218a        0x2 
 .text.HAL_PWREx_EnableOverDrive
                0x000000000800218c       0x7c build/stm32f4xx_hal_pwr_ex.o
                0x000000000800218c                HAL_PWREx_EnableOverDrive
 .text.HAL_RCC_ClockConfig
                0x0000000008002208      0x160 build/stm32f4xx_hal_rcc.o
                0x0000000008002208                HAL_RCC_ClockConfig
 .text.HAL_RCC_GetHCLKFreq
                0x0000000008002368        0xc build/stm32f4xx_hal_rcc.o
                0x0000000008002368                HAL_RCC_GetHCLKFreq
 .text.HAL_RCC_GetPCLK1Freq
                0x0000000008002374       0x20 build/stm32f4xx_hal_rcc.o
                0x0000000008002374                HAL_RCC_GetPCLK1Freq
 .text.HAL_RCC_GetPCLK2Freq
                0x0000000008002394       0x20 build/stm32f4xx_hal_rcc.o
                0x0000000008002394                HAL_RCC_GetPCLK2Freq
 .text.HAL_RCC_GetSysClockFreq
                0x00000000080023b4      0x180 build/stm32f4xx_hal_rcc_ex.o
                0x00000000080023b4                HAL_RCC_GetSysClockFreq
 .text.HAL_RCC_OscConfig
                0x0000000008002534      0x444 build/stm32f4xx_hal_rcc_ex.o
                0x0000000008002534                HAL_RCC_OscConfig
 .text.TIM_OC1_SetConfig
                0x0000000008002978       0x68 build/stm32f4xx_hal_tim.o
 .text.TIM_OC3_SetConfig
                0x00000000080029e0       0x70 build/stm32f4xx_hal_tim.o
 .text.TIM_OC4_SetConfig
                0x0000000008002a50       0x50 build/stm32f4xx_hal_tim.o
 .text.TIM_TI1_ConfigInputStage
                0x0000000008002aa0       0x26 build/stm32f4xx_hal_tim.o
 .text.TIM_TI2_ConfigInputStage
                0x0000000008002ac6       0x28 build/stm32f4xx_hal_tim.o
 .text.TIM_ITRx_SetConfig
                0x0000000008002aee       0x10 build/stm32f4xx_hal_tim.o
 *fill*         0x0000000008002afe        0x2 
 .text.HAL_TIM_Base_Start
                0x0000000008002b00       0x7c build/stm32f4xx_hal_tim.o
                0x0000000008002b00                HAL_TIM_Base_Start
 .text.HAL_TIM_PeriodElapsedCallback
                0x0000000008002b7c        0x2 build/stm32f4xx_hal_tim.o
                0x0000000008002b7c                HAL_TIM_PeriodElapsedCallback
 .text.HAL_TIM_OC_DelayElapsedCallback
                0x0000000008002b7e        0x2 build/stm32f4xx_hal_tim.o
                0x0000000008002b7e                HAL_TIM_OC_DelayElapsedCallback
 .text.HAL_TIM_IC_CaptureCallback
                0x0000000008002b80        0x2 build/stm32f4xx_hal_tim.o
                0x0000000008002b80                HAL_TIM_IC_CaptureCallback
 .text.HAL_TIM_PWM_PulseFinishedCallback
                0x0000000008002b82        0x2 build/stm32f4xx_hal_tim.o
                0x0000000008002b82                HAL_TIM_PWM_PulseFinishedCallback
 .text.HAL_TIM_TriggerCallback
                0x0000000008002b84        0x2 build/stm32f4xx_hal_tim.o
                0x0000000008002b84                HAL_TIM_TriggerCallback
 .text.HAL_TIM_IRQHandler
                0x0000000008002b86      0x17a build/stm32f4xx_hal_tim.o
                0x0000000008002b86                HAL_TIM_IRQHandler
 .text.TIM_Base_SetConfig
                0x0000000008002d00       0xc8 build/stm32f4xx_hal_tim.o
                0x0000000008002d00                TIM_Base_SetConfig
 .text.HAL_TIM_Base_Init
                0x0000000008002dc8       0x58 build/stm32f4xx_hal_tim.o
                0x0000000008002dc8                HAL_TIM_Base_Init
 .text.TIM_OC2_SetConfig
                0x0000000008002e20       0x70 build/stm32f4xx_hal_tim.o
                0x0000000008002e20                TIM_OC2_SetConfig
 .text.HAL_TIM_PWM_ConfigChannel
                0x0000000008002e90       0xdc build/stm32f4xx_hal_tim.o
                0x0000000008002e90                HAL_TIM_PWM_ConfigChannel
 .text.TIM_ETR_SetConfig
                0x0000000008002f6c       0x1a build/stm32f4xx_hal_tim.o
                0x0000000008002f6c                TIM_ETR_SetConfig
 .text.HAL_TIM_ConfigClockSource
                0x0000000008002f86       0xfe build/stm32f4xx_hal_tim.o
                0x0000000008002f86                HAL_TIM_ConfigClockSource
 .text.HAL_TIMEx_MasterConfigSynchronization
                0x0000000008003084       0x8c build/stm32f4xx_hal_tim_ex.o
                0x0000000008003084                HAL_TIMEx_MasterConfigSynchronization
 .text.HAL_TIMEx_CommutCallback
                0x0000000008003110        0x2 build/stm32f4xx_hal_tim_ex.o
                0x0000000008003110                HAL_TIMEx_CommutCallback
 .text.HAL_TIMEx_BreakCallback
                0x0000000008003112        0x2 build/stm32f4xx_hal_tim_ex.o
                0x0000000008003112                HAL_TIMEx_BreakCallback
 .text.UART_SetConfig
                0x0000000008003114      0x110 build/stm32f4xx_hal_uart.o
 .text.HAL_UART_Init
                0x0000000008003224       0x5e build/stm32f4xx_hal_uart.o
                0x0000000008003224                HAL_UART_Init
 *fill*         0x0000000008003282        0x2 
 .text.Reset_Handler
                0x0000000008003284       0x50 build/startup_stm32f446xx.o
                0x0000000008003284                Reset_Handler
 .text.Default_Handler
                0x00000000080032d4        0x2 build/startup_stm32f446xx.o
                0x00000000080032d4                RTC_Alarm_IRQHandler
                0x00000000080032d4                EXTI2_IRQHandler
                0x00000000080032d4                TIM8_CC_IRQHandler
                0x00000000080032d4                FMPI2C1_EV_IRQHandler
                0x00000000080032d4                SPI4_IRQHandler
                0x00000000080032d4                TIM1_CC_IRQHandler
                0x00000000080032d4                DMA2_Stream5_IRQHandler
                0x00000000080032d4                PVD_IRQHandler
                0x00000000080032d4                SDIO_IRQHandler
                0x00000000080032d4                TAMP_STAMP_IRQHandler
                0x00000000080032d4                CAN2_RX1_IRQHandler
                0x00000000080032d4                EXTI3_IRQHandler
                0x00000000080032d4                TIM8_TRG_COM_TIM14_IRQHandler
                0x00000000080032d4                TIM1_UP_TIM10_IRQHandler
                0x00000000080032d4                TIM8_UP_TIM13_IRQHandler
                0x00000000080032d4                I2C3_ER_IRQHandler
                0x00000000080032d4                EXTI0_IRQHandler
                0x00000000080032d4                I2C2_EV_IRQHandler
                0x00000000080032d4                DMA1_Stream2_IRQHandler
                0x00000000080032d4                CAN1_RX0_IRQHandler
                0x00000000080032d4                FPU_IRQHandler
                0x00000000080032d4                OTG_HS_WKUP_IRQHandler
                0x00000000080032d4                CAN2_SCE_IRQHandler
                0x00000000080032d4                SPI1_IRQHandler
                0x00000000080032d4                TIM1_BRK_TIM9_IRQHandler
                0x00000000080032d4                DCMI_IRQHandler
                0x00000000080032d4                CAN2_RX0_IRQHandler
                0x00000000080032d4                DMA2_Stream3_IRQHandler
                0x00000000080032d4                SAI2_IRQHandler
                0x00000000080032d4                USART6_IRQHandler
                0x00000000080032d4                USART3_IRQHandler
                0x00000000080032d4                CAN1_RX1_IRQHandler
                0x00000000080032d4                UART5_IRQHandler
                0x00000000080032d4                TIM4_IRQHandler
                0x00000000080032d4                QUADSPI_IRQHandler
                0x00000000080032d4                I2C1_EV_IRQHandler
                0x00000000080032d4                DMA1_Stream6_IRQHandler
                0x00000000080032d4                DMA1_Stream1_IRQHandler
                0x00000000080032d4                UART4_IRQHandler
                0x00000000080032d4                TIM3_IRQHandler
                0x00000000080032d4                RCC_IRQHandler
                0x00000000080032d4                TIM8_BRK_TIM12_IRQHandler
                0x00000000080032d4                Default_Handler
                0x00000000080032d4                CEC_IRQHandler
                0x00000000080032d4                EXTI15_10_IRQHandler
                0x00000000080032d4                DMA1_Stream7_IRQHandler
                0x00000000080032d4                TIM7_IRQHandler
                0x00000000080032d4                CAN2_TX_IRQHandler
                0x00000000080032d4                TIM5_IRQHandler
                0x00000000080032d4                DMA2_Stream7_IRQHandler
                0x00000000080032d4                I2C3_EV_IRQHandler
                0x00000000080032d4                EXTI9_5_IRQHandler
                0x00000000080032d4                RTC_WKUP_IRQHandler
                0x00000000080032d4                SPDIF_RX_IRQHandler
                0x00000000080032d4                SPI2_IRQHandler
                0x00000000080032d4                OTG_HS_EP1_IN_IRQHandler
                0x00000000080032d4                DMA1_Stream0_IRQHandler
                0x00000000080032d4                CAN1_TX_IRQHandler
                0x00000000080032d4                FMPI2C1_ER_IRQHandler
                0x00000000080032d4                EXTI4_IRQHandler
                0x00000000080032d4                OTG_HS_EP1_OUT_IRQHandler
                0x00000000080032d4                WWDG_IRQHandler
                0x00000000080032d4                OTG_FS_WKUP_IRQHandler
                0x00000000080032d4                TIM1_TRG_COM_TIM11_IRQHandler
                0x00000000080032d4                OTG_HS_IRQHandler
                0x00000000080032d4                EXTI1_IRQHandler
                0x00000000080032d4                USART2_IRQHandler
                0x00000000080032d4                I2C2_ER_IRQHandler
                0x00000000080032d4                DMA2_Stream1_IRQHandler
                0x00000000080032d4                CAN1_SCE_IRQHandler
                0x00000000080032d4                FLASH_IRQHandler
                0x00000000080032d4                DMA2_Stream4_IRQHandler
                0x00000000080032d4                USART1_IRQHandler
                0x00000000080032d4                OTG_FS_IRQHandler
                0x00000000080032d4                SPI3_IRQHandler
                0x00000000080032d4                DMA1_Stream4_IRQHandler
                0x00000000080032d4                I2C1_ER_IRQHandler
                0x00000000080032d4                FMC_IRQHandler
                0x00000000080032d4                DMA2_Stream6_IRQHandler
                0x00000000080032d4                SAI1_IRQHandler
                0x00000000080032d4                DMA1_Stream3_IRQHandler
 *(.glue_7)
 .glue_7        0x00000000080032d6        0x0 linker stubs
 *(.glue_7t)
 .glue_7t       0x00000000080032d6        0x0 linker stubs
 *(.eh_frame)
 *fill*         0x00000000080032d6        0x2 
 .eh_frame      0x00000000080032d8        0x0 /usr/lib/gcc/arm-none-eabi/10.3.1/thumb/v7e-m+fp/hard/crtbegin.o
 *(.init)
 .init          0x00000000080032d8        0x4 /usr/lib/gcc/arm-none-eabi/10.3.1/thumb/v7e-m+fp/hard/crti.o
                0x00000000080032d8                _init
 .init          0x00000000080032dc        0x8 /usr/lib/gcc/arm-none-eabi/10.3.1/thumb/v7e-m+fp/hard/crtn.o
 *(.fini)
 .fini          0x00000000080032e4        0x4 /usr/lib/gcc/arm-none-eabi/10.3.1/thumb/v7e-m+fp/hard/crti.o
                0x00000000080032e4                _fini
 .fini          0x00000000080032e8        0x8 /usr/lib/gcc/arm-none-eabi/10.3.1/thumb/v7e-m+fp/hard/crtn.o
                0x00000000080032f0                . = ALIGN (0x4)
                0x00000000080032f0                _etext = .

.vfp11_veneer   0x00000000080032f0        0x0
 .vfp11_veneer  0x00000000080032f0        0x0 linker stubs

.v4_bx          0x00000000080032f0        0x0
 .v4_bx         0x00000000080032f0        0x0 linker stubs

.iplt           0x00000000080032f0        0x0
 .iplt          0x00000000080032f0        0x0 /usr/lib/gcc/arm-none-eabi/10.3.1/thumb/v7e-m+fp/hard/crtbegin.o

.rodata         0x00000000080032f0       0x20
                0x00000000080032f0                . = ALIGN (0x4)
 *(.rodata)
 *(.rodata*)
 .rodata.AHBPrescTable
                0x00000000080032f0       0x10 build/system_stm32f4xx.o
                0x00000000080032f0                AHBPrescTable
 .rodata.APBPrescTable
                0x0000000008003300        0x8 build/system_stm32f4xx.o
                0x0000000008003300                APBPrescTable
 .rodata.flagBitshiftOffset.0
                0x0000000008003308        0x8 build/stm32f4xx_hal_dma.o
                0x0000000008003310                . = ALIGN (0x4)

.ARM.extab
 *(.ARM.extab* .gnu.linkonce.armextab.*)

.ARM            0x0000000008003310        0x8
                0x0000000008003310                __exidx_start = .
 *(.ARM.exidx*)
 .ARM.exidx     0x0000000008003310        0x8 /usr/lib/gcc/arm-none-eabi/10.3.1/thumb/v7e-m+fp/hard/libgcc.a(_udivmoddi4.o)
                0x0000000008003318                __exidx_end = .

.rel.dyn        0x0000000008003318        0x0
 .rel.iplt      0x0000000008003318        0x0 /usr/lib/gcc/arm-none-eabi/10.3.1/thumb/v7e-m+fp/hard/crtbegin.o

.preinit_array  0x0000000008003318        0x0
                0x0000000008003318                PROVIDE (__preinit_array_start = .)
 *(.preinit_array*)
                0x0000000008003318                PROVIDE (__preinit_array_end = .)

.init_array     0x0000000008003318        0x4
                0x0000000008003318                PROVIDE (__init_array_start = .)
 *(SORT_BY_NAME(.init_array.*))
 *(.init_array*)
 .init_array    0x0000000008003318        0x4 /usr/lib/gcc/arm-none-eabi/10.3.1/thumb/v7e-m+fp/hard/crtbegin.o
                0x000000000800331c                PROVIDE (__init_array_end = .)

.fini_array     0x000000000800331c        0x4
                0x000000000800331c                PROVIDE (__fini_array_start = .)
 *(SORT_BY_NAME(.fini_array.*))
 *(.fini_array*)
 .fini_array    0x000000000800331c        0x4 /usr/lib/gcc/arm-none-eabi/10.3.1/thumb/v7e-m+fp/hard/crtbegin.o
                0x0000000008003320                PROVIDE (__fini_array_end = .)
                0x0000000008003320                _sidata = LOADADDR (.data)

.data           0x0000000020000000       0x10 load address 0x0000000008003320
                0x0000000020000000                . = ALIGN (0x4)
                0x0000000020000000                _sdata = .
 *(.data)
 *(.data*)
 .data.rampMax  0x0000000020000000        0x2 build/main.o
                0x0000000020000000                rampMax
 *fill*         0x0000000020000002        0x2 
 .data.SystemCoreClock
                0x0000000020000004        0x4 build/system_stm32f4xx.o
                0x0000000020000004                SystemCoreClock
 .data.uwTickFreq
                0x0000000020000008        0x1 build/stm32f4xx_hal.o
                0x0000000020000008                uwTickFreq
 *fill*         0x0000000020000009        0x3 
 .data.uwTickPrio
                0x000000002000000c        0x4 build/stm32f4xx_hal.o
                0x000000002000000c                uwTickPrio
                0x0000000020000010                . = ALIGN (0x4)
                0x0000000020000010                _edata = .

.tm_clone_table
                0x0000000020000010        0x0 load address 0x0000000008003330
 .tm_clone_table
                0x0000000020000010        0x0 /usr/lib/gcc/arm-none-eabi/10.3.1/thumb/v7e-m+fp/hard/crtbegin.o
 .tm_clone_table
                0x0000000020000010        0x0 /usr/lib/gcc/arm-none-eabi/10.3.1/thumb/v7e-m+fp/hard/crtend.o

.igot.plt       0x0000000020000010        0x0 load address 0x0000000008003330
 .igot.plt      0x0000000020000010        0x0 /usr/lib/gcc/arm-none-eabi/10.3.1/thumb/v7e-m+fp/hard/crtbegin.o
                0x0000000020000010                . = ALIGN (0x4)

.bss            0x0000000020000010     0xe27c load address 0x0000000008003330
                0x0000000020000010                _sbss = .
                0x0000000020000010                __bss_start__ = _sbss
 *(.bss)
 .bss           0x0000000020000010       0x1c /usr/lib/gcc/arm-none-eabi/10.3.1/thumb/v7e-m+fp/hard/crtbegin.o
 *(.bss*)
 .bss.Ramp      0x000000002000002c     0x2000 build/main.o
                0x000000002000002c                Ramp
 .bss.adc1FullReady
                0x000000002000202c        0x1 build/main.o
                0x000000002000202c                adc1FullReady
 .bss.adc1HalfReady
                0x000000002000202d        0x1 build/main.o
                0x000000002000202d                adc1HalfReady
 *fill*         0x000000002000202e        0x2 
 .bss.adc1Val   0x0000000020002030     0x4000 build/main.o
                0x0000000020002030                adc1Val
 .bss.adc2FullReady
                0x0000000020006030        0x1 build/main.o
                0x0000000020006030                adc2FullReady
 .bss.adc2HalfReady
                0x0000000020006031        0x1 build/main.o
                0x0000000020006031                adc2HalfReady
 *fill*         0x0000000020006032        0x2 
 .bss.adc2Val   0x0000000020006034     0x4000 build/main.o
                0x0000000020006034                adc2Val
 .bss.avg       0x000000002000a034     0x4000 build/main.o
                0x000000002000a034                avg
 .bss.hadc1     0x000000002000e034       0x48 build/main.o
                0x000000002000e034                hadc1
 .bss.hadc2     0x000000002000e07c       0x48 build/main.o
                0x000000002000e07c                hadc2
 .bss.hdac      0x000000002000e0c4       0x14 build/main.o
                0x000000002000e0c4                hdac
 .bss.hdma_adc1
                0x000000002000e0d8       0x60 build/main.o
                0x000000002000e0d8                hdma_adc1
 .bss.hdma_adc2
                0x000000002000e138       0x60 build/main.o
                0x000000002000e138                hdma_adc2
 .bss.hdma_dac1
                0x000000002000e198       0x60 build/main.o
                0x000000002000e198                hdma_dac1
 .bss.htim2     0x000000002000e1f8       0x48 build/main.o
                0x000000002000e1f8                htim2
 .bss.huart2    0x000000002000e240       0x44 build/main.o
                0x000000002000e240                huart2
 .bss.nAvg      0x000000002000e284        0x2 build/main.o
                0x000000002000e284                nAvg
 .bss.rampMin   0x000000002000e286        0x2 build/main.o
                0x000000002000e286                rampMin
 .bss.uwTick    0x000000002000e288        0x4 build/stm32f4xx_hal.o
                0x000000002000e288                uwTick
 *(COMMON)
                0x000000002000e28c                . = ALIGN (0x4)
                0x000000002000e28c                _ebss = .
                0x000000002000e28c                __bss_end__ = _ebss

._user_heap_stack
                0x000000002000e28c      0x604 load address 0x0000000008003330
                0x000000002000e290                . = ALIGN (0x8)
 *fill*         0x000000002000e28c        0x4 
                [!provide]                        PROVIDE (end = .)
                [!provide]                        PROVIDE (_end = .)
                0x000000002000e490                . = (. + _Min_Heap_Size)
 *fill*         0x000000002000e290      0x200 
                0x000000002000e890                . = (. + _Min_Stack_Size)
 *fill*         0x000000002000e490      0x400 
                0x000000002000e890                . = ALIGN (0x8)

/DISCARD/
 libc.a(*)
 libm.a(*)
 libgcc.a(*)

.ARM.attributes
                0x0000000000000000       0x30
 *(.ARM.attributes)
 .ARM.attributes
                0x0000000000000000       0x1e /usr/lib/gcc/arm-none-eabi/10.3.1/thumb/v7e-m+fp/hard/crti.o
 .ARM.attributes
                0x000000000000001e       0x34 /usr/lib/gcc/arm-none-eabi/10.3.1/thumb/v7e-m+fp/hard/crtbegin.o
 .ARM.attributes
                0x0000000000000052       0x34 build/main.o
 .ARM.attributes
                0x0000000000000086       0x34 build/stm32f4xx_hal_msp.o
 .ARM.attributes
                0x00000000000000ba       0x34 build/stm32f4xx_it.o
 .ARM.attributes
                0x00000000000000ee       0x34 build/system_stm32f4xx.o
 .ARM.attributes
                0x0000000000000122       0x34 build/stm32f4xx_hal.o
 .ARM.attributes
                0x0000000000000156       0x34 build/stm32f4xx_hal_adc.o
 .ARM.attributes
                0x000000000000018a       0x34 build/stm32f4xx_hal_adc_ex.o
 .ARM.attributes
                0x00000000000001be       0x34 build/stm32f4xx_hal_cortex.o
 .ARM.attributes
                0x00000000000001f2       0x34 build/stm32f4xx_hal_dac.o
 .ARM.attributes
                0x0000000000000226       0x34 build/stm32f4xx_hal_dac_ex.o
 .ARM.attributes
                0x000000000000025a       0x34 build/stm32f4xx_hal_dma.o
 .ARM.attributes
                0x000000000000028e       0x34 build/stm32f4xx_hal_gpio.o
 .ARM.attributes
                0x00000000000002c2       0x34 build/stm32f4xx_hal_pwr_ex.o
 .ARM.attributes
                0x00000000000002f6       0x34 build/stm32f4xx_hal_rcc.o
 .ARM.attributes
                0x000000000000032a       0x34 build/stm32f4xx_hal_rcc_ex.o
 .ARM.attributes
                0x000000000000035e       0x34 build/stm32f4xx_hal_tim.o
 .ARM.attributes
                0x0000000000000392       0x34 build/stm32f4xx_hal_tim_ex.o
 .ARM.attributes
                0x00000000000003c6       0x34 build/stm32f4xx_hal_uart.o
 .ARM.attributes
                0x00000000000003fa       0x21 build/startup_stm32f446xx.o
 .ARM.attributes
                0x000000000000041b       0x34 /usr/lib/gcc/arm-none-eabi/10.3.1/../../../arm-none-eabi/lib/thumb/v7e-m+fp/hard/libc_nano.a(lib_a-init.o)
 .ARM.attributes
                0x000000000000044f       0x34 /usr/lib/gcc/arm-none-eabi/10.3.1/../../../arm-none-eabi/lib/thumb/v7e-m+fp/hard/libc_nano.a(lib_a-memset.o)
 .ARM.attributes
                0x0000000000000483       0x1e /usr/lib/gcc/arm-none-eabi/10.3.1/thumb/v7e-m+fp/hard/libgcc.a(_aeabi_uldivmod.o)
 .ARM.attributes
                0x00000000000004a1       0x34 /usr/lib/gcc/arm-none-eabi/10.3.1/thumb/v7e-m+fp/hard/libgcc.a(_udivmoddi4.o)
 .ARM.attributes
                0x00000000000004d5       0x1e /usr/lib/gcc/arm-none-eabi/10.3.1/thumb/v7e-m+fp/hard/libgcc.a(_dvmd_tls.o)
 .ARM.attributes
                0x00000000000004f3       0x32 /usr/lib/gcc/arm-none-eabi/10.3.1/thumb/v7e-m+fp/hard/crtend.o
 .ARM.attributes
                0x0000000000000525       0x1e /usr/lib/gcc/arm-none-eabi/10.3.1/thumb/v7e-m+fp/hard/crtn.o
OUTPUT(build/DAC_ADC_1.elf elf32-littlearm)
LOAD linker stubs
LOAD /usr/lib/gcc/arm-none-eabi/10.3.1/../../../arm-none-eabi/lib/thumb/v7e-m+fp/hard/libc.a
LOAD /usr/lib/gcc/arm-none-eabi/10.3.1/../../../arm-none-eabi/lib/thumb/v7e-m+fp/hard/libm.a
LOAD /usr/lib/gcc/arm-none-eabi/10.3.1/thumb/v7e-m+fp/hard/libgcc.a

.comment        0x0000000000000000       0x33
 .comment       0x0000000000000000       0x33 /usr/lib/gcc/arm-none-eabi/10.3.1/thumb/v7e-m+fp/hard/crtbegin.o
                                         0x34 (size before relaxing)
 .comment       0x0000000000000033       0x34 build/main.o
 .comment       0x0000000000000033       0x34 build/stm32f4xx_hal_msp.o
 .comment       0x0000000000000033       0x34 build/stm32f4xx_it.o
 .comment       0x0000000000000033       0x34 build/system_stm32f4xx.o
 .comment       0x0000000000000033       0x34 build/stm32f4xx_hal.o
 .comment       0x0000000000000033       0x34 build/stm32f4xx_hal_adc.o
 .comment       0x0000000000000033       0x34 build/stm32f4xx_hal_adc_ex.o
 .comment       0x0000000000000033       0x34 build/stm32f4xx_hal_cortex.o
 .comment       0x0000000000000033       0x34 build/stm32f4xx_hal_dac.o
 .comment       0x0000000000000033       0x34 build/stm32f4xx_hal_dac_ex.o
 .comment       0x0000000000000033       0x34 build/stm32f4xx_hal_dma.o
 .comment       0x0000000000000033       0x34 build/stm32f4xx_hal_gpio.o
 .comment       0x0000000000000033       0x34 build/stm32f4xx_hal_pwr_ex.o
 .comment       0x0000000000000033       0x34 build/stm32f4xx_hal_rcc.o
 .comment       0x0000000000000033       0x34 build/stm32f4xx_hal_rcc_ex.o
 .comment       0x0000000000000033       0x34 build/stm32f4xx_hal_tim.o
 .comment       0x0000000000000033       0x34 build/stm32f4xx_hal_tim_ex.o
 .comment       0x0000000000000033       0x34 build/stm32f4xx_hal_uart.o
 .comment       0x0000000000000033       0x34 /usr/lib/gcc/arm-none-eabi/10.3.1/../../../arm-none-eabi/lib/thumb/v7e-m+fp/hard/libc_nano.a(lib_a-init.o)
 .comment       0x0000000000000033       0x34 /usr/lib/gcc/arm-none-eabi/10.3.1/../../../arm-none-eabi/lib/thumb/v7e-m+fp/hard/libc_nano.a(lib_a-memset.o)
 .comment       0x0000000000000033       0x34 /usr/lib/gcc/arm-none-eabi/10.3.1/thumb/v7e-m+fp/hard/libgcc.a(_udivmoddi4.o)
 .comment       0x0000000000000033       0x34 /usr/lib/gcc/arm-none-eabi/10.3.1/thumb/v7e-m+fp/hard/crtend.o

.debug_info     0x0000000000000000    0x16af4
 .debug_info    0x0000000000000000     0x219a build/main.o
 .debug_info    0x000000000000219a     0x17c7 build/stm32f4xx_hal_msp.o
 .debug_info    0x0000000000003961      0xc2a build/stm32f4xx_it.o
 .debug_info    0x000000000000458b      0x558 build/system_stm32f4xx.o
 .debug_info    0x0000000000004ae3      0xa3a build/stm32f4xx_hal.o
 .debug_info    0x000000000000551d      0xebd build/stm32f4xx_hal_adc.o
 .debug_info    0x00000000000063da      0xc86 build/stm32f4xx_hal_adc_ex.o
 .debug_info    0x0000000000007060     0x1092 build/stm32f4xx_hal_cortex.o
 .debug_info    0x00000000000080f2      0xb25 build/stm32f4xx_hal_dac.o
 .debug_info    0x0000000000008c17      0x843 build/stm32f4xx_hal_dac_ex.o
 .debug_info    0x000000000000945a      0xb27 build/stm32f4xx_hal_dma.o
 .debug_info    0x0000000000009f81      0x7e0 build/stm32f4xx_hal_gpio.o
 .debug_info    0x000000000000a761      0x7bf build/stm32f4xx_hal_pwr_ex.o
 .debug_info    0x000000000000af20      0xb18 build/stm32f4xx_hal_rcc.o
 .debug_info    0x000000000000ba38      0xcbf build/stm32f4xx_hal_rcc_ex.o
 .debug_info    0x000000000000c6f7     0x3d43 build/stm32f4xx_hal_tim.o
 .debug_info    0x000000000001043a     0x1ac6 build/stm32f4xx_hal_tim_ex.o
 .debug_info    0x0000000000011f00     0x421e build/stm32f4xx_hal_uart.o
 .debug_info    0x000000000001611e       0x22 build/startup_stm32f446xx.o
 .debug_info    0x0000000000016140      0x11a /usr/lib/gcc/arm-none-eabi/10.3.1/../../../arm-none-eabi/lib/thumb/v7e-m+fp/hard/libc_nano.a(lib_a-init.o)
 .debug_info    0x000000000001625a      0x137 /usr/lib/gcc/arm-none-eabi/10.3.1/../../../arm-none-eabi/lib/thumb/v7e-m+fp/hard/libc_nano.a(lib_a-memset.o)
 .debug_info    0x0000000000016391       0x26 /usr/lib/gcc/arm-none-eabi/10.3.1/thumb/v7e-m+fp/hard/libgcc.a(_aeabi_uldivmod.o)
 .debug_info    0x00000000000163b7      0x717 /usr/lib/gcc/arm-none-eabi/10.3.1/thumb/v7e-m+fp/hard/libgcc.a(_udivmoddi4.o)
 .debug_info    0x0000000000016ace       0x26 /usr/lib/gcc/arm-none-eabi/10.3.1/thumb/v7e-m+fp/hard/libgcc.a(_dvmd_tls.o)

.debug_abbrev   0x0000000000000000     0x2bbf
 .debug_abbrev  0x0000000000000000      0x32b build/main.o
 .debug_abbrev  0x000000000000032b      0x228 build/stm32f4xx_hal_msp.o
 .debug_abbrev  0x0000000000000553      0x1b9 build/stm32f4xx_it.o
 .debug_abbrev  0x000000000000070c      0x119 build/system_stm32f4xx.o
 .debug_abbrev  0x0000000000000825      0x206 build/stm32f4xx_hal.o
 .debug_abbrev  0x0000000000000a2b      0x23a build/stm32f4xx_hal_adc.o
 .debug_abbrev  0x0000000000000c65      0x293 build/stm32f4xx_hal_adc_ex.o
 .debug_abbrev  0x0000000000000ef8      0x36a build/stm32f4xx_hal_cortex.o
 .debug_abbrev  0x0000000000001262      0x1c6 build/stm32f4xx_hal_dac.o
 .debug_abbrev  0x0000000000001428      0x1f8 build/stm32f4xx_hal_dac_ex.o
 .debug_abbrev  0x0000000000001620      0x2c2 build/stm32f4xx_hal_dma.o
 .debug_abbrev  0x00000000000018e2      0x1ef build/stm32f4xx_hal_gpio.o
 .debug_abbrev  0x0000000000001ad1      0x1c0 build/stm32f4xx_hal_pwr_ex.o
 .debug_abbrev  0x0000000000001c91      0x28a build/stm32f4xx_hal_rcc.o
 .debug_abbrev  0x0000000000001f1b      0x21e build/stm32f4xx_hal_rcc_ex.o
 .debug_abbrev  0x0000000000002139      0x22b build/stm32f4xx_hal_tim.o
 .debug_abbrev  0x0000000000002364      0x241 build/stm32f4xx_hal_tim_ex.o
 .debug_abbrev  0x00000000000025a5      0x2fd build/stm32f4xx_hal_uart.o
 .debug_abbrev  0x00000000000028a2       0x12 build/startup_stm32f446xx.o
 .debug_abbrev  0x00000000000028b4       0xcc /usr/lib/gcc/arm-none-eabi/10.3.1/../../../arm-none-eabi/lib/thumb/v7e-m+fp/hard/libc_nano.a(lib_a-init.o)
 .debug_abbrev  0x0000000000002980       0xb4 /usr/lib/gcc/arm-none-eabi/10.3.1/../../../arm-none-eabi/lib/thumb/v7e-m+fp/hard/libc_nano.a(lib_a-memset.o)
 .debug_abbrev  0x0000000000002a34       0x14 /usr/lib/gcc/arm-none-eabi/10.3.1/thumb/v7e-m+fp/hard/libgcc.a(_aeabi_uldivmod.o)
 .debug_abbrev  0x0000000000002a48      0x163 /usr/lib/gcc/arm-none-eabi/10.3.1/thumb/v7e-m+fp/hard/libgcc.a(_udivmoddi4.o)
 .debug_abbrev  0x0000000000002bab       0x14 /usr/lib/gcc/arm-none-eabi/10.3.1/thumb/v7e-m+fp/hard/libgcc.a(_dvmd_tls.o)

.debug_loc      0x0000000000000000    0x12070
 .debug_loc     0x0000000000000000      0x136 build/main.o
 .debug_loc     0x0000000000000136      0x20e build/stm32f4xx_hal_msp.o
 .debug_loc     0x0000000000000344      0x158 build/system_stm32f4xx.o
 .debug_loc     0x000000000000049c      0x141 build/stm32f4xx_hal.o
 .debug_loc     0x00000000000005dd      0xba1 build/stm32f4xx_hal_adc.o
 .debug_loc     0x000000000000117e      0xa82 build/stm32f4xx_hal_adc_ex.o
 .debug_loc     0x0000000000001c00      0x744 build/stm32f4xx_hal_cortex.o
 .debug_loc     0x0000000000002344      0x78f build/stm32f4xx_hal_dac.o
 .debug_loc     0x0000000000002ad3      0x442 build/stm32f4xx_hal_dac_ex.o
 .debug_loc     0x0000000000002f15      0xbf9 build/stm32f4xx_hal_dma.o
 .debug_loc     0x0000000000003b0e      0x520 build/stm32f4xx_hal_gpio.o
 .debug_loc     0x000000000000402e      0x228 build/stm32f4xx_hal_pwr_ex.o
 .debug_loc     0x0000000000004256      0x58c build/stm32f4xx_hal_rcc.o
 .debug_loc     0x00000000000047e2      0xeab build/stm32f4xx_hal_rcc_ex.o
 .debug_loc     0x000000000000568d     0x506c build/stm32f4xx_hal_tim.o
 .debug_loc     0x000000000000a6f9     0x1cd7 build/stm32f4xx_hal_tim_ex.o
 .debug_loc     0x000000000000c3d0     0x49ab build/stm32f4xx_hal_uart.o
 .debug_loc     0x0000000000010d7b       0xba /usr/lib/gcc/arm-none-eabi/10.3.1/../../../arm-none-eabi/lib/thumb/v7e-m+fp/hard/libc_nano.a(lib_a-init.o)
 .debug_loc     0x0000000000010e35      0x22c /usr/lib/gcc/arm-none-eabi/10.3.1/../../../arm-none-eabi/lib/thumb/v7e-m+fp/hard/libc_nano.a(lib_a-memset.o)
 .debug_loc     0x0000000000011061     0x100f /usr/lib/gcc/arm-none-eabi/10.3.1/thumb/v7e-m+fp/hard/libgcc.a(_udivmoddi4.o)

.debug_aranges  0x0000000000000000     0x1038
 .debug_aranges
                0x0000000000000000       0x88 build/main.o
 .debug_aranges
                0x0000000000000088       0x60 build/stm32f4xx_hal_msp.o
 .debug_aranges
                0x00000000000000e8       0x90 build/stm32f4xx_it.o
 .debug_aranges
                0x0000000000000178       0x28 build/system_stm32f4xx.o
 .debug_aranges
                0x00000000000001a0       0xf0 build/stm32f4xx_hal.o
 .debug_aranges
                0x0000000000000290       0xe8 build/stm32f4xx_hal_adc.o
 .debug_aranges
                0x0000000000000378       0x90 build/stm32f4xx_hal_adc_ex.o
 .debug_aranges
                0x0000000000000408       0xa8 build/stm32f4xx_hal_cortex.o
 .debug_aranges
                0x00000000000004b0       0xc0 build/stm32f4xx_hal_dac.o
 .debug_aranges
                0x0000000000000570       0x80 build/stm32f4xx_hal_dac_ex.o
 .debug_aranges
                0x00000000000005f0       0x90 build/stm32f4xx_hal_dma.o
 .debug_aranges
                0x0000000000000680       0x58 build/stm32f4xx_hal_gpio.o
 .debug_aranges
                0x00000000000006d8       0x60 build/stm32f4xx_hal_pwr_ex.o
 .debug_aranges
                0x0000000000000738       0x88 build/stm32f4xx_hal_rcc.o
 .debug_aranges
                0x00000000000007c0       0x78 build/stm32f4xx_hal_rcc_ex.o
 .debug_aranges
                0x0000000000000838      0x3d0 build/stm32f4xx_hal_tim.o
 .debug_aranges
                0x0000000000000c08      0x168 build/stm32f4xx_hal_tim_ex.o
 .debug_aranges
                0x0000000000000d70      0x200 build/stm32f4xx_hal_uart.o
 .debug_aranges
                0x0000000000000f70       0x28 build/startup_stm32f446xx.o
 .debug_aranges
                0x0000000000000f98       0x20 /usr/lib/gcc/arm-none-eabi/10.3.1/../../../arm-none-eabi/lib/thumb/v7e-m+fp/hard/libc_nano.a(lib_a-init.o)
 .debug_aranges
                0x0000000000000fb8       0x20 /usr/lib/gcc/arm-none-eabi/10.3.1/../../../arm-none-eabi/lib/thumb/v7e-m+fp/hard/libc_nano.a(lib_a-memset.o)
 .debug_aranges
                0x0000000000000fd8       0x20 /usr/lib/gcc/arm-none-eabi/10.3.1/thumb/v7e-m+fp/hard/libgcc.a(_aeabi_uldivmod.o)
 .debug_aranges
                0x0000000000000ff8       0x20 /usr/lib/gcc/arm-none-eabi/10.3.1/thumb/v7e-m+fp/hard/libgcc.a(_udivmoddi4.o)
 .debug_aranges
                0x0000000000001018       0x20 /usr/lib/gcc/arm-none-eabi/10.3.1/thumb/v7e-m+fp/hard/libgcc.a(_dvmd_tls.o)

.debug_ranges   0x0000000000000000     0x1000
 .debug_ranges  0x0000000000000000       0x78 build/main.o
 .debug_ranges  0x0000000000000078       0x50 build/stm32f4xx_hal_msp.o
 .debug_ranges  0x00000000000000c8       0x80 build/stm32f4xx_it.o
 .debug_ranges  0x0000000000000148       0x18 build/system_stm32f4xx.o
 .debug_ranges  0x0000000000000160       0xe0 build/stm32f4xx_hal.o
 .debug_ranges  0x0000000000000240       0xd8 build/stm32f4xx_hal_adc.o
 .debug_ranges  0x0000000000000318       0x80 build/stm32f4xx_hal_adc_ex.o
 .debug_ranges  0x0000000000000398       0xf8 build/stm32f4xx_hal_cortex.o
 .debug_ranges  0x0000000000000490       0xb0 build/stm32f4xx_hal_dac.o
 .debug_ranges  0x0000000000000540       0x70 build/stm32f4xx_hal_dac_ex.o
 .debug_ranges  0x00000000000005b0       0x80 build/stm32f4xx_hal_dma.o
 .debug_ranges  0x0000000000000630       0x48 build/stm32f4xx_hal_gpio.o
 .debug_ranges  0x0000000000000678       0x50 build/stm32f4xx_hal_pwr_ex.o
 .debug_ranges  0x00000000000006c8       0x90 build/stm32f4xx_hal_rcc.o
 .debug_ranges  0x0000000000000758       0x80 build/stm32f4xx_hal_rcc_ex.o
 .debug_ranges  0x00000000000007d8      0x3c0 build/stm32f4xx_hal_tim.o
 .debug_ranges  0x0000000000000b98      0x158 build/stm32f4xx_hal_tim_ex.o
 .debug_ranges  0x0000000000000cf0      0x208 build/stm32f4xx_hal_uart.o
 .debug_ranges  0x0000000000000ef8       0x20 build/startup_stm32f446xx.o
 .debug_ranges  0x0000000000000f18       0xe8 /usr/lib/gcc/arm-none-eabi/10.3.1/thumb/v7e-m+fp/hard/libgcc.a(_udivmoddi4.o)

.debug_line     0x0000000000000000    0x13320
 .debug_line    0x0000000000000000      0x9f7 build/main.o
 .debug_line    0x00000000000009f7      0x544 build/stm32f4xx_hal_msp.o
 .debug_line    0x0000000000000f3b      0x300 build/stm32f4xx_it.o
 .debug_line    0x000000000000123b      0x1c7 build/system_stm32f4xx.o
 .debug_line    0x0000000000001402      0x4dc build/stm32f4xx_hal.o
 .debug_line    0x00000000000018de     0x1037 build/stm32f4xx_hal_adc.o
 .debug_line    0x0000000000002915      0xbdb build/stm32f4xx_hal_adc_ex.o
 .debug_line    0x00000000000034f0      0x6ef build/stm32f4xx_hal_cortex.o
 .debug_line    0x0000000000003bdf      0x79a build/stm32f4xx_hal_dac.o
 .debug_line    0x0000000000004379      0x46a build/stm32f4xx_hal_dac_ex.o
 .debug_line    0x00000000000047e3      0xd9c build/stm32f4xx_hal_dma.o
 .debug_line    0x000000000000557f      0x64e build/stm32f4xx_hal_gpio.o
 .debug_line    0x0000000000005bcd      0x429 build/stm32f4xx_hal_pwr_ex.o
 .debug_line    0x0000000000005ff6      0xa8e build/stm32f4xx_hal_rcc.o
 .debug_line    0x0000000000006a84     0x1306 build/stm32f4xx_hal_rcc_ex.o
 .debug_line    0x0000000000007d8a     0x4a19 build/stm32f4xx_hal_tim.o
 .debug_line    0x000000000000c7a3     0x1c3d build/stm32f4xx_hal_tim_ex.o
 .debug_line    0x000000000000e3e0     0x4565 build/stm32f4xx_hal_uart.o
 .debug_line    0x0000000000012945       0x76 build/startup_stm32f446xx.o
 .debug_line    0x00000000000129bb      0x138 /usr/lib/gcc/arm-none-eabi/10.3.1/../../../arm-none-eabi/lib/thumb/v7e-m+fp/hard/libc_nano.a(lib_a-init.o)
 .debug_line    0x0000000000012af3      0x1bf /usr/lib/gcc/arm-none-eabi/10.3.1/../../../arm-none-eabi/lib/thumb/v7e-m+fp/hard/libc_nano.a(lib_a-memset.o)
 .debug_line    0x0000000000012cb2       0x60 /usr/lib/gcc/arm-none-eabi/10.3.1/thumb/v7e-m+fp/hard/libgcc.a(_aeabi_uldivmod.o)
 .debug_line    0x0000000000012d12      0x5ae /usr/lib/gcc/arm-none-eabi/10.3.1/thumb/v7e-m+fp/hard/libgcc.a(_udivmoddi4.o)
 .debug_line    0x00000000000132c0       0x60 /usr/lib/gcc/arm-none-eabi/10.3.1/thumb/v7e-m+fp/hard/libgcc.a(_dvmd_tls.o)

.debug_str      0x0000000000000000     0x54fc
 .debug_str     0x0000000000000000     0x171c build/main.o
                                       0x1857 (size before relaxing)
 .debug_str     0x000000000000171c      0x12f build/stm32f4xx_hal_msp.o
                                       0x1375 (size before relaxing)
 .debug_str     0x000000000000184b      0x16c build/stm32f4xx_it.o
                                        0xabe (size before relaxing)
 .debug_str     0x00000000000019b7       0xc8 build/system_stm32f4xx.o
                                        0x367 (size before relaxing)
 .debug_str     0x0000000000001a7f      0x320 build/stm32f4xx_hal.o
                                        0xb97 (size before relaxing)
 .debug_str     0x0000000000001d9f      0x25c build/stm32f4xx_hal_adc.o
                                        0x924 (size before relaxing)
 .debug_str     0x0000000000001ffb      0x2dc build/stm32f4xx_hal_adc_ex.o
                                        0x978 (size before relaxing)
 .debug_str     0x00000000000022d7      0x423 build/stm32f4xx_hal_cortex.o
                                        0xc30 (size before relaxing)
 .debug_str     0x00000000000026fa      0x19a build/stm32f4xx_hal_dac.o
                                        0x784 (size before relaxing)
 .debug_str     0x0000000000002894      0x172 build/stm32f4xx_hal_dac_ex.o
                                        0x6a9 (size before relaxing)
 .debug_str     0x0000000000002a06      0x2c3 build/stm32f4xx_hal_dma.o
                                        0x743 (size before relaxing)
 .debug_str     0x0000000000002cc9      0x112 build/stm32f4xx_hal_gpio.o
                                        0x4c7 (size before relaxing)
 .debug_str     0x0000000000002ddb      0x133 build/stm32f4xx_hal_pwr_ex.o
                                        0x4bd (size before relaxing)
 .debug_str     0x0000000000002f0e      0x19f build/stm32f4xx_hal_rcc.o
                                        0x6e7 (size before relaxing)
 .debug_str     0x00000000000030ad      0x33c build/stm32f4xx_hal_rcc_ex.o
                                        0x7d9 (size before relaxing)
 .debug_str     0x00000000000033e9      0xdae build/stm32f4xx_hal_tim.o
                                       0x1685 (size before relaxing)
 .debug_str     0x0000000000004197      0x521 build/stm32f4xx_hal_tim_ex.o
                                        0xe86 (size before relaxing)
 .debug_str     0x00000000000046b8      0x5ee build/stm32f4xx_hal_uart.o
                                        0xd10 (size before relaxing)
 .debug_str     0x0000000000004ca6       0x22 build/startup_stm32f446xx.o
                                         0x46 (size before relaxing)
 .debug_str     0x0000000000004cc8      0x170 /usr/lib/gcc/arm-none-eabi/10.3.1/../../../arm-none-eabi/lib/thumb/v7e-m+fp/hard/libc_nano.a(lib_a-init.o)
                                        0x20b (size before relaxing)
 .debug_str     0x0000000000004e38       0xaa /usr/lib/gcc/arm-none-eabi/10.3.1/../../../arm-none-eabi/lib/thumb/v7e-m+fp/hard/libc_nano.a(lib_a-memset.o)
                                        0x1c0 (size before relaxing)
 .debug_str     0x0000000000004ee2       0xa6 /usr/lib/gcc/arm-none-eabi/10.3.1/thumb/v7e-m+fp/hard/libgcc.a(_aeabi_uldivmod.o)
 .debug_str     0x0000000000004f88      0x544 /usr/lib/gcc/arm-none-eabi/10.3.1/thumb/v7e-m+fp/hard/libgcc.a(_udivmoddi4.o)
                                        0x647 (size before relaxing)
 .debug_str     0x00000000000054cc       0x30 /usr/lib/gcc/arm-none-eabi/10.3.1/thumb/v7e-m+fp/hard/libgcc.a(_dvmd_tls.o)
                                         0xaa (size before relaxing)

.debug_frame    0x0000000000000000     0x29c0
 .debug_frame   0x0000000000000000      0x180 build/main.o
 .debug_frame   0x0000000000000180      0x110 build/stm32f4xx_hal_msp.o
 .debug_frame   0x0000000000000290      0x138 build/stm32f4xx_it.o
 .debug_frame   0x00000000000003c8       0x30 build/system_stm32f4xx.o
 .debug_frame   0x00000000000003f8      0x1ec build/stm32f4xx_hal.o
 .debug_frame   0x00000000000005e4      0x268 build/stm32f4xx_hal_adc.o
 .debug_frame   0x000000000000084c      0x18c build/stm32f4xx_hal_adc_ex.o
 .debug_frame   0x00000000000009d8      0x148 build/stm32f4xx_hal_cortex.o
 .debug_frame   0x0000000000000b20      0x1e8 build/stm32f4xx_hal_dac.o
 .debug_frame   0x0000000000000d08      0x110 build/stm32f4xx_hal_dac_ex.o
 .debug_frame   0x0000000000000e18      0x188 build/stm32f4xx_hal_dma.o
 .debug_frame   0x0000000000000fa0       0xd8 build/stm32f4xx_hal_gpio.o
 .debug_frame   0x0000000000001078       0xf4 build/stm32f4xx_hal_pwr_ex.o
 .debug_frame   0x000000000000116c      0x16c build/stm32f4xx_hal_rcc.o
 .debug_frame   0x00000000000012d8      0x14c build/stm32f4xx_hal_rcc_ex.o
 .debug_frame   0x0000000000001424      0xb0c build/stm32f4xx_hal_tim.o
 .debug_frame   0x0000000000001f30      0x40c build/stm32f4xx_hal_tim_ex.o
 .debug_frame   0x000000000000233c      0x5cc build/stm32f4xx_hal_uart.o
 .debug_frame   0x0000000000002908       0x2c /usr/lib/gcc/arm-none-eabi/10.3.1/../../../arm-none-eabi/lib/thumb/v7e-m+fp/hard/libc_nano.a(lib_a-init.o)
 .debug_frame   0x0000000000002934       0x2c /usr/lib/gcc/arm-none-eabi/10.3.1/../../../arm-none-eabi/lib/thumb/v7e-m+fp/hard/libc_nano.a(lib_a-memset.o)
 .debug_frame   0x0000000000002960       0x2c /usr/lib/gcc/arm-none-eabi/10.3.1/thumb/v7e-m+fp/hard/libgcc.a(_aeabi_uldivmod.o)
 .debug_frame   0x000000000000298c       0x34 /usr/lib/gcc/arm-none-eabi/10.3.1/thumb/v7e-m+fp/hard/libgcc.a(_udivmoddi4.o)

Cross Reference Table

Symbol                                            File
ADC_IRQHandler                                    build/stm32f4xx_it.o
AHBPrescTable                                     build/system_stm32f4xx.o
                                                  build/stm32f4xx_hal_rcc.o
APBPrescTable                                     build/system_stm32f4xx.o
                                                  build/stm32f4xx_hal_rcc.o
BusFault_Handler                                  build/stm32f4xx_it.o
CAN1_RX0_IRQHandler                               build/startup_stm32f446xx.o
CAN1_RX1_IRQHandler                               build/startup_stm32f446xx.o
CAN1_SCE_IRQHandler                               build/startup_stm32f446xx.o
CAN1_TX_IRQHandler                                build/startup_stm32f446xx.o
CAN2_RX0_IRQHandler                               build/startup_stm32f446xx.o
CAN2_RX1_IRQHandler                               build/startup_stm32f446xx.o
CAN2_SCE_IRQHandler                               build/startup_stm32f446xx.o
CAN2_TX_IRQHandler                                build/startup_stm32f446xx.o
CEC_IRQHandler                                    build/startup_stm32f446xx.o
DAC_DMAConvCpltCh1                                build/stm32f4xx_hal_dac.o
DAC_DMAConvCpltCh2                                build/stm32f4xx_hal_dac_ex.o
                                                  build/stm32f4xx_hal_dac.o
DAC_DMAErrorCh1                                   build/stm32f4xx_hal_dac.o
DAC_DMAErrorCh2                                   build/stm32f4xx_hal_dac_ex.o
                                                  build/stm32f4xx_hal_dac.o
DAC_DMAHalfConvCpltCh1                            build/stm32f4xx_hal_dac.o
DAC_DMAHalfConvCpltCh2                            build/stm32f4xx_hal_dac_ex.o
                                                  build/stm32f4xx_hal_dac.o
DCMI_IRQHandler                                   build/startup_stm32f446xx.o
DMA1_Stream0_IRQHandler                           build/startup_stm32f446xx.o
DMA1_Stream1_IRQHandler                           build/startup_stm32f446xx.o
DMA1_Stream2_IRQHandler                           build/startup_stm32f446xx.o
DMA1_Stream3_IRQHandler                           build/startup_stm32f446xx.o
DMA1_Stream4_IRQHandler                           build/startup_stm32f446xx.o
DMA1_Stream5_IRQHandler                           build/stm32f4xx_it.o
DMA1_Stream6_IRQHandler                           build/startup_stm32f446xx.o
DMA1_Stream7_IRQHandler                           build/startup_stm32f446xx.o
DMA2_Stream0_IRQHandler                           build/stm32f4xx_it.o
DMA2_Stream1_IRQHandler                           build/startup_stm32f446xx.o
DMA2_Stream2_IRQHandler                           build/stm32f4xx_it.o
DMA2_Stream3_IRQHandler                           build/startup_stm32f446xx.o
DMA2_Stream4_IRQHandler                           build/startup_stm32f446xx.o
DMA2_Stream5_IRQHandler                           build/startup_stm32f446xx.o
DMA2_Stream6_IRQHandler                           build/startup_stm32f446xx.o
DMA2_Stream7_IRQHandler                           build/startup_stm32f446xx.o
DebugMon_Handler                                  build/stm32f4xx_it.o
Default_Handler                                   build/startup_stm32f446xx.o
EXTI0_IRQHandler                                  build/startup_stm32f446xx.o
EXTI15_10_IRQHandler                              build/startup_stm32f446xx.o
EXTI1_IRQHandler                                  build/startup_stm32f446xx.o
EXTI2_IRQHandler                                  build/startup_stm32f446xx.o
EXTI3_IRQHandler                                  build/startup_stm32f446xx.o
EXTI4_IRQHandler                                  build/startup_stm32f446xx.o
EXTI9_5_IRQHandler                                build/startup_stm32f446xx.o
Error_Handler                                     build/main.o
                                                  build/stm32f4xx_hal_msp.o
FLASH_Erase_Sector                                build/stm32f4xx_hal_flash_ex.o
                                                  build/stm32f4xx_hal_flash.o
FLASH_FlushCaches                                 build/stm32f4xx_hal_flash_ex.o
                                                  build/stm32f4xx_hal_flash.o
FLASH_IRQHandler                                  build/startup_stm32f446xx.o
FLASH_WaitForLastOperation                        build/stm32f4xx_hal_flash.o
                                                  build/stm32f4xx_hal_flash_ex.o
FMC_IRQHandler                                    build/startup_stm32f446xx.o
FMPI2C1_ER_IRQHandler                             build/startup_stm32f446xx.o
FMPI2C1_EV_IRQHandler                             build/startup_stm32f446xx.o
FPU_IRQHandler                                    build/startup_stm32f446xx.o
HAL_ADCEx_InjectedConfigChannel                   build/stm32f4xx_hal_adc_ex.o
HAL_ADCEx_InjectedConvCpltCallback                build/stm32f4xx_hal_adc_ex.o
                                                  build/stm32f4xx_hal_adc.o
HAL_ADCEx_InjectedGetValue                        build/stm32f4xx_hal_adc_ex.o
HAL_ADCEx_InjectedPollForConversion               build/stm32f4xx_hal_adc_ex.o
HAL_ADCEx_InjectedStart                           build/stm32f4xx_hal_adc_ex.o
HAL_ADCEx_InjectedStart_IT                        build/stm32f4xx_hal_adc_ex.o
HAL_ADCEx_InjectedStop                            build/stm32f4xx_hal_adc_ex.o
HAL_ADCEx_InjectedStop_IT                         build/stm32f4xx_hal_adc_ex.o
HAL_ADCEx_MultiModeConfigChannel                  build/stm32f4xx_hal_adc_ex.o
HAL_ADCEx_MultiModeGetValue                       build/stm32f4xx_hal_adc_ex.o
HAL_ADCEx_MultiModeStart_DMA                      build/stm32f4xx_hal_adc_ex.o
HAL_ADCEx_MultiModeStop_DMA                       build/stm32f4xx_hal_adc_ex.o
HAL_ADC_AnalogWDGConfig                           build/stm32f4xx_hal_adc.o
HAL_ADC_ConfigChannel                             build/stm32f4xx_hal_adc.o
                                                  build/main.o
HAL_ADC_ConvCpltCallback                          build/main.o
                                                  build/stm32f4xx_hal_adc_ex.o
HAL_ADC_ConvHalfCpltCallback                      build/main.o
                                                  build/stm32f4xx_hal_adc_ex.o
HAL_ADC_DeInit                                    build/stm32f4xx_hal_adc.o
HAL_ADC_ErrorCallback                             build/stm32f4xx_hal_adc.o
                                                  build/stm32f4xx_hal_adc_ex.o
HAL_ADC_GetError                                  build/stm32f4xx_hal_adc.o
HAL_ADC_GetState                                  build/stm32f4xx_hal_adc.o
HAL_ADC_GetValue                                  build/stm32f4xx_hal_adc.o
HAL_ADC_IRQHandler                                build/stm32f4xx_hal_adc.o
                                                  build/stm32f4xx_it.o
HAL_ADC_Init                                      build/stm32f4xx_hal_adc.o
                                                  build/main.o
HAL_ADC_LevelOutOfWindowCallback                  build/stm32f4xx_hal_adc.o
HAL_ADC_MspDeInit                                 build/stm32f4xx_hal_msp.o
HAL_ADC_MspInit                                   build/stm32f4xx_hal_msp.o
HAL_ADC_PollForConversion                         build/stm32f4xx_hal_adc.o
HAL_ADC_PollForEvent                              build/stm32f4xx_hal_adc.o
HAL_ADC_Start                                     build/stm32f4xx_hal_adc.o
HAL_ADC_Start_DMA                                 build/stm32f4xx_hal_adc.o
                                                  build/main.o
HAL_ADC_Start_IT                                  build/stm32f4xx_hal_adc.o
                                                  build/main.o
HAL_ADC_Stop                                      build/stm32f4xx_hal_adc.o
HAL_ADC_Stop_DMA                                  build/stm32f4xx_hal_adc.o
HAL_ADC_Stop_IT                                   build/stm32f4xx_hal_adc.o
HAL_DACEx_ConvCpltCallbackCh2                     build/stm32f4xx_hal_dac_ex.o
HAL_DACEx_ConvHalfCpltCallbackCh2                 build/stm32f4xx_hal_dac_ex.o
HAL_DACEx_DMAUnderrunCallbackCh2                  build/stm32f4xx_hal_dac_ex.o
                                                  build/stm32f4xx_hal_dac.o
HAL_DACEx_DualGetValue                            build/stm32f4xx_hal_dac_ex.o
HAL_DACEx_DualSetValue                            build/stm32f4xx_hal_dac_ex.o
HAL_DACEx_DualStart                               build/stm32f4xx_hal_dac_ex.o
HAL_DACEx_DualStop                                build/stm32f4xx_hal_dac_ex.o
HAL_DACEx_ErrorCallbackCh2                        build/stm32f4xx_hal_dac_ex.o
HAL_DACEx_NoiseWaveGenerate                       build/stm32f4xx_hal_dac_ex.o
HAL_DACEx_TriangleWaveGenerate                    build/stm32f4xx_hal_dac_ex.o
HAL_DAC_ConfigChannel                             build/stm32f4xx_hal_dac.o
                                                  build/main.o
HAL_DAC_ConvCpltCallbackCh1                       build/stm32f4xx_hal_dac.o
HAL_DAC_ConvHalfCpltCallbackCh1                   build/stm32f4xx_hal_dac.o
HAL_DAC_DMAUnderrunCallbackCh1                    build/stm32f4xx_hal_dac.o
HAL_DAC_DeInit                                    build/stm32f4xx_hal_dac.o
HAL_DAC_ErrorCallbackCh1                          build/stm32f4xx_hal_dac.o
HAL_DAC_GetError                                  build/stm32f4xx_hal_dac.o
HAL_DAC_GetState                                  build/stm32f4xx_hal_dac.o
HAL_DAC_GetValue                                  build/stm32f4xx_hal_dac.o
HAL_DAC_IRQHandler                                build/stm32f4xx_hal_dac.o
                                                  build/stm32f4xx_it.o
HAL_DAC_Init                                      build/stm32f4xx_hal_dac.o
                                                  build/main.o
HAL_DAC_MspDeInit                                 build/stm32f4xx_hal_msp.o
HAL_DAC_MspInit                                   build/stm32f4xx_hal_msp.o
HAL_DAC_SetValue                                  build/stm32f4xx_hal_dac.o
HAL_DAC_Start                                     build/stm32f4xx_hal_dac.o
HAL_DAC_Start_DMA                                 build/stm32f4xx_hal_dac.o
                                                  build/main.o
HAL_DAC_Stop                                      build/stm32f4xx_hal_dac.o
HAL_DAC_Stop_DMA                                  build/stm32f4xx_hal_dac.o
HAL_DBGMCU_DisableDBGSleepMode                    build/stm32f4xx_hal.o
HAL_DBGMCU_DisableDBGStandbyMode                  build/stm32f4xx_hal.o
HAL_DBGMCU_DisableDBGStopMode                     build/stm32f4xx_hal.o
HAL_DBGMCU_EnableDBGSleepMode                     build/stm32f4xx_hal.o
HAL_DBGMCU_EnableDBGStandbyMode                   build/stm32f4xx_hal.o
HAL_DBGMCU_EnableDBGStopMode                      build/stm32f4xx_hal.o
HAL_DMAEx_ChangeMemory                            build/stm32f4xx_hal_dma_ex.o
HAL_DMAEx_MultiBufferStart                        build/stm32f4xx_hal_dma_ex.o
HAL_DMAEx_MultiBufferStart_IT                     build/stm32f4xx_hal_dma_ex.o
HAL_DMA_Abort                                     build/stm32f4xx_hal_dma.o
                                                  build/stm32f4xx_hal_uart.o
                                                  build/stm32f4xx_hal_dac.o
                                                  build/stm32f4xx_hal_adc_ex.o
                                                  build/stm32f4xx_hal_adc.o
HAL_DMA_Abort_IT                                  build/stm32f4xx_hal_dma.o
                                                  build/stm32f4xx_hal_uart.o
                                                  build/stm32f4xx_hal_tim_ex.o
                                                  build/stm32f4xx_hal_tim.o
HAL_DMA_DeInit                                    build/stm32f4xx_hal_dma.o
                                                  build/stm32f4xx_hal_msp.o
HAL_DMA_GetError                                  build/stm32f4xx_hal_dma.o
                                                  build/stm32f4xx_hal_uart.o
HAL_DMA_GetState                                  build/stm32f4xx_hal_dma.o
HAL_DMA_IRQHandler                                build/stm32f4xx_hal_dma.o
                                                  build/stm32f4xx_it.o
HAL_DMA_Init                                      build/stm32f4xx_hal_dma.o
                                                  build/stm32f4xx_hal_msp.o
HAL_DMA_PollForTransfer                           build/stm32f4xx_hal_dma.o
HAL_DMA_RegisterCallback                          build/stm32f4xx_hal_dma.o
HAL_DMA_Start                                     build/stm32f4xx_hal_dma.o
HAL_DMA_Start_IT                                  build/stm32f4xx_hal_dma.o
                                                  build/stm32f4xx_hal_uart.o
                                                  build/stm32f4xx_hal_tim_ex.o
                                                  build/stm32f4xx_hal_tim.o
                                                  build/stm32f4xx_hal_dac.o
                                                  build/stm32f4xx_hal_adc_ex.o
                                                  build/stm32f4xx_hal_adc.o
HAL_DMA_UnRegisterCallback                        build/stm32f4xx_hal_dma.o
HAL_DeInit                                        build/stm32f4xx_hal.o
HAL_Delay                                         build/stm32f4xx_hal.o
HAL_DisableCompensationCell                       build/stm32f4xx_hal.o
HAL_EXTI_ClearConfigLine                          build/stm32f4xx_hal_exti.o
HAL_EXTI_ClearPending                             build/stm32f4xx_hal_exti.o
HAL_EXTI_GenerateSWI                              build/stm32f4xx_hal_exti.o
HAL_EXTI_GetConfigLine                            build/stm32f4xx_hal_exti.o
HAL_EXTI_GetHandle                                build/stm32f4xx_hal_exti.o
HAL_EXTI_GetPending                               build/stm32f4xx_hal_exti.o
HAL_EXTI_IRQHandler                               build/stm32f4xx_hal_exti.o
HAL_EXTI_RegisterCallback                         build/stm32f4xx_hal_exti.o
HAL_EXTI_SetConfigLine                            build/stm32f4xx_hal_exti.o
HAL_EnableCompensationCell                        build/stm32f4xx_hal.o
HAL_FLASHEx_AdvOBGetConfig                        build/stm32f4xx_hal_flash_ex.o
HAL_FLASHEx_AdvOBProgram                          build/stm32f4xx_hal_flash_ex.o
HAL_FLASHEx_DisableFlashSleepMode                 build/stm32f4xx_hal_flash_ramfunc.o
HAL_FLASHEx_EnableFlashSleepMode                  build/stm32f4xx_hal_flash_ramfunc.o
HAL_FLASHEx_Erase                                 build/stm32f4xx_hal_flash_ex.o
HAL_FLASHEx_Erase_IT                              build/stm32f4xx_hal_flash_ex.o
HAL_FLASHEx_OBGetConfig                           build/stm32f4xx_hal_flash_ex.o
HAL_FLASHEx_OBProgram                             build/stm32f4xx_hal_flash_ex.o
HAL_FLASHEx_OB_DeSelectPCROP                      build/stm32f4xx_hal_flash_ex.o
HAL_FLASHEx_OB_SelectPCROP                        build/stm32f4xx_hal_flash_ex.o
HAL_FLASHEx_StartFlashInterfaceClk                build/stm32f4xx_hal_flash_ramfunc.o
HAL_FLASHEx_StopFlashInterfaceClk                 build/stm32f4xx_hal_flash_ramfunc.o
HAL_FLASH_EndOfOperationCallback                  build/stm32f4xx_hal_flash.o
HAL_FLASH_GetError                                build/stm32f4xx_hal_flash.o
HAL_FLASH_IRQHandler                              build/stm32f4xx_hal_flash.o
HAL_FLASH_Lock                                    build/stm32f4xx_hal_flash.o
HAL_FLASH_OB_Launch                               build/stm32f4xx_hal_flash.o
HAL_FLASH_OB_Lock                                 build/stm32f4xx_hal_flash.o
HAL_FLASH_OB_Unlock                               build/stm32f4xx_hal_flash.o
HAL_FLASH_OperationErrorCallback                  build/stm32f4xx_hal_flash.o
HAL_FLASH_Program                                 build/stm32f4xx_hal_flash.o
HAL_FLASH_Program_IT                              build/stm32f4xx_hal_flash.o
HAL_FLASH_Unlock                                  build/stm32f4xx_hal_flash.o
HAL_GPIO_DeInit                                   build/stm32f4xx_hal_gpio.o
                                                  build/stm32f4xx_hal_msp.o
HAL_GPIO_EXTI_Callback                            build/stm32f4xx_hal_gpio.o
HAL_GPIO_EXTI_IRQHandler                          build/stm32f4xx_hal_gpio.o
HAL_GPIO_Init                                     build/stm32f4xx_hal_gpio.o
                                                  build/stm32f4xx_hal_rcc.o
                                                  build/stm32f4xx_hal_msp.o
                                                  build/main.o
HAL_GPIO_LockPin                                  build/stm32f4xx_hal_gpio.o
HAL_GPIO_ReadPin                                  build/stm32f4xx_hal_gpio.o
HAL_GPIO_TogglePin                                build/stm32f4xx_hal_gpio.o
                                                  build/main.o
HAL_GPIO_WritePin                                 build/stm32f4xx_hal_gpio.o
                                                  build/main.o
HAL_GetDEVID                                      build/stm32f4xx_hal.o
HAL_GetHalVersion                                 build/stm32f4xx_hal.o
HAL_GetREVID                                      build/stm32f4xx_hal.o
HAL_GetTick                                       build/stm32f4xx_hal.o
                                                  build/stm32f4xx_hal_uart.o
                                                  build/stm32f4xx_hal_rcc_ex.o
                                                  build/stm32f4xx_hal_rcc.o
                                                  build/stm32f4xx_hal_pwr_ex.o
                                                  build/stm32f4xx_hal_flash.o
                                                  build/stm32f4xx_hal_dma.o
                                                  build/stm32f4xx_hal_adc_ex.o
                                                  build/stm32f4xx_hal_adc.o
HAL_GetTickFreq                                   build/stm32f4xx_hal.o
HAL_GetTickPrio                                   build/stm32f4xx_hal.o
HAL_GetUIDw0                                      build/stm32f4xx_hal.o
HAL_GetUIDw1                                      build/stm32f4xx_hal.o
HAL_GetUIDw2                                      build/stm32f4xx_hal.o
HAL_HalfDuplex_EnableReceiver                     build/stm32f4xx_hal_uart.o
HAL_HalfDuplex_EnableTransmitter                  build/stm32f4xx_hal_uart.o
HAL_HalfDuplex_Init                               build/stm32f4xx_hal_uart.o
HAL_IncTick                                       build/stm32f4xx_hal.o
                                                  build/stm32f4xx_it.o
HAL_Init                                          build/stm32f4xx_hal.o
                                                  build/main.o
HAL_InitTick                                      build/stm32f4xx_hal.o
                                                  build/stm32f4xx_hal_rcc_ex.o
                                                  build/stm32f4xx_hal_rcc.o
HAL_LIN_Init                                      build/stm32f4xx_hal_uart.o
HAL_LIN_SendBreak                                 build/stm32f4xx_hal_uart.o
HAL_MPU_ConfigRegion                              build/stm32f4xx_hal_cortex.o
HAL_MPU_Disable                                   build/stm32f4xx_hal_cortex.o
HAL_MPU_Enable                                    build/stm32f4xx_hal_cortex.o
HAL_MspDeInit                                     build/stm32f4xx_hal.o
HAL_MspInit                                       build/stm32f4xx_hal_msp.o
HAL_MultiProcessor_EnterMuteMode                  build/stm32f4xx_hal_uart.o
HAL_MultiProcessor_ExitMuteMode                   build/stm32f4xx_hal_uart.o
HAL_MultiProcessor_Init                           build/stm32f4xx_hal_uart.o
HAL_NVIC_ClearPendingIRQ                          build/stm32f4xx_hal_cortex.o
HAL_NVIC_DisableIRQ                               build/stm32f4xx_hal_cortex.o
                                                  build/stm32f4xx_hal_msp.o
HAL_NVIC_EnableIRQ                                build/stm32f4xx_hal_cortex.o
                                                  build/stm32f4xx_hal_msp.o
                                                  build/main.o
HAL_NVIC_GetActive                                build/stm32f4xx_hal_cortex.o
HAL_NVIC_GetPendingIRQ                            build/stm32f4xx_hal_cortex.o
HAL_NVIC_GetPriority                              build/stm32f4xx_hal_cortex.o
HAL_NVIC_GetPriorityGrouping                      build/stm32f4xx_hal_cortex.o
HAL_NVIC_SetPendingIRQ                            build/stm32f4xx_hal_cortex.o
HAL_NVIC_SetPriority                              build/stm32f4xx_hal_cortex.o
                                                  build/stm32f4xx_hal.o
                                                  build/stm32f4xx_hal_msp.o
                                                  build/main.o
HAL_NVIC_SetPriorityGrouping                      build/stm32f4xx_hal_cortex.o
                                                  build/stm32f4xx_hal.o
                                                  build/stm32f4xx_hal_msp.o
HAL_NVIC_SystemReset                              build/stm32f4xx_hal_cortex.o
HAL_PWREx_ControlVoltageScaling                   build/stm32f4xx_hal_pwr_ex.o
HAL_PWREx_DisableBkUpReg                          build/stm32f4xx_hal_pwr_ex.o
HAL_PWREx_DisableFlashPowerDown                   build/stm32f4xx_hal_pwr_ex.o
HAL_PWREx_DisableOverDrive                        build/stm32f4xx_hal_pwr_ex.o
HAL_PWREx_EnableBkUpReg                           build/stm32f4xx_hal_pwr_ex.o
HAL_PWREx_EnableFlashPowerDown                    build/stm32f4xx_hal_pwr_ex.o
HAL_PWREx_EnableOverDrive                         build/stm32f4xx_hal_pwr_ex.o
                                                  build/main.o
HAL_PWREx_EnterUnderDriveSTOPMode                 build/stm32f4xx_hal_pwr_ex.o
HAL_PWREx_GetVoltageRange                         build/stm32f4xx_hal_pwr_ex.o
HAL_PWR_ConfigPVD                                 build/stm32f4xx_hal_pwr.o
HAL_PWR_DeInit                                    build/stm32f4xx_hal_pwr.o
HAL_PWR_DisableBkUpAccess                         build/stm32f4xx_hal_pwr.o
HAL_PWR_DisablePVD                                build/stm32f4xx_hal_pwr.o
HAL_PWR_DisableSEVOnPend                          build/stm32f4xx_hal_pwr.o
HAL_PWR_DisableSleepOnExit                        build/stm32f4xx_hal_pwr.o
HAL_PWR_DisableWakeUpPin                          build/stm32f4xx_hal_pwr.o
HAL_PWR_EnableBkUpAccess                          build/stm32f4xx_hal_pwr.o
HAL_PWR_EnablePVD                                 build/stm32f4xx_hal_pwr.o
HAL_PWR_EnableSEVOnPend                           build/stm32f4xx_hal_pwr.o
HAL_PWR_EnableSleepOnExit                         build/stm32f4xx_hal_pwr.o
HAL_PWR_EnableWakeUpPin                           build/stm32f4xx_hal_pwr.o
HAL_PWR_EnterSLEEPMode                            build/stm32f4xx_hal_pwr.o
HAL_PWR_EnterSTANDBYMode                          build/stm32f4xx_hal_pwr.o
HAL_PWR_EnterSTOPMode                             build/stm32f4xx_hal_pwr.o
HAL_PWR_PVDCallback                               build/stm32f4xx_hal_pwr.o
HAL_PWR_PVD_IRQHandler                            build/stm32f4xx_hal_pwr.o
HAL_RCCEx_DisablePLLI2S                           build/stm32f4xx_hal_rcc_ex.o
HAL_RCCEx_DisablePLLSAI                           build/stm32f4xx_hal_rcc_ex.o
HAL_RCCEx_EnablePLLI2S                            build/stm32f4xx_hal_rcc_ex.o
HAL_RCCEx_EnablePLLSAI                            build/stm32f4xx_hal_rcc_ex.o
HAL_RCCEx_GetPeriphCLKConfig                      build/stm32f4xx_hal_rcc_ex.o
HAL_RCCEx_GetPeriphCLKFreq                        build/stm32f4xx_hal_rcc_ex.o
HAL_RCCEx_PeriphCLKConfig                         build/stm32f4xx_hal_rcc_ex.o
HAL_RCCEx_SelectLSEMode                           build/stm32f4xx_hal_rcc_ex.o
HAL_RCC_CSSCallback                               build/stm32f4xx_hal_rcc.o
HAL_RCC_ClockConfig                               build/stm32f4xx_hal_rcc.o
                                                  build/main.o
HAL_RCC_DeInit                                    build/stm32f4xx_hal_rcc_ex.o
                                                  build/stm32f4xx_hal_rcc.o
HAL_RCC_DisableCSS                                build/stm32f4xx_hal_rcc.o
HAL_RCC_EnableCSS                                 build/stm32f4xx_hal_rcc.o
HAL_RCC_GetClockConfig                            build/stm32f4xx_hal_rcc.o
HAL_RCC_GetHCLKFreq                               build/stm32f4xx_hal_rcc.o
HAL_RCC_GetOscConfig                              build/stm32f4xx_hal_rcc_ex.o
                                                  build/stm32f4xx_hal_rcc.o
HAL_RCC_GetPCLK1Freq                              build/stm32f4xx_hal_rcc.o
                                                  build/stm32f4xx_hal_uart.o
HAL_RCC_GetPCLK2Freq                              build/stm32f4xx_hal_rcc.o
                                                  build/stm32f4xx_hal_uart.o
HAL_RCC_GetSysClockFreq                           build/stm32f4xx_hal_rcc_ex.o
                                                  build/stm32f4xx_hal_rcc.o
HAL_RCC_MCOConfig                                 build/stm32f4xx_hal_rcc.o
HAL_RCC_NMI_IRQHandler                            build/stm32f4xx_hal_rcc.o
HAL_RCC_OscConfig                                 build/stm32f4xx_hal_rcc_ex.o
                                                  build/stm32f4xx_hal_rcc.o
                                                  build/main.o
HAL_ResumeTick                                    build/stm32f4xx_hal.o
HAL_SYSTICK_CLKSourceConfig                       build/stm32f4xx_hal_cortex.o
HAL_SYSTICK_Callback                              build/stm32f4xx_hal_cortex.o
HAL_SYSTICK_Config                                build/stm32f4xx_hal_cortex.o
                                                  build/stm32f4xx_hal.o
HAL_SYSTICK_IRQHandler                            build/stm32f4xx_hal_cortex.o
HAL_SetTickFreq                                   build/stm32f4xx_hal.o
HAL_SuspendTick                                   build/stm32f4xx_hal.o
HAL_TIMEx_BreakCallback                           build/stm32f4xx_hal_tim_ex.o
                                                  build/stm32f4xx_hal_tim.o
HAL_TIMEx_CommutCallback                          build/stm32f4xx_hal_tim_ex.o
                                                  build/stm32f4xx_hal_tim.o
HAL_TIMEx_CommutHalfCpltCallback                  build/stm32f4xx_hal_tim_ex.o
HAL_TIMEx_ConfigBreakDeadTime                     build/stm32f4xx_hal_tim_ex.o
HAL_TIMEx_ConfigCommutEvent                       build/stm32f4xx_hal_tim_ex.o
HAL_TIMEx_ConfigCommutEvent_DMA                   build/stm32f4xx_hal_tim_ex.o
HAL_TIMEx_ConfigCommutEvent_IT                    build/stm32f4xx_hal_tim_ex.o
HAL_TIMEx_GetChannelNState                        build/stm32f4xx_hal_tim_ex.o
HAL_TIMEx_HallSensor_DeInit                       build/stm32f4xx_hal_tim_ex.o
HAL_TIMEx_HallSensor_GetState                     build/stm32f4xx_hal_tim_ex.o
HAL_TIMEx_HallSensor_Init                         build/stm32f4xx_hal_tim_ex.o
HAL_TIMEx_HallSensor_MspDeInit                    build/stm32f4xx_hal_tim_ex.o
HAL_TIMEx_HallSensor_MspInit                      build/stm32f4xx_hal_tim_ex.o
HAL_TIMEx_HallSensor_Start                        build/stm32f4xx_hal_tim_ex.o
HAL_TIMEx_HallSensor_Start_DMA                    build/stm32f4xx_hal_tim_ex.o
HAL_TIMEx_HallSensor_Start_IT                     build/stm32f4xx_hal_tim_ex.o
HAL_TIMEx_HallSensor_Stop                         build/stm32f4xx_hal_tim_ex.o
HAL_TIMEx_HallSensor_Stop_DMA                     build/stm32f4xx_hal_tim_ex.o
HAL_TIMEx_HallSensor_Stop_IT                      build/stm32f4xx_hal_tim_ex.o
HAL_TIMEx_MasterConfigSynchronization             build/stm32f4xx_hal_tim_ex.o
                                                  build/main.o
HAL_TIMEx_OCN_Start                               build/stm32f4xx_hal_tim_ex.o
HAL_TIMEx_OCN_Start_DMA                           build/stm32f4xx_hal_tim_ex.o
HAL_TIMEx_OCN_Start_IT                            build/stm32f4xx_hal_tim_ex.o
HAL_TIMEx_OCN_Stop                                build/stm32f4xx_hal_tim_ex.o
HAL_TIMEx_OCN_Stop_DMA                            build/stm32f4xx_hal_tim_ex.o
HAL_TIMEx_OCN_Stop_IT                             build/stm32f4xx_hal_tim_ex.o
HAL_TIMEx_OnePulseN_Start                         build/stm32f4xx_hal_tim_ex.o
HAL_TIMEx_OnePulseN_Start_IT                      build/stm32f4xx_hal_tim_ex.o
HAL_TIMEx_OnePulseN_Stop                          build/stm32f4xx_hal_tim_ex.o
HAL_TIMEx_OnePulseN_Stop_IT                       build/stm32f4xx_hal_tim_ex.o
HAL_TIMEx_PWMN_Start                              build/stm32f4xx_hal_tim_ex.o
HAL_TIMEx_PWMN_Start_DMA                          build/stm32f4xx_hal_tim_ex.o
HAL_TIMEx_PWMN_Start_IT                           build/stm32f4xx_hal_tim_ex.o
HAL_TIMEx_PWMN_Stop                               build/stm32f4xx_hal_tim_ex.o
HAL_TIMEx_PWMN_Stop_DMA                           build/stm32f4xx_hal_tim_ex.o
HAL_TIMEx_PWMN_Stop_IT                            build/stm32f4xx_hal_tim_ex.o
HAL_TIMEx_RemapConfig                             build/stm32f4xx_hal_tim_ex.o
HAL_TIM_Base_DeInit                               build/stm32f4xx_hal_tim.o
HAL_TIM_Base_GetState                             build/stm32f4xx_hal_tim.o
HAL_TIM_Base_Init                                 build/stm32f4xx_hal_tim.o
                                                  build/main.o
HAL_TIM_Base_MspDeInit                            build/stm32f4xx_hal_msp.o
HAL_TIM_Base_MspInit                              build/stm32f4xx_hal_msp.o
HAL_TIM_Base_Start                                build/stm32f4xx_hal_tim.o
                                                  build/main.o
HAL_TIM_Base_Start_DMA                            build/stm32f4xx_hal_tim.o
HAL_TIM_Base_Start_IT                             build/stm32f4xx_hal_tim.o
HAL_TIM_Base_Stop                                 build/stm32f4xx_hal_tim.o
HAL_TIM_Base_Stop_DMA                             build/stm32f4xx_hal_tim.o
HAL_TIM_Base_Stop_IT                              build/stm32f4xx_hal_tim.o
HAL_TIM_ConfigClockSource                         build/stm32f4xx_hal_tim.o
                                                  build/main.o
HAL_TIM_ConfigOCrefClear                          build/stm32f4xx_hal_tim.o
HAL_TIM_ConfigTI1Input                            build/stm32f4xx_hal_tim.o
HAL_TIM_DMABurstState                             build/stm32f4xx_hal_tim.o
HAL_TIM_DMABurst_MultiReadStart                   build/stm32f4xx_hal_tim.o
HAL_TIM_DMABurst_MultiWriteStart                  build/stm32f4xx_hal_tim.o
HAL_TIM_DMABurst_ReadStart                        build/stm32f4xx_hal_tim.o
HAL_TIM_DMABurst_ReadStop                         build/stm32f4xx_hal_tim.o
HAL_TIM_DMABurst_WriteStart                       build/stm32f4xx_hal_tim.o
HAL_TIM_DMABurst_WriteStop                        build/stm32f4xx_hal_tim.o
HAL_TIM_Encoder_DeInit                            build/stm32f4xx_hal_tim.o
HAL_TIM_Encoder_GetState                          build/stm32f4xx_hal_tim.o
HAL_TIM_Encoder_Init                              build/stm32f4xx_hal_tim.o
HAL_TIM_Encoder_MspDeInit                         build/stm32f4xx_hal_tim.o
HAL_TIM_Encoder_MspInit                           build/stm32f4xx_hal_tim.o
HAL_TIM_Encoder_Start                             build/stm32f4xx_hal_tim.o
HAL_TIM_Encoder_Start_DMA                         build/stm32f4xx_hal_tim.o
HAL_TIM_Encoder_Start_IT                          build/stm32f4xx_hal_tim.o
HAL_TIM_Encoder_Stop                              build/stm32f4xx_hal_tim.o
HAL_TIM_Encoder_Stop_DMA                          build/stm32f4xx_hal_tim.o
HAL_TIM_Encoder_Stop_IT                           build/stm32f4xx_hal_tim.o
HAL_TIM_ErrorCallback                             build/stm32f4xx_hal_tim.o
                                                  build/stm32f4xx_hal_tim_ex.o
HAL_TIM_GenerateEvent                             build/stm32f4xx_hal_tim.o
HAL_TIM_GetActiveChannel                          build/stm32f4xx_hal_tim.o
HAL_TIM_GetChannelState                           build/stm32f4xx_hal_tim.o
HAL_TIM_IC_CaptureCallback                        build/stm32f4xx_hal_tim.o
HAL_TIM_IC_CaptureHalfCpltCallback                build/stm32f4xx_hal_tim.o
HAL_TIM_IC_ConfigChannel                          build/stm32f4xx_hal_tim.o
HAL_TIM_IC_DeInit                                 build/stm32f4xx_hal_tim.o
HAL_TIM_IC_GetState                               build/stm32f4xx_hal_tim.o
HAL_TIM_IC_Init                                   build/stm32f4xx_hal_tim.o
HAL_TIM_IC_MspDeInit                              build/stm32f4xx_hal_tim.o
HAL_TIM_IC_MspInit                                build/stm32f4xx_hal_tim.o
HAL_TIM_IC_Start                                  build/stm32f4xx_hal_tim.o
HAL_TIM_IC_Start_DMA                              build/stm32f4xx_hal_tim.o
HAL_TIM_IC_Start_IT                               build/stm32f4xx_hal_tim.o
HAL_TIM_IC_Stop                                   build/stm32f4xx_hal_tim.o
HAL_TIM_IC_Stop_DMA                               build/stm32f4xx_hal_tim.o
HAL_TIM_IC_Stop_IT                                build/stm32f4xx_hal_tim.o
HAL_TIM_IRQHandler                                build/stm32f4xx_hal_tim.o
                                                  build/stm32f4xx_it.o
HAL_TIM_OC_ConfigChannel                          build/stm32f4xx_hal_tim.o
HAL_TIM_OC_DeInit                                 build/stm32f4xx_hal_tim.o
HAL_TIM_OC_DelayElapsedCallback                   build/stm32f4xx_hal_tim.o
HAL_TIM_OC_GetState                               build/stm32f4xx_hal_tim.o
HAL_TIM_OC_Init                                   build/stm32f4xx_hal_tim.o
HAL_TIM_OC_MspDeInit                              build/stm32f4xx_hal_tim.o
HAL_TIM_OC_MspInit                                build/stm32f4xx_hal_tim.o
HAL_TIM_OC_Start                                  build/stm32f4xx_hal_tim.o
HAL_TIM_OC_Start_DMA                              build/stm32f4xx_hal_tim.o
HAL_TIM_OC_Start_IT                               build/stm32f4xx_hal_tim.o
HAL_TIM_OC_Stop                                   build/stm32f4xx_hal_tim.o
HAL_TIM_OC_Stop_DMA                               build/stm32f4xx_hal_tim.o
HAL_TIM_OC_Stop_IT                                build/stm32f4xx_hal_tim.o
HAL_TIM_OnePulse_ConfigChannel                    build/stm32f4xx_hal_tim.o
HAL_TIM_OnePulse_DeInit                           build/stm32f4xx_hal_tim.o
HAL_TIM_OnePulse_GetState                         build/stm32f4xx_hal_tim.o
HAL_TIM_OnePulse_Init                             build/stm32f4xx_hal_tim.o
HAL_TIM_OnePulse_MspDeInit                        build/stm32f4xx_hal_tim.o
HAL_TIM_OnePulse_MspInit                          build/stm32f4xx_hal_tim.o
HAL_TIM_OnePulse_Start                            build/stm32f4xx_hal_tim.o